******************************************************************************
                  TI ARM Linker PC v5.1.6                      
******************************************************************************
>> Linked Fri Jul 08 09:05:44 2016

OUTPUT FILE NAME:   <temperature8.out>
ENTRY POINT SYMBOL: "_c_int00"  address: 000023e1


MEMORY CONFIGURATION

         name            origin    length      used     unused   attr    fill
----------------------  --------  ---------  --------  --------  ----  --------
  FLASH                 00000000   00100000  00002c10  000fd3f0  R  X
  SRAM                  20000000   00040000  0000029f  0003fd61  RW X


SEGMENT ALLOCATION MAP

run origin  load origin   length   init length attrs members
----------  ----------- ---------- ----------- ----- -------
00000000    00000000    00002c10   00002c10    r-x
  00000000    00000000    00000208   00000208    r-- .intvecs
  00000208    00000208    000026dc   000026dc    r-x .text
  000028e4    000028e4    000002f4   000002f4    r-- .const
  00002bd8    00002bd8    00000038   00000038    r-- .cinit
20000000    20000000    000002a0   00000000    rw-
  20000000    20000000    00000200   00000000    rw- .stack
  20000200    20000200    00000083   00000000    rw- .bss
  20000284    20000284    0000001c   00000000    rw- .data


SECTION ALLOCATION MAP

 output                                  attributes/
section   page    origin      length       input sections
--------  ----  ----------  ----------   ----------------
.intvecs   0    00000000    00000208     
                  00000000    00000208     tm4c1294ncpdt_startup_ccs.obj (.intvecs)

.init_array 
*          0    00000000    00000000     UNINITIALIZED

.text      0    00000208    000026dc     
                  00000208    0000069c     LCM.obj (.text)
                  000008a4    0000049c     uartstdio.obj (.text)
                  00000d40    00000478     Button.obj (.text)
                  000011b8    00000288     PID.obj (.text)
                  00001440    00000250     Timer.obj (.text)
                  00001690    000001fc     driverlib.lib : sysctl.obj (.text:SysCtlClockFreqSet)
                  0000188c    000001b6     rtsv7M4_T_le_v4SPD16_eabi.lib : fd_add_t2.obj (.text)
                  00001a42    00000136                                   : fd_div_t2.obj (.text)
                  00001b78    00000130     driverlib.lib : gpio.obj (.text:GPIOPadConfigSet)
                  00001ca8    00000118                   : sysctl.obj (.text:SysCtlClockGet)
                  00001dc0    000000fc     main.obj (.text)
                  00001ebc    000000fc     rtsv7M4_T_le_v4SPD16_eabi.lib : fd_mul_t2.obj (.text)
                  00001fb8    0000009c                                   : memcpy_t2.obj (.text)
                  00002054    00000094                                   : auto_init.obj (.text)
                  000020e8    00000080     ADC.obj (.text)
                  00002168    00000080     driverlib.lib : adc.obj (.text:ADCSequenceStepConfigure)
                  000021e8    00000060                   : interrupt.obj (.text:IntEnable)
                  00002248    0000005e     rtsv7M4_T_le_v4SPD16_eabi.lib : copy_decompress_rle.obj (.text)
                  000022a6    00000002     --HOLE-- [fill = 0]
                  000022a8    0000005c     driverlib.lib : timer.obj (.text:TimerConfigure)
                  00002304    0000004a     rtsv7M4_T_le_v4SPD16_eabi.lib : fd_tos_t2.obj (.text)
                  0000234e    00000002     --HOLE-- [fill = 0]
                  00002350    00000048     driverlib.lib : gpio.obj (.text:GPIOPinConfigure)
                  00002398    00000048                   : sysctl.obj (.text:_SysCtlFrequencyGet)
                  000023e0    00000048     rtsv7M4_T_le_v4SPD16_eabi.lib : boot.obj (.text)
                  00002428    00000044     led.obj (.text)
                  0000246c    00000044     rtsv7M4_T_le_v4SPD16_eabi.lib : cpy_tbl.obj (.text)
                  000024b0    00000044                                   : exit.obj (.text)
                  000024f4    00000042                                   : u_divt2.obj (.text)
                  00002536    00000040     driverlib.lib : uart.obj (.text:UARTConfigSetExpClk)
                  00002576    0000003e                   : adc.obj (.text:ADCSequenceConfigure)
                  000025b4    00000038     UART.obj (.text)
                  000025ec    00000038     rtsv7M4_T_le_v4SPD16_eabi.lib : fs_tod_t2.obj (.text)
                  00002624    00000034     driverlib.lib : sysctl.obj (.text:SysCtlPeripheralEnable)
                  00002658    00000034                   : sysctl.obj (.text:SysCtlPeripheralPresent)
                  0000268c    00000030     Sys.obj (.text)
                  000026bc    0000002e     driverlib.lib : adc.obj (.text:ADCIntStatus)
                  000026ea    0000002a                   : gpio.obj (.text:GPIODirModeSet)
                  00002714    00000020     rtsv7M4_T_le_v4SPD16_eabi.lib : u_tofd_t2.obj (.text)
                  00002734    0000001e     driverlib.lib : adc.obj (.text:ADCSequenceDataGet)
                  00002752    00000002     --HOLE-- [fill = 0]
                  00002754    0000001c                   : uart.obj (.text:UARTDisable)
                  00002770    0000001c                   : sysctl.obj (.text:_SysCtlMemTimingGet)
                  0000278c    00000018                   : gpio.obj (.text:GPIOPinTypeGPIOOutput)
                  000027a4    00000018     rtsv7M4_T_le_v4SPD16_eabi.lib : args_main.obj (.text)
                  000027bc    00000016     driverlib.lib : adc.obj (.text:ADCProcessorTrigger)
                  000027d2    00000014                   : uart.obj (.text:UARTEnable)
                  000027e6    00000002     --HOLE-- [fill = 0]
                  000027e8    00000014     rtsv7M4_T_le_v4SPD16_eabi.lib : _lock.obj (.text)
                  000027fc    00000012     driverlib.lib : gpio.obj (.text:GPIOPinTypeADC)
                  0000280e    00000012                   : gpio.obj (.text:GPIOPinTypeGPIOInput)
                  00002820    00000012                   : gpio.obj (.text:GPIOPinTypeUART)
                  00002832    00000012                   : timer.obj (.text:TimerLoadSet)
                  00002844    00000012     rtsv7M4_T_le_v4SPD16_eabi.lib : copy_zero_init.obj (.text:decompress:ZI)
                  00002856    0000000e     driverlib.lib : adc.obj (.text:ADCSequenceEnable)
                  00002864    0000000e                   : timer.obj (.text:TimerEnable)
                  00002872    0000000e     rtsv7M4_T_le_v4SPD16_eabi.lib : copy_decompress_none.obj (.text:decompress:none)
                  00002880    0000000c     driverlib.lib : cpu.obj (.text:CPUcpsie)
                  0000288c    0000000c     tm4c1294ncpdt_startup_ccs.obj (.text)
                  00002898    0000000a     driverlib.lib : adc.obj (.text:ADCIntClear)
                  000028a2    0000000a                   : interrupt.obj (.text:IntMasterEnable)
                  000028ac    0000000a                   : uart.obj (.text:UARTCharGet)
                  000028b6    0000000a                   : uart.obj (.text:UARTCharPut)
                  000028c0    00000008                   : timer.obj (.text:TimerIntEnable)
                  000028c8    00000006                   : gpio.obj (.text:GPIOPinRead)
                  000028ce    00000006                   : gpio.obj (.text:GPIOPinWrite)
                  000028d4    00000006                   : sysctl.obj (.text:SysCtlDelay)
                  000028da    00000006     rtsv7M4_T_le_v4SPD16_eabi.lib : copy_decompress_rle.obj (.text:decompress:rle24)
                  000028e0    00000004     driverlib.lib : timer.obj (.text:TimerIntClear)

.const     0    000028e4    000002f4     
                  000028e4    00000120     driverlib.lib : sysctl.obj (.const:g_pppui32XTALtoVCO)
                  00002a04    00000090                   : gpio.obj (.const:g_pui32GPIOBaseAddrs)
                  00002a94    00000070                   : interrupt.obj (.const)
                  00002b04    0000006c                   : sysctl.obj (.const:g_pui32Xtals)
                  00002b70    00000030                   : sysctl.obj (.const:g_sXTALtoMEMTIM)
                  00002ba0    0000001c     uartstdio.obj (.const)
                  00002bbc    00000012     uartstdio.obj (.const:.string)
                  00002bce    00000002     --HOLE-- [fill = 0]
                  00002bd0    00000008     driverlib.lib : sysctl.obj (.const)

.cinit     0    00002bd8    00000038     
                  00002bd8    0000000f     (.cinit..data.load) [load image, compression = rle]
                  00002be7    00000001     --HOLE-- [fill = 0]
                  00002be8    0000000c     (__TI_handler_table)
                  00002bf4    00000004     --HOLE-- [fill = 0]
                  00002bf8    00000008     (.cinit..bss.load) [load image, compression = zero_init]
                  00002c00    00000010     (__TI_cinit_table)

.stack     0    20000000    00000200     UNINITIALIZED
                  20000000    00000200     --HOLE--

.bss       0    20000200    00000083     UNINITIALIZED
                  20000200    00000034     Timer.obj (.bss:pid)
                  20000234    00000014     (.common:tempc)
                  20000248    00000004     (.common:D_temp)
                  2000024c    00000004     (.common:I_temp)
                  20000250    00000004     (.common:P_temp)
                  20000254    00000004     (.common:T_set)
                  20000258    00000004     (.common:T_temp)
                  2000025c    00000004     (.common:TimerCounter)
                  20000260    00000004     (.common:Vout)
                  20000264    00000004     (.common:pidbz)
                  20000268    00000004     (.common:settemp1)
                  2000026c    00000004     (.common:speeda)
                  20000270    00000004     (.common:temp)
                  20000274    00000004     (.common:tempz)
                  20000278    00000004     (.common:ton)
                  2000027c    00000004     (.common:ui32SysClock)
                  20000280    00000001     (.common:Flag)
                  20000281    00000001     (.common:Label)
                  20000282    00000001     (.common:TimerIntFlag)

.data      0    20000284    0000001c     UNINITIALIZED
                  20000284    00000008     rtsv7M4_T_le_v4SPD16_eabi.lib : _lock.obj (.data)
                  2000028c    00000008                                   : exit.obj (.data)
                  20000294    00000005     uartstdio.obj (.data)
                  20000299    00000003     --HOLE--
                  2000029c    00000004     rtsv7M4_T_le_v4SPD16_eabi.lib : stkdepth_vars.obj (.data)


LINKER GENERATED COPY TABLES

__TI_cinit_table @ 00002c00 records: 2, size/record: 8, table size: 16
	.data: load addr=00002bd8, load size=0000000f bytes, run addr=20000284, run size=0000001c bytes, compression=rle
	.bss: load addr=00002bf8, load size=00000008 bytes, run addr=20000200, run size=00000083 bytes, compression=zero_init


LINKER GENERATED HANDLER TABLE

__TI_handler_table @ 00002be8 records: 3, size/record: 4, table size: 12
	index: 0, handler: __TI_decompress_rle24
	index: 1, handler: __TI_decompress_none
	index: 2, handler: __TI_zero_init


GLOBAL SYMBOLS: SORTED ALPHABETICALLY BY Name 

address    name
--------   ----
00002899   ADCIntClear
000026bd   ADCIntStatus
000027bd   ADCProcessorTrigger
00002577   ADCSequenceConfigure
00002735   ADCSequenceDataGet
00002857   ADCSequenceEnable
00002169   ADCSequenceStepConfigure
000020e9   ADC_Init
00002129   ADC_SampleValue
00000d41   Button_Init
00000dad   Button_J1
00000e95   Button_J2
00000f9d   Button_J3
000010d9   Button_J4
00000d6f   Button_Scan
000010fd   Button_run
000024b1   C$$EXIT
00002881   CPUcpsie
20000248   D_temp
0000269d   DelayMs
20000280   Flag
000026eb   GPIODirModeSet
00001b79   GPIOPadConfigSet
00002351   GPIOPinConfigure
000028c9   GPIOPinRead
000027fd   GPIOPinTypeADC
0000280f   GPIOPinTypeGPIOInput
0000278d   GPIOPinTypeGPIOOutput
00002821   GPIOPinTypeUART
000028cf   GPIOPinWrite
2000024c   I_temp
000021e9   IntEnable
000028a3   IntMasterEnable
00002429   LED_Init
0000244f   LED_Off
0000243b   LED_On
20000281   Label
000011b9   PID_Init
0000122b   PID_realize
20000250   P_temp
0000288d   ResetISR
UNDEFED    SHT$$INIT_ARRAY$$Base
UNDEFED    SHT$$INIT_ARRAY$$Limit
0000268d   SysClock_Init
00001691   SysCtlClockFreqSet
00001ca9   SysCtlClockGet
000028d5   SysCtlDelay
00002625   SysCtlPeripheralEnable
00002659   SysCtlPeripheralPresent
00001491   TIMER0B_Handler
00001441   TIMER_Init
20000254   T_set
20000258   T_temp
000022a9   TimerConfigure
2000025c   TimerCounter
00002865   TimerEnable
000028e1   TimerIntClear
000028c1   TimerIntEnable
20000282   TimerIntFlag
00002833   TimerLoadSet
000028ad   UARTCharGet
000028b7   UARTCharPut
00002537   UARTConfigSetExpClk
00002755   UARTDisable
000027d3   UARTEnable
000008a5   UARTStdioConfig
000025b5   UART_Init
000009eb   UARTgetc
00000931   UARTgets
00000d0b   UARTprintf
00000a11   UARTvprintf
000008eb   UARTwrite
20000260   Vout
000002ff   W_RS
00000293   Write1byte
000003c9   WriteChar
000005cd   WriteFloat
00000481   WriteNum
0000034d   WriteStr
20000200   __STACK_END
00000200   __STACK_SIZE
20000200   __STACK_TOP
00002c00   __TI_CINIT_Base
00002c10   __TI_CINIT_Limit
00002be8   __TI_Handler_Table_Base
00002bf4   __TI_Handler_Table_Limit
00000001   __TI_args_main
00002055   __TI_auto_init
2000028c   __TI_cleanup_ptr
00002873   __TI_decompress_none
000028db   __TI_decompress_rle24
20000290   __TI_dtors_ptr
00000000   __TI_static_base__
00002845   __TI_zero_init
00002305   __aeabi_d2f
00001897   __aeabi_dadd
00001a43   __aeabi_ddiv
00001ebd   __aeabi_dmul
0000188d   __aeabi_dsub
000025ed   __aeabi_f2d
00001fb9   __aeabi_memcpy
00001fb9   __aeabi_memcpy4
00001fb9   __aeabi_memcpy8
00002715   __aeabi_ui2d
000024f5   __aeabi_uidivmod
ffffffff   __binit__
ffffffff   __c_args__
20000000   __stack
000027a5   _args_main
000023e1   _c_int00
20000284   _lock
000027f7   _nop
000027ef   _register_lock
000027e9   _register_unlock
20000288   _unlock
000024b5   abort
ffffffff   binit
0000246d   copy_in
00000209   delay_Nms
000024bd   exit
00000000   g_pfnVectors
00000439   init_12864
0000023b   init_12864IO
00001dc1   main
2000029c   main_func_sp
00001fb9   memcpy
20000200   pid
20000264   pidbz
20000268   settemp1
2000026c   speeda
20000270   temp
20000234   tempc
20000274   tempz
20000278   ton
2000027c   ui32SysClock


GLOBAL SYMBOLS: SORTED BY Symbol Address 

address    name
--------   ----
00000000   __TI_static_base__
00000000   g_pfnVectors
00000001   __TI_args_main
00000200   __STACK_SIZE
00000209   delay_Nms
0000023b   init_12864IO
00000293   Write1byte
000002ff   W_RS
0000034d   WriteStr
000003c9   WriteChar
00000439   init_12864
00000481   WriteNum
000005cd   WriteFloat
000008a5   UARTStdioConfig
000008eb   UARTwrite
00000931   UARTgets
000009eb   UARTgetc
00000a11   UARTvprintf
00000d0b   UARTprintf
00000d41   Button_Init
00000d6f   Button_Scan
00000dad   Button_J1
00000e95   Button_J2
00000f9d   Button_J3
000010d9   Button_J4
000010fd   Button_run
000011b9   PID_Init
0000122b   PID_realize
00001441   TIMER_Init
00001491   TIMER0B_Handler
00001691   SysCtlClockFreqSet
0000188d   __aeabi_dsub
00001897   __aeabi_dadd
00001a43   __aeabi_ddiv
00001b79   GPIOPadConfigSet
00001ca9   SysCtlClockGet
00001dc1   main
00001ebd   __aeabi_dmul
00001fb9   __aeabi_memcpy
00001fb9   __aeabi_memcpy4
00001fb9   __aeabi_memcpy8
00001fb9   memcpy
00002055   __TI_auto_init
000020e9   ADC_Init
00002129   ADC_SampleValue
00002169   ADCSequenceStepConfigure
000021e9   IntEnable
000022a9   TimerConfigure
00002305   __aeabi_d2f
00002351   GPIOPinConfigure
000023e1   _c_int00
00002429   LED_Init
0000243b   LED_On
0000244f   LED_Off
0000246d   copy_in
000024b1   C$$EXIT
000024b5   abort
000024bd   exit
000024f5   __aeabi_uidivmod
00002537   UARTConfigSetExpClk
00002577   ADCSequenceConfigure
000025b5   UART_Init
000025ed   __aeabi_f2d
00002625   SysCtlPeripheralEnable
00002659   SysCtlPeripheralPresent
0000268d   SysClock_Init
0000269d   DelayMs
000026bd   ADCIntStatus
000026eb   GPIODirModeSet
00002715   __aeabi_ui2d
00002735   ADCSequenceDataGet
00002755   UARTDisable
0000278d   GPIOPinTypeGPIOOutput
000027a5   _args_main
000027bd   ADCProcessorTrigger
000027d3   UARTEnable
000027e9   _register_unlock
000027ef   _register_lock
000027f7   _nop
000027fd   GPIOPinTypeADC
0000280f   GPIOPinTypeGPIOInput
00002821   GPIOPinTypeUART
00002833   TimerLoadSet
00002845   __TI_zero_init
00002857   ADCSequenceEnable
00002865   TimerEnable
00002873   __TI_decompress_none
00002881   CPUcpsie
0000288d   ResetISR
00002899   ADCIntClear
000028a3   IntMasterEnable
000028ad   UARTCharGet
000028b7   UARTCharPut
000028c1   TimerIntEnable
000028c9   GPIOPinRead
000028cf   GPIOPinWrite
000028d5   SysCtlDelay
000028db   __TI_decompress_rle24
000028e1   TimerIntClear
00002be8   __TI_Handler_Table_Base
00002bf4   __TI_Handler_Table_Limit
00002c00   __TI_CINIT_Base
00002c10   __TI_CINIT_Limit
20000000   __stack
20000200   __STACK_END
20000200   __STACK_TOP
20000200   pid
20000234   tempc
20000248   D_temp
2000024c   I_temp
20000250   P_temp
20000254   T_set
20000258   T_temp
2000025c   TimerCounter
20000260   Vout
20000264   pidbz
20000268   settemp1
2000026c   speeda
20000270   temp
20000274   tempz
20000278   ton
2000027c   ui32SysClock
20000280   Flag
20000281   Label
20000282   TimerIntFlag
20000284   _lock
20000288   _unlock
2000028c   __TI_cleanup_ptr
20000290   __TI_dtors_ptr
2000029c   main_func_sp
ffffffff   __binit__
ffffffff   __c_args__
ffffffff   binit
UNDEFED    SHT$$INIT_ARRAY$$Base
UNDEFED    SHT$$INIT_ARRAY$$Limit

[135 symbols]
