<?xml version="1.0"?>
<link_info>
   <banner>TI ARM Linker PC v5.1.6</banner>
   <copyright>Copyright (c) 1996-2014 Texas Instruments Incorporated</copyright>
   <link_time>0x577d0523</link_time>
   <link_errors>0x0</link_errors>
   <output_file>temperature.out</output_file>
   <entry_point>
      <name>_c_int00</name>
      <address>0x24d5</address>
   </entry_point>
   <input_file_list>
      <input_file id="fl-2">
         <path>.\</path>
         <kind>object</kind>
         <file>main.obj</file>
         <name>main.obj</name>
      </input_file>
      <input_file id="fl-3">
         <path>.\</path>
         <kind>object</kind>
         <file>tm4c1294ncpdt_startup_ccs.obj</file>
         <name>tm4c1294ncpdt_startup_ccs.obj</name>
      </input_file>
      <input_file id="fl-4">
         <path>.\</path>
         <kind>object</kind>
         <file>uartstdio.obj</file>
         <name>uartstdio.obj</name>
      </input_file>
      <input_file id="fl-5">
         <path>.\User\</path>
         <kind>object</kind>
         <file>ADC.obj</file>
         <name>ADC.obj</name>
      </input_file>
      <input_file id="fl-6">
         <path>.\User\</path>
         <kind>object</kind>
         <file>Button.obj</file>
         <name>Button.obj</name>
      </input_file>
      <input_file id="fl-7">
         <path>.\User\</path>
         <kind>object</kind>
         <file>LCM.obj</file>
         <name>LCM.obj</name>
      </input_file>
      <input_file id="fl-8">
         <path>.\User\</path>
         <kind>object</kind>
         <file>PID.obj</file>
         <name>PID.obj</name>
      </input_file>
      <input_file id="fl-9">
         <path>.\User\</path>
         <kind>object</kind>
         <file>Sys.obj</file>
         <name>Sys.obj</name>
      </input_file>
      <input_file id="fl-a">
         <path>.\User\</path>
         <kind>object</kind>
         <file>Timer.obj</file>
         <name>Timer.obj</name>
      </input_file>
      <input_file id="fl-b">
         <path>.\User\</path>
         <kind>object</kind>
         <file>UART.obj</file>
         <name>UART.obj</name>
      </input_file>
      <input_file id="fl-c">
         <path>.\User\</path>
         <kind>object</kind>
         <file>led.obj</file>
         <name>led.obj</name>
      </input_file>
      <input_file id="fl-13a">
         <path>c:\ti\ccsv6\tools\compiler\arm_5.1.6\lib\</path>
         <kind>archive</kind>
         <file>rtsv7M4_T_le_v4SPD16_eabi.lib</file>
         <name>boot.obj</name>
      </input_file>
      <input_file id="fl-13b">
         <path>c:\ti\ccsv6\tools\compiler\arm_5.1.6\lib\</path>
         <kind>archive</kind>
         <file>rtsv7M4_T_le_v4SPD16_eabi.lib</file>
         <name>copy_decompress_none.obj</name>
      </input_file>
      <input_file id="fl-13c">
         <path>c:\ti\ccsv6\tools\compiler\arm_5.1.6\lib\</path>
         <kind>archive</kind>
         <file>rtsv7M4_T_le_v4SPD16_eabi.lib</file>
         <name>copy_decompress_rle.obj</name>
      </input_file>
      <input_file id="fl-13d">
         <path>c:\ti\ccsv6\tools\compiler\arm_5.1.6\lib\</path>
         <kind>archive</kind>
         <file>rtsv7M4_T_le_v4SPD16_eabi.lib</file>
         <name>copy_zero_init.obj</name>
      </input_file>
      <input_file id="fl-13e">
         <path>c:\ti\ccsv6\tools\compiler\arm_5.1.6\lib\</path>
         <kind>archive</kind>
         <file>rtsv7M4_T_le_v4SPD16_eabi.lib</file>
         <name>exit.obj</name>
      </input_file>
      <input_file id="fl-13f">
         <path>c:\ti\ccsv6\tools\compiler\arm_5.1.6\lib\</path>
         <kind>archive</kind>
         <file>rtsv7M4_T_le_v4SPD16_eabi.lib</file>
         <name>fd_add_t2.obj</name>
      </input_file>
      <input_file id="fl-140">
         <path>c:\ti\ccsv6\tools\compiler\arm_5.1.6\lib\</path>
         <kind>archive</kind>
         <file>rtsv7M4_T_le_v4SPD16_eabi.lib</file>
         <name>fd_cmp_t2.obj</name>
      </input_file>
      <input_file id="fl-141">
         <path>c:\ti\ccsv6\tools\compiler\arm_5.1.6\lib\</path>
         <kind>archive</kind>
         <file>rtsv7M4_T_le_v4SPD16_eabi.lib</file>
         <name>fd_div_t2.obj</name>
      </input_file>
      <input_file id="fl-142">
         <path>c:\ti\ccsv6\tools\compiler\arm_5.1.6\lib\</path>
         <kind>archive</kind>
         <file>rtsv7M4_T_le_v4SPD16_eabi.lib</file>
         <name>fd_mul_t2.obj</name>
      </input_file>
      <input_file id="fl-143">
         <path>c:\ti\ccsv6\tools\compiler\arm_5.1.6\lib\</path>
         <kind>archive</kind>
         <file>rtsv7M4_T_le_v4SPD16_eabi.lib</file>
         <name>fd_tos_t2.obj</name>
      </input_file>
      <input_file id="fl-144">
         <path>c:\ti\ccsv6\tools\compiler\arm_5.1.6\lib\</path>
         <kind>archive</kind>
         <file>rtsv7M4_T_le_v4SPD16_eabi.lib</file>
         <name>fs_tod_t2.obj</name>
      </input_file>
      <input_file id="fl-145">
         <path>c:\ti\ccsv6\tools\compiler\arm_5.1.6\lib\</path>
         <kind>archive</kind>
         <file>rtsv7M4_T_le_v4SPD16_eabi.lib</file>
         <name>i_tofd_t2.obj</name>
      </input_file>
      <input_file id="fl-146">
         <path>c:\ti\ccsv6\tools\compiler\arm_5.1.6\lib\</path>
         <kind>archive</kind>
         <file>rtsv7M4_T_le_v4SPD16_eabi.lib</file>
         <name>memcpy_t2.obj</name>
      </input_file>
      <input_file id="fl-147">
         <path>c:\ti\ccsv6\tools\compiler\arm_5.1.6\lib\</path>
         <kind>archive</kind>
         <file>rtsv7M4_T_le_v4SPD16_eabi.lib</file>
         <name>stkdepth_vars.obj</name>
      </input_file>
      <input_file id="fl-148">
         <path>c:\ti\ccsv6\tools\compiler\arm_5.1.6\lib\</path>
         <kind>archive</kind>
         <file>rtsv7M4_T_le_v4SPD16_eabi.lib</file>
         <name>u_divt2.obj</name>
      </input_file>
      <input_file id="fl-149">
         <path>c:\ti\ccsv6\tools\compiler\arm_5.1.6\lib\</path>
         <kind>archive</kind>
         <file>rtsv7M4_T_le_v4SPD16_eabi.lib</file>
         <name>u_tofd_t2.obj</name>
      </input_file>
      <input_file id="fl-14a">
         <path>c:\ti\ccsv6\tools\compiler\arm_5.1.6\lib\</path>
         <kind>archive</kind>
         <file>rtsv7M4_T_le_v4SPD16_eabi.lib</file>
         <name>_lock.obj</name>
      </input_file>
      <input_file id="fl-14b">
         <path>c:\ti\ccsv6\tools\compiler\arm_5.1.6\lib\</path>
         <kind>archive</kind>
         <file>rtsv7M4_T_le_v4SPD16_eabi.lib</file>
         <name>args_main.obj</name>
      </input_file>
      <input_file id="fl-14c">
         <path>c:\ti\ccsv6\tools\compiler\arm_5.1.6\lib\</path>
         <kind>archive</kind>
         <file>rtsv7M4_T_le_v4SPD16_eabi.lib</file>
         <name>auto_init.obj</name>
      </input_file>
      <input_file id="fl-14d">
         <path>c:\ti\ccsv6\tools\compiler\arm_5.1.6\lib\</path>
         <kind>archive</kind>
         <file>rtsv7M4_T_le_v4SPD16_eabi.lib</file>
         <name>cpy_tbl.obj</name>
      </input_file>
      <input_file id="fl-14e">
         <path>C:\ti\TivaWare_C_Series-2.1.0.12573\driverlib\ccs\Debug\</path>
         <kind>archive</kind>
         <file>driverlib.lib</file>
         <name>uart.obj</name>
      </input_file>
      <input_file id="fl-14f">
         <path>C:\ti\TivaWare_C_Series-2.1.0.12573\driverlib\ccs\Debug\</path>
         <kind>archive</kind>
         <file>driverlib.lib</file>
         <name>timer.obj</name>
      </input_file>
      <input_file id="fl-150">
         <path>C:\ti\TivaWare_C_Series-2.1.0.12573\driverlib\ccs\Debug\</path>
         <kind>archive</kind>
         <file>driverlib.lib</file>
         <name>sysctl.obj</name>
      </input_file>
      <input_file id="fl-151">
         <path>C:\ti\TivaWare_C_Series-2.1.0.12573\driverlib\ccs\Debug\</path>
         <kind>archive</kind>
         <file>driverlib.lib</file>
         <name>interrupt.obj</name>
      </input_file>
      <input_file id="fl-152">
         <path>C:\ti\TivaWare_C_Series-2.1.0.12573\driverlib\ccs\Debug\</path>
         <kind>archive</kind>
         <file>driverlib.lib</file>
         <name>gpio.obj</name>
      </input_file>
      <input_file id="fl-153">
         <path>C:\ti\TivaWare_C_Series-2.1.0.12573\driverlib\ccs\Debug\</path>
         <kind>archive</kind>
         <file>driverlib.lib</file>
         <name>cpu.obj</name>
      </input_file>
      <input_file id="fl-154">
         <path>C:\ti\TivaWare_C_Series-2.1.0.12573\driverlib\ccs\Debug\</path>
         <kind>archive</kind>
         <file>driverlib.lib</file>
         <name>adc.obj</name>
      </input_file>
   </input_file_list>
   <object_component_list>
      <object_component id="oc-e">
         <name>.intvecs</name>
         <load_address>0x0</load_address>
         <run_address>0x0</run_address>
         <size>0x208</size>
         <input_file_ref idref="fl-3"/>
      </object_component>
      <object_component id="oc-c9">
         <name>.text</name>
         <load_address>0x208</load_address>
         <run_address>0x208</run_address>
         <size>0x69c</size>
         <input_file_ref idref="fl-7"/>
      </object_component>
      <object_component id="oc-cf">
         <name>.text</name>
         <load_address>0x8a4</load_address>
         <run_address>0x8a4</run_address>
         <size>0x49c</size>
         <input_file_ref idref="fl-4"/>
      </object_component>
      <object_component id="oc-98">
         <name>.text</name>
         <load_address>0xd40</load_address>
         <run_address>0xd40</run_address>
         <size>0x46c</size>
         <input_file_ref idref="fl-6"/>
      </object_component>
      <object_component id="oc-c3">
         <name>.text</name>
         <load_address>0x11ac</load_address>
         <run_address>0x11ac</run_address>
         <size>0x24c</size>
         <input_file_ref idref="fl-8"/>
      </object_component>
      <object_component id="oc-100">
         <name>.text</name>
         <load_address>0x13f8</load_address>
         <run_address>0x13f8</run_address>
         <size>0x210</size>
         <input_file_ref idref="fl-2"/>
      </object_component>
      <object_component id="oc-15e">
         <name>.text:SysCtlClockFreqSet</name>
         <load_address>0x1608</load_address>
         <run_address>0x1608</run_address>
         <size>0x1fc</size>
         <input_file_ref idref="fl-150"/>
      </object_component>
      <object_component id="oc-2f">
         <name>.text</name>
         <load_address>0x1804</load_address>
         <run_address>0x1804</run_address>
         <size>0x1f0</size>
         <input_file_ref idref="fl-a"/>
      </object_component>
      <object_component id="oc-b9">
         <name>.text</name>
         <load_address>0x19f4</load_address>
         <run_address>0x19f4</run_address>
         <size>0x1b6</size>
         <input_file_ref idref="fl-13f"/>
      </object_component>
      <object_component id="oc-b4">
         <name>.text</name>
         <load_address>0x1baa</load_address>
         <run_address>0x1baa</run_address>
         <size>0x136</size>
         <input_file_ref idref="fl-141"/>
      </object_component>
      <object_component id="oc-24b">
         <name>.text:GPIOPadConfigSet</name>
         <load_address>0x1ce0</load_address>
         <run_address>0x1ce0</run_address>
         <size>0x130</size>
         <input_file_ref idref="fl-152"/>
      </object_component>
      <object_component id="oc-1c3">
         <name>.text:SysCtlClockGet</name>
         <load_address>0x1e10</load_address>
         <run_address>0x1e10</run_address>
         <size>0x118</size>
         <input_file_ref idref="fl-150"/>
      </object_component>
      <object_component id="oc-af">
         <name>.text</name>
         <load_address>0x1f28</load_address>
         <run_address>0x1f28</run_address>
         <size>0xfc</size>
         <input_file_ref idref="fl-142"/>
      </object_component>
      <object_component id="oc-4d">
         <name>.text</name>
         <load_address>0x2024</load_address>
         <run_address>0x2024</run_address>
         <size>0x9c</size>
         <input_file_ref idref="fl-146"/>
      </object_component>
      <object_component id="oc-38">
         <name>.text</name>
         <load_address>0x20c0</load_address>
         <run_address>0x20c0</run_address>
         <size>0x94</size>
         <input_file_ref idref="fl-14c"/>
      </object_component>
      <object_component id="oc-1b2">
         <name>.text:__aeabi_cdcmple</name>
         <load_address>0x2154</load_address>
         <run_address>0x2154</run_address>
         <size>0x86</size>
         <input_file_ref idref="fl-140"/>
      </object_component>
      <object_component id="oc-a4">
         <name>.text</name>
         <load_address>0x21dc</load_address>
         <run_address>0x21dc</run_address>
         <size>0x80</size>
         <input_file_ref idref="fl-5"/>
      </object_component>
      <object_component id="oc-183">
         <name>.text:ADCSequenceStepConfigure</name>
         <load_address>0x225c</load_address>
         <run_address>0x225c</run_address>
         <size>0x80</size>
         <input_file_ref idref="fl-154"/>
      </object_component>
      <object_component id="oc-8c">
         <name>.text:IntEnable</name>
         <load_address>0x22dc</load_address>
         <run_address>0x22dc</run_address>
         <size>0x60</size>
         <input_file_ref idref="fl-151"/>
      </object_component>
      <object_component id="oc-60">
         <name>.text</name>
         <load_address>0x233c</load_address>
         <run_address>0x233c</run_address>
         <size>0x5e</size>
         <input_file_ref idref="fl-13c"/>
      </object_component>
      <object_component id="oc-74">
         <name>.text:TimerConfigure</name>
         <load_address>0x239c</load_address>
         <run_address>0x239c</run_address>
         <size>0x5c</size>
         <input_file_ref idref="fl-14f"/>
      </object_component>
      <object_component id="oc-be">
         <name>.text</name>
         <load_address>0x23f8</load_address>
         <run_address>0x23f8</run_address>
         <size>0x4a</size>
         <input_file_ref idref="fl-143"/>
      </object_component>
      <object_component id="oc-2ac">
         <name>.text:GPIOPinConfigure</name>
         <load_address>0x2444</load_address>
         <run_address>0x2444</run_address>
         <size>0x48</size>
         <input_file_ref idref="fl-152"/>
      </object_component>
      <object_component id="oc-261">
         <name>.text:_SysCtlFrequencyGet</name>
         <load_address>0x248c</load_address>
         <run_address>0x248c</run_address>
         <size>0x48</size>
         <input_file_ref idref="fl-150"/>
      </object_component>
      <object_component id="oc-11">
         <name>.text</name>
         <load_address>0x24d4</load_address>
         <run_address>0x24d4</run_address>
         <size>0x48</size>
         <input_file_ref idref="fl-13a"/>
      </object_component>
      <object_component id="oc-214">
         <name>.text</name>
         <load_address>0x251c</load_address>
         <run_address>0x251c</run_address>
         <size>0x44</size>
         <input_file_ref idref="fl-c"/>
      </object_component>
      <object_component id="oc-f9">
         <name>.text</name>
         <load_address>0x2560</load_address>
         <run_address>0x2560</run_address>
         <size>0x44</size>
         <input_file_ref idref="fl-14d"/>
      </object_component>
      <object_component id="oc-43">
         <name>.text</name>
         <load_address>0x25a4</load_address>
         <run_address>0x25a4</run_address>
         <size>0x44</size>
         <input_file_ref idref="fl-13e"/>
      </object_component>
      <object_component id="oc-1fc">
         <name>.text</name>
         <load_address>0x25e8</load_address>
         <run_address>0x25e8</run_address>
         <size>0x42</size>
         <input_file_ref idref="fl-148"/>
      </object_component>
      <object_component id="oc-1de">
         <name>.text:UARTConfigSetExpClk</name>
         <load_address>0x262a</load_address>
         <run_address>0x262a</run_address>
         <size>0x40</size>
         <input_file_ref idref="fl-14e"/>
      </object_component>
      <object_component id="oc-17d">
         <name>.text:ADCSequenceConfigure</name>
         <load_address>0x266a</load_address>
         <run_address>0x266a</run_address>
         <size>0x3e</size>
         <input_file_ref idref="fl-154"/>
      </object_component>
      <object_component id="oc-21a">
         <name>.text</name>
         <load_address>0x26a8</load_address>
         <run_address>0x26a8</run_address>
         <size>0x38</size>
         <input_file_ref idref="fl-b"/>
      </object_component>
      <object_component id="oc-14e">
         <name>.text</name>
         <load_address>0x26e0</load_address>
         <run_address>0x26e0</run_address>
         <size>0x38</size>
         <input_file_ref idref="fl-144"/>
      </object_component>
      <object_component id="oc-6e">
         <name>.text:SysCtlPeripheralEnable</name>
         <load_address>0x2718</load_address>
         <run_address>0x2718</run_address>
         <size>0x34</size>
         <input_file_ref idref="fl-150"/>
      </object_component>
      <object_component id="oc-1d8">
         <name>.text:SysCtlPeripheralPresent</name>
         <load_address>0x274c</load_address>
         <run_address>0x274c</run_address>
         <size>0x34</size>
         <input_file_ref idref="fl-150"/>
      </object_component>
      <object_component id="oc-9e">
         <name>.text</name>
         <load_address>0x2780</load_address>
         <run_address>0x2780</run_address>
         <size>0x30</size>
         <input_file_ref idref="fl-9"/>
      </object_component>
      <object_component id="oc-19b">
         <name>.text:ADCIntStatus</name>
         <load_address>0x27b0</load_address>
         <run_address>0x27b0</run_address>
         <size>0x2e</size>
         <input_file_ref idref="fl-154"/>
      </object_component>
      <object_component id="oc-1ad">
         <name>.text</name>
         <load_address>0x27de</load_address>
         <run_address>0x27de</run_address>
         <size>0x2e</size>
         <input_file_ref idref="fl-145"/>
      </object_component>
      <object_component id="oc-245">
         <name>.text:GPIODirModeSet</name>
         <load_address>0x280c</load_address>
         <run_address>0x280c</run_address>
         <size>0x2a</size>
         <input_file_ref idref="fl-152"/>
      </object_component>
      <object_component id="oc-aa">
         <name>.text</name>
         <load_address>0x2836</load_address>
         <run_address>0x2836</run_address>
         <size>0x20</size>
         <input_file_ref idref="fl-149"/>
      </object_component>
      <object_component id="oc-1a1">
         <name>.text:ADCSequenceDataGet</name>
         <load_address>0x2856</load_address>
         <run_address>0x2856</run_address>
         <size>0x1e</size>
         <input_file_ref idref="fl-154"/>
      </object_component>
      <object_component id="oc-28f">
         <name>.text:UARTDisable</name>
         <load_address>0x2874</load_address>
         <run_address>0x2874</run_address>
         <size>0x1c</size>
         <input_file_ref idref="fl-14e"/>
      </object_component>
      <object_component id="oc-25b">
         <name>.text:_SysCtlMemTimingGet</name>
         <load_address>0x2890</load_address>
         <run_address>0x2890</run_address>
         <size>0x1c</size>
         <input_file_ref idref="fl-150"/>
      </object_component>
      <object_component id="oc-1c9">
         <name>.text:GPIOPinTypeGPIOOutput</name>
         <load_address>0x28ac</load_address>
         <run_address>0x28ac</run_address>
         <size>0x18</size>
         <input_file_ref idref="fl-152"/>
      </object_component>
      <object_component id="oc-3d">
         <name>.text</name>
         <load_address>0x28c4</load_address>
         <run_address>0x28c4</run_address>
         <size>0x18</size>
         <input_file_ref idref="fl-14b"/>
      </object_component>
      <object_component id="oc-195">
         <name>.text:ADCProcessorTrigger</name>
         <load_address>0x28dc</load_address>
         <run_address>0x28dc</run_address>
         <size>0x16</size>
         <input_file_ref idref="fl-154"/>
      </object_component>
      <object_component id="oc-1e4">
         <name>.text:UARTEnable</name>
         <load_address>0x28f2</load_address>
         <run_address>0x28f2</run_address>
         <size>0x14</size>
         <input_file_ref idref="fl-14e"/>
      </object_component>
      <object_component id="oc-229">
         <name>.text</name>
         <load_address>0x2908</load_address>
         <run_address>0x2908</run_address>
         <size>0x14</size>
         <input_file_ref idref="fl-14a"/>
      </object_component>
      <object_component id="oc-177">
         <name>.text:GPIOPinTypeADC</name>
         <load_address>0x291c</load_address>
         <run_address>0x291c</run_address>
         <size>0x12</size>
         <input_file_ref idref="fl-152"/>
      </object_component>
      <object_component id="oc-142">
         <name>.text:GPIOPinTypeGPIOInput</name>
         <load_address>0x292e</load_address>
         <run_address>0x292e</run_address>
         <size>0x12</size>
         <input_file_ref idref="fl-152"/>
      </object_component>
      <object_component id="oc-2b2">
         <name>.text:GPIOPinTypeUART</name>
         <load_address>0x2940</load_address>
         <run_address>0x2940</run_address>
         <size>0x12</size>
         <input_file_ref idref="fl-152"/>
      </object_component>
      <object_component id="oc-7a">
         <name>.text:TimerLoadSet</name>
         <load_address>0x2952</load_address>
         <run_address>0x2952</run_address>
         <size>0x12</size>
         <input_file_ref idref="fl-14f"/>
      </object_component>
      <object_component id="oc-1c">
         <name>.text:decompress:ZI</name>
         <load_address>0x2964</load_address>
         <run_address>0x2964</run_address>
         <size>0x12</size>
         <input_file_ref idref="fl-13d"/>
      </object_component>
      <object_component id="oc-189">
         <name>.text:ADCSequenceEnable</name>
         <load_address>0x2976</load_address>
         <run_address>0x2976</run_address>
         <size>0xe</size>
         <input_file_ref idref="fl-154"/>
      </object_component>
      <object_component id="oc-92">
         <name>.text:TimerEnable</name>
         <load_address>0x2984</load_address>
         <run_address>0x2984</run_address>
         <size>0xe</size>
         <input_file_ref idref="fl-14f"/>
      </object_component>
      <object_component id="oc-16">
         <name>.text:decompress:none</name>
         <load_address>0x2992</load_address>
         <run_address>0x2992</run_address>
         <size>0xe</size>
         <input_file_ref idref="fl-13b"/>
      </object_component>
      <object_component id="oc-12f">
         <name>.text:CPUcpsie</name>
         <load_address>0x29a0</load_address>
         <run_address>0x29a0</run_address>
         <size>0xc</size>
         <input_file_ref idref="fl-153"/>
      </object_component>
      <object_component id="oc-29">
         <name>.text</name>
         <load_address>0x29ac</load_address>
         <run_address>0x29ac</run_address>
         <size>0xc</size>
         <input_file_ref idref="fl-3"/>
      </object_component>
      <object_component id="oc-18f">
         <name>.text:ADCIntClear</name>
         <load_address>0x29b8</load_address>
         <run_address>0x29b8</run_address>
         <size>0xa</size>
         <input_file_ref idref="fl-154"/>
      </object_component>
      <object_component id="oc-80">
         <name>.text:IntMasterEnable</name>
         <load_address>0x29c2</load_address>
         <run_address>0x29c2</run_address>
         <size>0xa</size>
         <input_file_ref idref="fl-151"/>
      </object_component>
      <object_component id="oc-1f0">
         <name>.text:UARTCharGet</name>
         <load_address>0x29cc</load_address>
         <run_address>0x29cc</run_address>
         <size>0xa</size>
         <input_file_ref idref="fl-14e"/>
      </object_component>
      <object_component id="oc-1ea">
         <name>.text:UARTCharPut</name>
         <load_address>0x29d6</load_address>
         <run_address>0x29d6</run_address>
         <size>0xa</size>
         <input_file_ref idref="fl-14e"/>
      </object_component>
      <object_component id="oc-86">
         <name>.text:TimerIntEnable</name>
         <load_address>0x29e0</load_address>
         <run_address>0x29e0</run_address>
         <size>0x8</size>
         <input_file_ref idref="fl-14f"/>
      </object_component>
      <object_component id="oc-148">
         <name>.text:GPIOPinRead</name>
         <load_address>0x29e8</load_address>
         <run_address>0x29e8</run_address>
         <size>0x6</size>
         <input_file_ref idref="fl-152"/>
      </object_component>
      <object_component id="oc-d5">
         <name>.text:GPIOPinWrite</name>
         <load_address>0x29ee</load_address>
         <run_address>0x29ee</run_address>
         <size>0x6</size>
         <input_file_ref idref="fl-152"/>
      </object_component>
      <object_component id="oc-164">
         <name>.text:SysCtlDelay</name>
         <load_address>0x29f4</load_address>
         <run_address>0x29f4</run_address>
         <size>0x6</size>
         <input_file_ref idref="fl-150"/>
      </object_component>
      <object_component id="oc-22">
         <name>.text:decompress:rle24</name>
         <load_address>0x29fa</load_address>
         <run_address>0x29fa</run_address>
         <size>0x6</size>
         <input_file_ref idref="fl-13c"/>
      </object_component>
      <object_component id="oc-db">
         <name>.text:TimerIntClear</name>
         <load_address>0x2a00</load_address>
         <run_address>0x2a00</run_address>
         <size>0x4</size>
         <input_file_ref idref="fl-14f"/>
      </object_component>
      <object_component id="oc-26a">
         <name>.const:g_pppui32XTALtoVCO</name>
         <load_address>0x2a04</load_address>
         <run_address>0x2a04</run_address>
         <size>0x120</size>
         <input_file_ref idref="fl-150"/>
      </object_component>
      <object_component id="oc-2cf">
         <name>.const:g_pui32GPIOBaseAddrs</name>
         <load_address>0x2b24</load_address>
         <run_address>0x2b24</run_address>
         <size>0x90</size>
         <input_file_ref idref="fl-152"/>
      </object_component>
      <object_component id="oc-13c">
         <name>.const</name>
         <load_address>0x2bb4</load_address>
         <run_address>0x2bb4</run_address>
         <size>0x70</size>
         <input_file_ref idref="fl-151"/>
      </object_component>
      <object_component id="oc-267">
         <name>.const:g_pui32Xtals</name>
         <load_address>0x2c24</load_address>
         <run_address>0x2c24</run_address>
         <size>0x6c</size>
         <input_file_ref idref="fl-150"/>
      </object_component>
      <object_component id="oc-2bf">
         <name>.const:g_sXTALtoMEMTIM</name>
         <load_address>0x2c90</load_address>
         <run_address>0x2c90</run_address>
         <size>0x30</size>
         <input_file_ref idref="fl-150"/>
      </object_component>
      <object_component id="oc-1f6">
         <name>.const</name>
         <load_address>0x2cc0</load_address>
         <run_address>0x2cc0</run_address>
         <size>0x1c</size>
         <input_file_ref idref="fl-4"/>
      </object_component>
      <object_component id="oc-29a">
         <name>.const:.string</name>
         <load_address>0x2cdc</load_address>
         <run_address>0x2cdc</run_address>
         <size>0x12</size>
         <input_file_ref idref="fl-4"/>
      </object_component>
      <object_component id="oc-26d">
         <name>.const</name>
         <load_address>0x2cf0</load_address>
         <run_address>0x2cf0</run_address>
         <size>0x8</size>
         <input_file_ref idref="fl-150"/>
      </object_component>
      <object_component id="oc-2f6">
         <name>.cinit..data.load</name>
         <load_address>0x2cf8</load_address>
         <run_address>0x2cf8</run_address>
         <size>0xf</size>
      </object_component>
      <object_component id="oc-2f4">
         <name>__TI_handler_table</name>
         <load_address>0x2d08</load_address>
         <run_address>0x2d08</run_address>
         <size>0xc</size>
      </object_component>
      <object_component id="oc-2f7">
         <name>.cinit..bss.load</name>
         <load_address>0x2d18</load_address>
         <run_address>0x2d18</run_address>
         <size>0x8</size>
      </object_component>
      <object_component id="oc-2f5">
         <name>__TI_cinit_table</name>
         <load_address>0x2d20</load_address>
         <run_address>0x2d20</run_address>
         <size>0x10</size>
      </object_component>
      <object_component id="oc-49">
         <name>.data</name>
         <load_address>0x20000290</load_address>
         <run_address>0x20000290</run_address>
         <size>0x4</size>
         <input_file_ref idref="fl-147"/>
      </object_component>
      <object_component id="oc-108">
         <name>.data</name>
         <load_address>0x20000278</load_address>
         <run_address>0x20000278</run_address>
         <size>0x8</size>
         <input_file_ref idref="fl-14a"/>
      </object_component>
      <object_component id="oc-10b">
         <name>.data</name>
         <load_address>0x20000280</load_address>
         <run_address>0x20000280</run_address>
         <size>0x8</size>
         <input_file_ref idref="fl-13e"/>
      </object_component>
      <object_component id="oc-1f9">
         <name>.data</name>
         <load_address>0x20000288</load_address>
         <run_address>0x20000288</run_address>
         <size>0x5</size>
         <input_file_ref idref="fl-4"/>
      </object_component>
      <object_component id="oc-15a">
         <name>.bss:pid</name>
         <uninitialized>true</uninitialized>
         <run_address>0x20000200</run_address>
         <size>0x2c</size>
         <input_file_ref idref="fl-a"/>
      </object_component>
      <object_component id="oc-2b8">
         <name>.common:ui32SysClock</name>
         <uninitialized>true</uninitialized>
         <run_address>0x20000270</run_address>
         <size>0x4</size>
      </object_component>
      <object_component id="oc-e4">
         <name>.common:TimerCounter</name>
         <uninitialized>true</uninitialized>
         <run_address>0x20000254</run_address>
         <size>0x4</size>
      </object_component>
      <object_component id="oc-e5">
         <name>.common:TimerIntFlag</name>
         <uninitialized>true</uninitialized>
         <run_address>0x20000276</run_address>
         <size>0x1</size>
      </object_component>
      <object_component id="oc-154">
         <name>.common:Flag</name>
         <uninitialized>true</uninitialized>
         <run_address>0x20000274</run_address>
         <size>0x1</size>
      </object_component>
      <object_component id="oc-158">
         <name>.common:Label</name>
         <uninitialized>true</uninitialized>
         <run_address>0x20000275</run_address>
         <size>0x1</size>
      </object_component>
      <object_component id="oc-e6">
         <name>.common:Vout</name>
         <uninitialized>true</uninitialized>
         <run_address>0x20000258</run_address>
         <size>0x4</size>
      </object_component>
      <object_component id="oc-e7">
         <name>.common:temp</name>
         <uninitialized>true</uninitialized>
         <run_address>0x20000268</run_address>
         <size>0x4</size>
      </object_component>
      <object_component id="oc-e8">
         <name>.common:tempz</name>
         <uninitialized>true</uninitialized>
         <run_address>0x2000026c</run_address>
         <size>0x4</size>
      </object_component>
      <object_component id="oc-e9">
         <name>.common:settemp1</name>
         <uninitialized>true</uninitialized>
         <run_address>0x20000260</run_address>
         <size>0x4</size>
      </object_component>
      <object_component id="oc-220">
         <name>.common:T_set</name>
         <uninitialized>true</uninitialized>
         <run_address>0x2000024c</run_address>
         <size>0x4</size>
      </object_component>
      <object_component id="oc-1b9">
         <name>.common:T_temp</name>
         <uninitialized>true</uninitialized>
         <run_address>0x20000250</run_address>
         <size>0x4</size>
      </object_component>
      <object_component id="oc-1d6">
         <name>.common:tempc</name>
         <uninitialized>true</uninitialized>
         <run_address>0x2000022c</run_address>
         <size>0x14</size>
      </object_component>
      <object_component id="oc-eb">
         <name>.common:speeda</name>
         <uninitialized>true</uninitialized>
         <run_address>0x20000264</run_address>
         <size>0x4</size>
      </object_component>
      <object_component id="oc-1ba">
         <name>.common:P_temp</name>
         <uninitialized>true</uninitialized>
         <run_address>0x20000248</run_address>
         <size>0x4</size>
      </object_component>
      <object_component id="oc-1bb">
         <name>.common:I_temp</name>
         <uninitialized>true</uninitialized>
         <run_address>0x20000244</run_address>
         <size>0x4</size>
      </object_component>
      <object_component id="oc-1bc">
         <name>.common:D_temp</name>
         <uninitialized>true</uninitialized>
         <run_address>0x20000240</run_address>
         <size>0x4</size>
      </object_component>
      <object_component id="oc-1b7">
         <name>.common:pidbz</name>
         <uninitialized>true</uninitialized>
         <run_address>0x2000025c</run_address>
         <size>0x4</size>
      </object_component>
      <object_component id="oc-28">
         <name>.stack</name>
         <uninitialized>true</uninitialized>
         <run_address>0x20000000</run_address>
         <size>0x0</size>
         <input_file_ref idref="fl-13a"/>
      </object_component>
      <object_component id="oc-2f8">
         <name>.stack</name>
         <uninitialized>true</uninitialized>
         <run_address>0x20000000</run_address>
         <size>0x0</size>
      </object_component>
      <object_component id="oc-f">
         <name>.debug_info</name>
         <load_address>0x0</load_address>
         <run_address>0x0</run_address>
         <size>0xd6</size>
         <input_file_ref idref="fl-3"/>
      </object_component>
      <object_component id="oc-12">
         <name>.debug_info</name>
         <load_address>0xd6</load_address>
         <run_address>0xd6</run_address>
         <size>0xf3</size>
         <input_file_ref idref="fl-13a"/>
      </object_component>
      <object_component id="oc-18">
         <name>.debug_info</name>
         <load_address>0x1c9</load_address>
         <run_address>0x1c9</run_address>
         <size>0x194</size>
         <input_file_ref idref="fl-13b"/>
      </object_component>
      <object_component id="oc-1d">
         <name>.debug_info</name>
         <load_address>0x35d</load_address>
         <run_address>0x35d</run_address>
         <size>0x16a</size>
         <input_file_ref idref="fl-13d"/>
      </object_component>
      <object_component id="oc-23">
         <name>.debug_info</name>
         <load_address>0x4c7</load_address>
         <run_address>0x4c7</run_address>
         <size>0x18e</size>
         <input_file_ref idref="fl-13c"/>
      </object_component>
      <object_component id="oc-2b">
         <name>.debug_info</name>
         <load_address>0x655</load_address>
         <run_address>0x655</run_address>
         <size>0x255</size>
         <input_file_ref idref="fl-3"/>
      </object_component>
      <object_component id="oc-31">
         <name>.debug_info</name>
         <load_address>0x8aa</load_address>
         <run_address>0x8aa</run_address>
         <size>0x2fd</size>
         <input_file_ref idref="fl-a"/>
      </object_component>
      <object_component id="oc-37">
         <name>.debug_info</name>
         <load_address>0xba7</load_address>
         <run_address>0xba7</run_address>
         <size>0x117</size>
         <input_file_ref idref="fl-3"/>
      </object_component>
      <object_component id="oc-3a">
         <name>.debug_info</name>
         <load_address>0xcbe</load_address>
         <run_address>0xcbe</run_address>
         <size>0x13d</size>
         <input_file_ref idref="fl-14c"/>
      </object_component>
      <object_component id="oc-41">
         <name>.debug_info</name>
         <load_address>0xdfb</load_address>
         <run_address>0xdfb</run_address>
         <size>0x11c</size>
         <input_file_ref idref="fl-14b"/>
      </object_component>
      <object_component id="oc-46">
         <name>.debug_info</name>
         <load_address>0xf17</load_address>
         <run_address>0xf17</run_address>
         <size>0x1c2</size>
         <input_file_ref idref="fl-13e"/>
      </object_component>
      <object_component id="oc-4a">
         <name>.debug_info</name>
         <load_address>0x10d9</load_address>
         <run_address>0x10d9</run_address>
         <size>0xbe</size>
         <input_file_ref idref="fl-147"/>
      </object_component>
      <object_component id="oc-4f">
         <name>.debug_info</name>
         <load_address>0x1197</load_address>
         <run_address>0x1197</run_address>
         <size>0xcc</size>
         <input_file_ref idref="fl-146"/>
      </object_component>
      <object_component id="oc-53">
         <name>.debug_info</name>
         <load_address>0x1263</load_address>
         <run_address>0x1263</run_address>
         <size>0x46</size>
         <input_file_ref idref="fl-13b"/>
      </object_component>
      <object_component id="oc-58">
         <name>.debug_info</name>
         <load_address>0x12a9</load_address>
         <run_address>0x12a9</run_address>
         <size>0xf2</size>
         <input_file_ref idref="fl-13b"/>
      </object_component>
      <object_component id="oc-5a">
         <name>.debug_info</name>
         <load_address>0x139b</load_address>
         <run_address>0x139b</run_address>
         <size>0x46</size>
         <input_file_ref idref="fl-13d"/>
      </object_component>
      <object_component id="oc-5f">
         <name>.debug_info</name>
         <load_address>0x13e1</load_address>
         <run_address>0x13e1</run_address>
         <size>0xad</size>
         <input_file_ref idref="fl-13d"/>
      </object_component>
      <object_component id="oc-62">
         <name>.debug_info</name>
         <load_address>0x148e</load_address>
         <run_address>0x148e</run_address>
         <size>0x1ef</size>
         <input_file_ref idref="fl-13c"/>
      </object_component>
      <object_component id="oc-67">
         <name>.debug_info</name>
         <load_address>0x167d</load_address>
         <run_address>0x167d</run_address>
         <size>0xb7</size>
         <input_file_ref idref="fl-13c"/>
      </object_component>
      <object_component id="oc-68">
         <name>.debug_info</name>
         <load_address>0x1734</load_address>
         <run_address>0x1734</run_address>
         <size>0x39</size>
         <input_file_ref idref="fl-13c"/>
      </object_component>
      <object_component id="oc-6f">
         <name>.debug_info</name>
         <load_address>0x176d</load_address>
         <run_address>0x176d</run_address>
         <size>0x1e1</size>
         <input_file_ref idref="fl-150"/>
      </object_component>
      <object_component id="oc-75">
         <name>.debug_info</name>
         <load_address>0x194e</load_address>
         <run_address>0x194e</run_address>
         <size>0x1f0</size>
         <input_file_ref idref="fl-14f"/>
      </object_component>
      <object_component id="oc-7b">
         <name>.debug_info</name>
         <load_address>0x1b3e</load_address>
         <run_address>0x1b3e</run_address>
         <size>0x21e</size>
         <input_file_ref idref="fl-14f"/>
      </object_component>
      <object_component id="oc-81">
         <name>.debug_info</name>
         <load_address>0x1d5c</load_address>
         <run_address>0x1d5c</run_address>
         <size>0x1a2</size>
         <input_file_ref idref="fl-151"/>
      </object_component>
      <object_component id="oc-87">
         <name>.debug_info</name>
         <load_address>0x1efe</load_address>
         <run_address>0x1efe</run_address>
         <size>0x1f8</size>
         <input_file_ref idref="fl-14f"/>
      </object_component>
      <object_component id="oc-8d">
         <name>.debug_info</name>
         <load_address>0x20f6</load_address>
         <run_address>0x20f6</run_address>
         <size>0x1cc</size>
         <input_file_ref idref="fl-151"/>
      </object_component>
      <object_component id="oc-93">
         <name>.debug_info</name>
         <load_address>0x22c2</load_address>
         <run_address>0x22c2</run_address>
         <size>0x1e3</size>
         <input_file_ref idref="fl-14f"/>
      </object_component>
      <object_component id="oc-9a">
         <name>.debug_info</name>
         <load_address>0x24a5</load_address>
         <run_address>0x24a5</run_address>
         <size>0x6e0</size>
         <input_file_ref idref="fl-6"/>
      </object_component>
      <object_component id="oc-9f">
         <name>.debug_info</name>
         <load_address>0x2b85</load_address>
         <run_address>0x2b85</run_address>
         <size>0x19d</size>
         <input_file_ref idref="fl-9"/>
      </object_component>
      <object_component id="oc-a5">
         <name>.debug_info</name>
         <load_address>0x2d22</load_address>
         <run_address>0x2d22</run_address>
         <size>0x27a</size>
         <input_file_ref idref="fl-5"/>
      </object_component>
      <object_component id="oc-ac">
         <name>.debug_info</name>
         <load_address>0x2f9c</load_address>
         <run_address>0x2f9c</run_address>
         <size>0xe1</size>
         <input_file_ref idref="fl-149"/>
      </object_component>
      <object_component id="oc-b1">
         <name>.debug_info</name>
         <load_address>0x307d</load_address>
         <run_address>0x307d</run_address>
         <size>0xed</size>
         <input_file_ref idref="fl-142"/>
      </object_component>
      <object_component id="oc-b5">
         <name>.debug_info</name>
         <load_address>0x316a</load_address>
         <run_address>0x316a</run_address>
         <size>0xed</size>
         <input_file_ref idref="fl-141"/>
      </object_component>
      <object_component id="oc-ba">
         <name>.debug_info</name>
         <load_address>0x3257</load_address>
         <run_address>0x3257</run_address>
         <size>0xff</size>
         <input_file_ref idref="fl-13f"/>
      </object_component>
      <object_component id="oc-c0">
         <name>.debug_info</name>
         <load_address>0x3356</load_address>
         <run_address>0x3356</run_address>
         <size>0xe8</size>
         <input_file_ref idref="fl-143"/>
      </object_component>
      <object_component id="oc-c6">
         <name>.debug_info</name>
         <load_address>0x343e</load_address>
         <run_address>0x343e</run_address>
         <size>0x21c</size>
         <input_file_ref idref="fl-8"/>
      </object_component>
      <object_component id="oc-cd">
         <name>.debug_info</name>
         <load_address>0x365a</load_address>
         <run_address>0x365a</run_address>
         <size>0x8c6</size>
         <input_file_ref idref="fl-7"/>
      </object_component>
      <object_component id="oc-d0">
         <name>.debug_info</name>
         <load_address>0x3f20</load_address>
         <run_address>0x3f20</run_address>
         <size>0x76b</size>
         <input_file_ref idref="fl-4"/>
      </object_component>
      <object_component id="oc-d6">
         <name>.debug_info</name>
         <load_address>0x468b</load_address>
         <run_address>0x468b</run_address>
         <size>0x207</size>
         <input_file_ref idref="fl-152"/>
      </object_component>
      <object_component id="oc-dc">
         <name>.debug_info</name>
         <load_address>0x4892</load_address>
         <run_address>0x4892</run_address>
         <size>0x1f6</size>
         <input_file_ref idref="fl-14f"/>
      </object_component>
      <object_component id="oc-e2">
         <name>.debug_info</name>
         <load_address>0x4a88</load_address>
         <run_address>0x4a88</run_address>
         <size>0x7e0</size>
         <input_file_ref idref="fl-a"/>
      </object_component>
      <object_component id="oc-ef">
         <name>.debug_info</name>
         <load_address>0x5268</load_address>
         <run_address>0x5268</run_address>
         <size>0x84</size>
         <input_file_ref idref="fl-3"/>
      </object_component>
      <object_component id="oc-f4">
         <name>.debug_info</name>
         <load_address>0x52ec</load_address>
         <run_address>0x52ec</run_address>
         <size>0x18b</size>
         <input_file_ref idref="fl-2"/>
      </object_component>
      <object_component id="oc-fc">
         <name>.debug_info</name>
         <load_address>0x5477</load_address>
         <run_address>0x5477</run_address>
         <size>0x14b</size>
         <input_file_ref idref="fl-14d"/>
      </object_component>
      <object_component id="oc-101">
         <name>.debug_info</name>
         <load_address>0x55c2</load_address>
         <run_address>0x55c2</run_address>
         <size>0x28f</size>
         <input_file_ref idref="fl-2"/>
      </object_component>
      <object_component id="oc-107">
         <name>.debug_info</name>
         <load_address>0x5851</load_address>
         <run_address>0x5851</run_address>
         <size>0x11b</size>
         <input_file_ref idref="fl-14b"/>
      </object_component>
      <object_component id="oc-109">
         <name>.debug_info</name>
         <load_address>0x596c</load_address>
         <run_address>0x596c</run_address>
         <size>0xc8</size>
         <input_file_ref idref="fl-14a"/>
      </object_component>
      <object_component id="oc-10c">
         <name>.debug_info</name>
         <load_address>0x5a34</load_address>
         <run_address>0x5a34</run_address>
         <size>0xeb</size>
         <input_file_ref idref="fl-13e"/>
      </object_component>
      <object_component id="oc-10f">
         <name>.debug_info</name>
         <load_address>0x5b1f</load_address>
         <run_address>0x5b1f</run_address>
         <size>0x146</size>
         <input_file_ref idref="fl-13e"/>
      </object_component>
      <object_component id="oc-114">
         <name>.debug_info</name>
         <load_address>0x5c65</load_address>
         <run_address>0x5c65</run_address>
         <size>0x2c</size>
         <input_file_ref idref="fl-13b"/>
      </object_component>
      <object_component id="oc-11b">
         <name>.debug_info</name>
         <load_address>0x5c91</load_address>
         <run_address>0x5c91</run_address>
         <size>0x2c</size>
         <input_file_ref idref="fl-2"/>
      </object_component>
      <object_component id="oc-126">
         <name>.debug_info</name>
         <load_address>0x5cbd</load_address>
         <run_address>0x5cbd</run_address>
         <size>0x18b</size>
         <input_file_ref idref="fl-14e"/>
      </object_component>
      <object_component id="oc-12b">
         <name>.debug_info</name>
         <load_address>0x5e48</load_address>
         <run_address>0x5e48</run_address>
         <size>0x226</size>
         <input_file_ref idref="fl-150"/>
      </object_component>
      <object_component id="oc-12d">
         <name>.debug_info</name>
         <load_address>0x606e</load_address>
         <run_address>0x606e</run_address>
         <size>0x1cf</size>
         <input_file_ref idref="fl-14f"/>
      </object_component>
      <object_component id="oc-130">
         <name>.debug_info</name>
         <load_address>0x623d</load_address>
         <run_address>0x623d</run_address>
         <size>0x176</size>
         <input_file_ref idref="fl-153"/>
      </object_component>
      <object_component id="oc-136">
         <name>.debug_info</name>
         <load_address>0x63b3</load_address>
         <run_address>0x63b3</run_address>
         <size>0x90</size>
         <input_file_ref idref="fl-14e"/>
      </object_component>
      <object_component id="oc-13d">
         <name>.debug_info</name>
         <load_address>0x6443</load_address>
         <run_address>0x6443</run_address>
         <size>0x1c2</size>
         <input_file_ref idref="fl-151"/>
      </object_component>
      <object_component id="oc-140">
         <name>.debug_info</name>
         <load_address>0x6605</load_address>
         <run_address>0x6605</run_address>
         <size>0x1ba</size>
         <input_file_ref idref="fl-151"/>
      </object_component>
      <object_component id="oc-143">
         <name>.debug_info</name>
         <load_address>0x67bf</load_address>
         <run_address>0x67bf</run_address>
         <size>0x1e9</size>
         <input_file_ref idref="fl-152"/>
      </object_component>
      <object_component id="oc-149">
         <name>.debug_info</name>
         <load_address>0x69a8</load_address>
         <run_address>0x69a8</run_address>
         <size>0x1df</size>
         <input_file_ref idref="fl-152"/>
      </object_component>
      <object_component id="oc-14f">
         <name>.debug_info</name>
         <load_address>0x6b87</load_address>
         <run_address>0x6b87</run_address>
         <size>0xdf</size>
         <input_file_ref idref="fl-144"/>
      </object_component>
      <object_component id="oc-15b">
         <name>.debug_info</name>
         <load_address>0x6c66</load_address>
         <run_address>0x6c66</run_address>
         <size>0xb6</size>
         <input_file_ref idref="fl-a"/>
      </object_component>
      <object_component id="oc-15f">
         <name>.debug_info</name>
         <load_address>0x6d1c</load_address>
         <run_address>0x6d1c</run_address>
         <size>0x4c5</size>
         <input_file_ref idref="fl-150"/>
      </object_component>
      <object_component id="oc-166">
         <name>.debug_info</name>
         <load_address>0x71e1</load_address>
         <run_address>0x71e1</run_address>
         <size>0x55b</size>
         <input_file_ref idref="fl-2"/>
      </object_component>
      <object_component id="oc-168">
         <name>.debug_info</name>
         <load_address>0x773c</load_address>
         <run_address>0x773c</run_address>
         <size>0x58a</size>
         <input_file_ref idref="fl-5"/>
      </object_component>
      <object_component id="oc-16a">
         <name>.debug_info</name>
         <load_address>0x7cc6</load_address>
         <run_address>0x7cc6</run_address>
         <size>0x565</size>
         <input_file_ref idref="fl-6"/>
      </object_component>
      <object_component id="oc-16c">
         <name>.debug_info</name>
         <load_address>0x822b</load_address>
         <run_address>0x822b</run_address>
         <size>0x45a</size>
         <input_file_ref idref="fl-7"/>
      </object_component>
      <object_component id="oc-16e">
         <name>.debug_info</name>
         <load_address>0x8685</load_address>
         <run_address>0x8685</run_address>
         <size>0x3e7</size>
         <input_file_ref idref="fl-8"/>
      </object_component>
      <object_component id="oc-170">
         <name>.debug_info</name>
         <load_address>0x8a6c</load_address>
         <run_address>0x8a6c</run_address>
         <size>0x363</size>
         <input_file_ref idref="fl-9"/>
      </object_component>
      <object_component id="oc-172">
         <name>.debug_info</name>
         <load_address>0x8dcf</load_address>
         <run_address>0x8dcf</run_address>
         <size>0x3db</size>
         <input_file_ref idref="fl-b"/>
      </object_component>
      <object_component id="oc-174">
         <name>.debug_info</name>
         <load_address>0x91aa</load_address>
         <run_address>0x91aa</run_address>
         <size>0x3ce</size>
         <input_file_ref idref="fl-c"/>
      </object_component>
      <object_component id="oc-178">
         <name>.debug_info</name>
         <load_address>0x9578</load_address>
         <run_address>0x9578</run_address>
         <size>0x1dd</size>
         <input_file_ref idref="fl-152"/>
      </object_component>
      <object_component id="oc-180">
         <name>.debug_info</name>
         <load_address>0x9755</load_address>
         <run_address>0x9755</run_address>
         <size>0x28a</size>
         <input_file_ref idref="fl-154"/>
      </object_component>
      <object_component id="oc-186">
         <name>.debug_info</name>
         <load_address>0x99df</load_address>
         <run_address>0x99df</run_address>
         <size>0x297</size>
         <input_file_ref idref="fl-154"/>
      </object_component>
      <object_component id="oc-18c">
         <name>.debug_info</name>
         <load_address>0x9c76</load_address>
         <run_address>0x9c76</run_address>
         <size>0x204</size>
         <input_file_ref idref="fl-154"/>
      </object_component>
      <object_component id="oc-192">
         <name>.debug_info</name>
         <load_address>0x9e7a</load_address>
         <run_address>0x9e7a</run_address>
         <size>0x1f8</size>
         <input_file_ref idref="fl-154"/>
      </object_component>
      <object_component id="oc-198">
         <name>.debug_info</name>
         <load_address>0xa072</load_address>
         <run_address>0xa072</run_address>
         <size>0x208</size>
         <input_file_ref idref="fl-154"/>
      </object_component>
      <object_component id="oc-19e">
         <name>.debug_info</name>
         <load_address>0xa27a</load_address>
         <run_address>0xa27a</run_address>
         <size>0x245</size>
         <input_file_ref idref="fl-154"/>
      </object_component>
      <object_component id="oc-1a4">
         <name>.debug_info</name>
         <load_address>0xa4bf</load_address>
         <run_address>0xa4bf</run_address>
         <size>0x2fb</size>
         <input_file_ref idref="fl-154"/>
      </object_component>
      <object_component id="oc-1ae">
         <name>.debug_info</name>
         <load_address>0xa7ba</load_address>
         <run_address>0xa7ba</run_address>
         <size>0xdf</size>
         <input_file_ref idref="fl-145"/>
      </object_component>
      <object_component id="oc-1b3">
         <name>.debug_info</name>
         <load_address>0xa899</load_address>
         <run_address>0xa899</run_address>
         <size>0xdb</size>
         <input_file_ref idref="fl-140"/>
      </object_component>
      <object_component id="oc-1be">
         <name>.debug_info</name>
         <load_address>0xa974</load_address>
         <run_address>0xa974</run_address>
         <size>0x8b</size>
         <input_file_ref idref="fl-2"/>
      </object_component>
      <object_component id="oc-1c4">
         <name>.debug_info</name>
         <load_address>0xa9ff</load_address>
         <run_address>0xa9ff</run_address>
         <size>0x219</size>
         <input_file_ref idref="fl-150"/>
      </object_component>
      <object_component id="oc-1ca">
         <name>.debug_info</name>
         <load_address>0xac18</load_address>
         <run_address>0xac18</run_address>
         <size>0x1eb</size>
         <input_file_ref idref="fl-152"/>
      </object_component>
      <object_component id="oc-1d9">
         <name>.debug_info</name>
         <load_address>0xae03</load_address>
         <run_address>0xae03</run_address>
         <size>0x1e7</size>
         <input_file_ref idref="fl-150"/>
      </object_component>
      <object_component id="oc-1df">
         <name>.debug_info</name>
         <load_address>0xafea</load_address>
         <run_address>0xafea</run_address>
         <size>0x28a</size>
         <input_file_ref idref="fl-14e"/>
      </object_component>
      <object_component id="oc-1e5">
         <name>.debug_info</name>
         <load_address>0xb274</load_address>
         <run_address>0xb274</run_address>
         <size>0x1ab</size>
         <input_file_ref idref="fl-14e"/>
      </object_component>
      <object_component id="oc-1eb">
         <name>.debug_info</name>
         <load_address>0xb41f</load_address>
         <run_address>0xb41f</run_address>
         <size>0x25d</size>
         <input_file_ref idref="fl-14e"/>
      </object_component>
      <object_component id="oc-1f1">
         <name>.debug_info</name>
         <load_address>0xb67c</load_address>
         <run_address>0xb67c</run_address>
         <size>0x237</size>
         <input_file_ref idref="fl-14e"/>
      </object_component>
      <object_component id="oc-1f7">
         <name>.debug_info</name>
         <load_address>0xb8b3</load_address>
         <run_address>0xb8b3</run_address>
         <size>0x118</size>
         <input_file_ref idref="fl-4"/>
      </object_component>
      <object_component id="oc-1fa">
         <name>.debug_info</name>
         <load_address>0xb9cb</load_address>
         <run_address>0xb9cb</run_address>
         <size>0xc2</size>
         <input_file_ref idref="fl-4"/>
      </object_component>
      <object_component id="oc-1fd">
         <name>.debug_info</name>
         <load_address>0xba8d</load_address>
         <run_address>0xba8d</run_address>
         <size>0x137</size>
         <input_file_ref idref="fl-148"/>
      </object_component>
      <object_component id="oc-202">
         <name>.debug_info</name>
         <load_address>0xbbc4</load_address>
         <run_address>0xbbc4</run_address>
         <size>0x225</size>
         <input_file_ref idref="fl-4"/>
      </object_component>
      <object_component id="oc-203">
         <name>.debug_info</name>
         <load_address>0xbde9</load_address>
         <run_address>0xbde9</run_address>
         <size>0x4e</size>
         <input_file_ref idref="fl-2"/>
      </object_component>
      <object_component id="oc-209">
         <name>.debug_info</name>
         <load_address>0xbe37</load_address>
         <run_address>0xbe37</run_address>
         <size>0x1d7</size>
         <input_file_ref idref="fl-152"/>
      </object_component>
      <object_component id="oc-20d">
         <name>.debug_info</name>
         <load_address>0xc00e</load_address>
         <run_address>0xc00e</run_address>
         <size>0x6bd</size>
         <input_file_ref idref="fl-2"/>
      </object_component>
      <object_component id="oc-213">
         <name>.debug_info</name>
         <load_address>0xc6cb</load_address>
         <run_address>0xc6cb</run_address>
         <size>0x148</size>
         <input_file_ref idref="fl-14d"/>
      </object_component>
      <object_component id="oc-217">
         <name>.debug_info</name>
         <load_address>0xc813</load_address>
         <run_address>0xc813</run_address>
         <size>0x1fb</size>
         <input_file_ref idref="fl-c"/>
      </object_component>
      <object_component id="oc-21c">
         <name>.debug_info</name>
         <load_address>0xca0e</load_address>
         <run_address>0xca0e</run_address>
         <size>0x16c</size>
         <input_file_ref idref="fl-b"/>
      </object_component>
      <object_component id="oc-224">
         <name>.debug_info</name>
         <load_address>0xcb7a</load_address>
         <run_address>0xcb7a</run_address>
         <size>0x5e</size>
         <input_file_ref idref="fl-14b"/>
      </object_component>
      <object_component id="oc-22d">
         <name>.debug_info</name>
         <load_address>0xcbd8</load_address>
         <run_address>0xcbd8</run_address>
         <size>0x1d4</size>
         <input_file_ref idref="fl-14a"/>
      </object_component>
      <object_component id="oc-231">
         <name>.debug_info</name>
         <load_address>0xcdac</load_address>
         <run_address>0xcdac</run_address>
         <size>0xd9</size>
         <input_file_ref idref="fl-14a"/>
      </object_component>
      <object_component id="oc-239">
         <name>.debug_info</name>
         <load_address>0xce85</load_address>
         <run_address>0xce85</run_address>
         <size>0x5f</size>
         <input_file_ref idref="fl-150"/>
      </object_component>
      <object_component id="oc-246">
         <name>.debug_info</name>
         <load_address>0xcee4</load_address>
         <run_address>0xcee4</run_address>
         <size>0x217</size>
         <input_file_ref idref="fl-152"/>
      </object_component>
      <object_component id="oc-24c">
         <name>.debug_info</name>
         <load_address>0xd0fb</load_address>
         <run_address>0xd0fb</run_address>
         <size>0x312</size>
         <input_file_ref idref="fl-152"/>
      </object_component>
      <object_component id="oc-256">
         <name>.debug_info</name>
         <load_address>0xd40d</load_address>
         <run_address>0xd40d</run_address>
         <size>0x109</size>
         <input_file_ref idref="fl-2"/>
      </object_component>
      <object_component id="oc-25c">
         <name>.debug_info</name>
         <load_address>0xd516</load_address>
         <run_address>0xd516</run_address>
         <size>0x264</size>
         <input_file_ref idref="fl-150"/>
      </object_component>
      <object_component id="oc-262">
         <name>.debug_info</name>
         <load_address>0xd77a</load_address>
         <run_address>0xd77a</run_address>
         <size>0x21e</size>
         <input_file_ref idref="fl-150"/>
      </object_component>
      <object_component id="oc-268">
         <name>.debug_info</name>
         <load_address>0xd998</load_address>
         <run_address>0xd998</run_address>
         <size>0xff</size>
         <input_file_ref idref="fl-150"/>
      </object_component>
      <object_component id="oc-26b">
         <name>.debug_info</name>
         <load_address>0xda97</load_address>
         <run_address>0xda97</run_address>
         <size>0x10b</size>
         <input_file_ref idref="fl-150"/>
      </object_component>
      <object_component id="oc-26e">
         <name>.debug_info</name>
         <load_address>0xdba2</load_address>
         <run_address>0xdba2</run_address>
         <size>0x112</size>
         <input_file_ref idref="fl-150"/>
      </object_component>
      <object_component id="oc-283">
         <name>.debug_info</name>
         <load_address>0xdcb4</load_address>
         <run_address>0xdcb4</run_address>
         <size>0x1a8</size>
         <input_file_ref idref="fl-154"/>
      </object_component>
      <object_component id="oc-290">
         <name>.debug_info</name>
         <load_address>0xde5c</load_address>
         <run_address>0xde5c</run_address>
         <size>0x233</size>
         <input_file_ref idref="fl-14e"/>
      </object_component>
      <object_component id="oc-296">
         <name>.debug_info</name>
         <load_address>0xe08f</load_address>
         <run_address>0xe08f</run_address>
         <size>0x1ce</size>
         <input_file_ref idref="fl-14e"/>
      </object_component>
      <object_component id="oc-2a6">
         <name>.debug_info</name>
         <load_address>0xe25d</load_address>
         <run_address>0xe25d</run_address>
         <size>0xcd</size>
         <input_file_ref idref="fl-14d"/>
      </object_component>
      <object_component id="oc-2ad">
         <name>.debug_info</name>
         <load_address>0xe32a</load_address>
         <run_address>0xe32a</run_address>
         <size>0x1e4</size>
         <input_file_ref idref="fl-152"/>
      </object_component>
      <object_component id="oc-2b3">
         <name>.debug_info</name>
         <load_address>0xe50e</load_address>
         <run_address>0xe50e</run_address>
         <size>0x1df</size>
         <input_file_ref idref="fl-152"/>
      </object_component>
      <object_component id="oc-2c0">
         <name>.debug_info</name>
         <load_address>0xe6ed</load_address>
         <run_address>0xe6ed</run_address>
         <size>0x105</size>
         <input_file_ref idref="fl-150"/>
      </object_component>
      <object_component id="oc-2d0">
         <name>.debug_info</name>
         <load_address>0xe7f2</load_address>
         <run_address>0xe7f2</run_address>
         <size>0x10d</size>
         <input_file_ref idref="fl-152"/>
      </object_component>
      <object_component id="oc-2f9">
         <name>.debug_info</name>
         <load_address>0xe8ff</load_address>
         <run_address>0xe8ff</run_address>
         <size>0x90</size>
      </object_component>
      <object_component id="oc-10">
         <name>.debug_pubnames</name>
         <load_address>0x0</load_address>
         <run_address>0x0</run_address>
         <size>0x23</size>
         <input_file_ref idref="fl-3"/>
      </object_component>
      <object_component id="oc-13">
         <name>.debug_pubnames</name>
         <load_address>0x23</load_address>
         <run_address>0x23</run_address>
         <size>0x1f</size>
         <input_file_ref idref="fl-13a"/>
      </object_component>
      <object_component id="oc-1a">
         <name>.debug_pubnames</name>
         <load_address>0x42</load_address>
         <run_address>0x42</run_address>
         <size>0x2b</size>
         <input_file_ref idref="fl-13b"/>
      </object_component>
      <object_component id="oc-1f">
         <name>.debug_pubnames</name>
         <load_address>0x6d</load_address>
         <run_address>0x6d</run_address>
         <size>0x25</size>
         <input_file_ref idref="fl-13d"/>
      </object_component>
      <object_component id="oc-24">
         <name>.debug_pubnames</name>
         <load_address>0x92</load_address>
         <run_address>0x92</run_address>
         <size>0x2c</size>
         <input_file_ref idref="fl-13c"/>
      </object_component>
      <object_component id="oc-2c">
         <name>.debug_pubnames</name>
         <load_address>0xbe</load_address>
         <run_address>0xbe</run_address>
         <size>0x4c</size>
         <input_file_ref idref="fl-3"/>
      </object_component>
      <object_component id="oc-33">
         <name>.debug_pubnames</name>
         <load_address>0x10a</load_address>
         <run_address>0x10a</run_address>
         <size>0x35</size>
         <input_file_ref idref="fl-a"/>
      </object_component>
      <object_component id="oc-3c">
         <name>.debug_pubnames</name>
         <load_address>0x13f</load_address>
         <run_address>0x13f</run_address>
         <size>0x37</size>
         <input_file_ref idref="fl-14c"/>
      </object_component>
      <object_component id="oc-42">
         <name>.debug_pubnames</name>
         <load_address>0x176</load_address>
         <run_address>0x176</run_address>
         <size>0x21</size>
         <input_file_ref idref="fl-14b"/>
      </object_component>
      <object_component id="oc-47">
         <name>.debug_pubnames</name>
         <load_address>0x197</load_address>
         <run_address>0x197</run_address>
         <size>0x35</size>
         <input_file_ref idref="fl-13e"/>
      </object_component>
      <object_component id="oc-4b">
         <name>.debug_pubnames</name>
         <load_address>0x1cc</load_address>
         <run_address>0x1cc</run_address>
         <size>0x23</size>
         <input_file_ref idref="fl-147"/>
      </object_component>
      <object_component id="oc-50">
         <name>.debug_pubnames</name>
         <load_address>0x1ef</load_address>
         <run_address>0x1ef</run_address>
         <size>0x1d</size>
         <input_file_ref idref="fl-146"/>
      </object_component>
      <object_component id="oc-63">
         <name>.debug_pubnames</name>
         <load_address>0x20c</load_address>
         <run_address>0x20c</run_address>
         <size>0x2f</size>
         <input_file_ref idref="fl-13c"/>
      </object_component>
      <object_component id="oc-71">
         <name>.debug_pubnames</name>
         <load_address>0x23b</load_address>
         <run_address>0x23b</run_address>
         <size>0x2d</size>
         <input_file_ref idref="fl-150"/>
      </object_component>
      <object_component id="oc-77">
         <name>.debug_pubnames</name>
         <load_address>0x268</load_address>
         <run_address>0x268</run_address>
         <size>0x25</size>
         <input_file_ref idref="fl-14f"/>
      </object_component>
      <object_component id="oc-7d">
         <name>.debug_pubnames</name>
         <load_address>0x28d</load_address>
         <run_address>0x28d</run_address>
         <size>0x23</size>
         <input_file_ref idref="fl-14f"/>
      </object_component>
      <object_component id="oc-83">
         <name>.debug_pubnames</name>
         <load_address>0x2b0</load_address>
         <run_address>0x2b0</run_address>
         <size>0x26</size>
         <input_file_ref idref="fl-151"/>
      </object_component>
      <object_component id="oc-89">
         <name>.debug_pubnames</name>
         <load_address>0x2d6</load_address>
         <run_address>0x2d6</run_address>
         <size>0x25</size>
         <input_file_ref idref="fl-14f"/>
      </object_component>
      <object_component id="oc-8f">
         <name>.debug_pubnames</name>
         <load_address>0x2fb</load_address>
         <run_address>0x2fb</run_address>
         <size>0x20</size>
         <input_file_ref idref="fl-151"/>
      </object_component>
      <object_component id="oc-95">
         <name>.debug_pubnames</name>
         <load_address>0x31b</load_address>
         <run_address>0x31b</run_address>
         <size>0x22</size>
         <input_file_ref idref="fl-14f"/>
      </object_component>
      <object_component id="oc-9c">
         <name>.debug_pubnames</name>
         <load_address>0x33d</load_address>
         <run_address>0x33d</run_address>
         <size>0x79</size>
         <input_file_ref idref="fl-6"/>
      </object_component>
      <object_component id="oc-a0">
         <name>.debug_pubnames</name>
         <load_address>0x3b6</load_address>
         <run_address>0x3b6</run_address>
         <size>0x30</size>
         <input_file_ref idref="fl-9"/>
      </object_component>
      <object_component id="oc-a7">
         <name>.debug_pubnames</name>
         <load_address>0x3e6</load_address>
         <run_address>0x3e6</run_address>
         <size>0x33</size>
         <input_file_ref idref="fl-5"/>
      </object_component>
      <object_component id="oc-ae">
         <name>.debug_pubnames</name>
         <load_address>0x419</load_address>
         <run_address>0x419</run_address>
         <size>0x23</size>
         <input_file_ref idref="fl-149"/>
      </object_component>
      <object_component id="oc-b2">
         <name>.debug_pubnames</name>
         <load_address>0x43c</load_address>
         <run_address>0x43c</run_address>
         <size>0x23</size>
         <input_file_ref idref="fl-142"/>
      </object_component>
      <object_component id="oc-b6">
         <name>.debug_pubnames</name>
         <load_address>0x45f</load_address>
         <run_address>0x45f</run_address>
         <size>0x23</size>
         <input_file_ref idref="fl-141"/>
      </object_component>
      <object_component id="oc-bc">
         <name>.debug_pubnames</name>
         <load_address>0x482</load_address>
         <run_address>0x482</run_address>
         <size>0x23</size>
         <input_file_ref idref="fl-13f"/>
      </object_component>
      <object_component id="oc-c1">
         <name>.debug_pubnames</name>
         <load_address>0x4a5</load_address>
         <run_address>0x4a5</run_address>
         <size>0x22</size>
         <input_file_ref idref="fl-143"/>
      </object_component>
      <object_component id="oc-c7">
         <name>.debug_pubnames</name>
         <load_address>0x4c7</load_address>
         <run_address>0x4c7</run_address>
         <size>0x2f</size>
         <input_file_ref idref="fl-8"/>
      </object_component>
      <object_component id="oc-ce">
         <name>.debug_pubnames</name>
         <load_address>0x4f6</load_address>
         <run_address>0x4f6</run_address>
         <size>0x8f</size>
         <input_file_ref idref="fl-7"/>
      </object_component>
      <object_component id="oc-d1">
         <name>.debug_pubnames</name>
         <load_address>0x585</load_address>
         <run_address>0x585</run_address>
         <size>0x6d</size>
         <input_file_ref idref="fl-4"/>
      </object_component>
      <object_component id="oc-d8">
         <name>.debug_pubnames</name>
         <load_address>0x5f2</load_address>
         <run_address>0x5f2</run_address>
         <size>0x23</size>
         <input_file_ref idref="fl-152"/>
      </object_component>
      <object_component id="oc-de">
         <name>.debug_pubnames</name>
         <load_address>0x615</load_address>
         <run_address>0x615</run_address>
         <size>0x24</size>
         <input_file_ref idref="fl-14f"/>
      </object_component>
      <object_component id="oc-e3">
         <name>.debug_pubnames</name>
         <load_address>0x639</load_address>
         <run_address>0x639</run_address>
         <size>0xf5</size>
         <input_file_ref idref="fl-a"/>
      </object_component>
      <object_component id="oc-fd">
         <name>.debug_pubnames</name>
         <load_address>0x72e</load_address>
         <run_address>0x72e</run_address>
         <size>0x1e</size>
         <input_file_ref idref="fl-14d"/>
      </object_component>
      <object_component id="oc-103">
         <name>.debug_pubnames</name>
         <load_address>0x74c</load_address>
         <run_address>0x74c</run_address>
         <size>0x1b</size>
         <input_file_ref idref="fl-2"/>
      </object_component>
      <object_component id="oc-10a">
         <name>.debug_pubnames</name>
         <load_address>0x767</load_address>
         <run_address>0x767</run_address>
         <size>0x28</size>
         <input_file_ref idref="fl-14a"/>
      </object_component>
      <object_component id="oc-10d">
         <name>.debug_pubnames</name>
         <load_address>0x78f</load_address>
         <run_address>0x78f</run_address>
         <size>0x3a</size>
         <input_file_ref idref="fl-13e"/>
      </object_component>
      <object_component id="oc-131">
         <name>.debug_pubnames</name>
         <load_address>0x7c9</load_address>
         <run_address>0x7c9</run_address>
         <size>0x1f</size>
         <input_file_ref idref="fl-153"/>
      </object_component>
      <object_component id="oc-13e">
         <name>.debug_pubnames</name>
         <load_address>0x7e8</load_address>
         <run_address>0x7e8</run_address>
         <size>0x77</size>
         <input_file_ref idref="fl-151"/>
      </object_component>
      <object_component id="oc-145">
         <name>.debug_pubnames</name>
         <load_address>0x85f</load_address>
         <run_address>0x85f</run_address>
         <size>0x2b</size>
         <input_file_ref idref="fl-152"/>
      </object_component>
      <object_component id="oc-14b">
         <name>.debug_pubnames</name>
         <load_address>0x88a</load_address>
         <run_address>0x88a</run_address>
         <size>0x22</size>
         <input_file_ref idref="fl-152"/>
      </object_component>
      <object_component id="oc-151">
         <name>.debug_pubnames</name>
         <load_address>0x8ac</load_address>
         <run_address>0x8ac</run_address>
         <size>0x22</size>
         <input_file_ref idref="fl-144"/>
      </object_component>
      <object_component id="oc-15c">
         <name>.debug_pubnames</name>
         <load_address>0x8ce</load_address>
         <run_address>0x8ce</run_address>
         <size>0x1a</size>
         <input_file_ref idref="fl-a"/>
      </object_component>
      <object_component id="oc-161">
         <name>.debug_pubnames</name>
         <load_address>0x8e8</load_address>
         <run_address>0x8e8</run_address>
         <size>0x29</size>
         <input_file_ref idref="fl-150"/>
      </object_component>
      <object_component id="oc-167">
         <name>.debug_pubnames</name>
         <load_address>0x911</load_address>
         <run_address>0x911</run_address>
         <size>0x38</size>
         <input_file_ref idref="fl-2"/>
      </object_component>
      <object_component id="oc-169">
         <name>.debug_pubnames</name>
         <load_address>0x949</load_address>
         <run_address>0x949</run_address>
         <size>0x38</size>
         <input_file_ref idref="fl-5"/>
      </object_component>
      <object_component id="oc-16b">
         <name>.debug_pubnames</name>
         <load_address>0x981</load_address>
         <run_address>0x981</run_address>
         <size>0x38</size>
         <input_file_ref idref="fl-6"/>
      </object_component>
      <object_component id="oc-16d">
         <name>.debug_pubnames</name>
         <load_address>0x9b9</load_address>
         <run_address>0x9b9</run_address>
         <size>0x38</size>
         <input_file_ref idref="fl-7"/>
      </object_component>
      <object_component id="oc-16f">
         <name>.debug_pubnames</name>
         <load_address>0x9f1</load_address>
         <run_address>0x9f1</run_address>
         <size>0x38</size>
         <input_file_ref idref="fl-8"/>
      </object_component>
      <object_component id="oc-171">
         <name>.debug_pubnames</name>
         <load_address>0xa29</load_address>
         <run_address>0xa29</run_address>
         <size>0x23</size>
         <input_file_ref idref="fl-9"/>
      </object_component>
      <object_component id="oc-173">
         <name>.debug_pubnames</name>
[...]
      </symbol>
      <symbol id="sm-7">
         <name>__binit__</name>
         <value>0xffffffff</value>
      </symbol>
      <symbol id="sm-8">
         <name>__STACK_SIZE</name>
         <value>0x200</value>
      </symbol>
      <symbol id="sm-9">
         <name>__STACK_END</name>
         <value>0x20000200</value>
      </symbol>
      <symbol id="sm-a">
         <name>__c_args__</name>
         <value>0xffffffff</value>
      </symbol>
      <symbol id="sm-5d">
         <name>ui32SysClock</name>
         <value>0x20000270</value>
      </symbol>
      <symbol id="sm-5e">
         <name>main</name>
         <value>0x13f9</value>
         <object_component_ref idref="oc-100"/>
      </symbol>
      <symbol id="sm-7f">
         <name>ResetISR</name>
         <value>0x29ad</value>
         <object_component_ref idref="oc-29"/>
      </symbol>
      <symbol id="sm-80">
         <name>g_pfnVectors</name>
         <value>0x0</value>
         <object_component_ref idref="oc-e"/>
      </symbol>
      <symbol id="sm-e5">
         <name>UARTgetc</name>
         <value>0x9eb</value>
         <object_component_ref idref="oc-cf"/>
      </symbol>
      <symbol id="sm-e6">
         <name>UARTgets</name>
         <value>0x931</value>
         <object_component_ref idref="oc-cf"/>
      </symbol>
      <symbol id="sm-e7">
         <name>UARTStdioConfig</name>
         <value>0x8a5</value>
         <object_component_ref idref="oc-cf"/>
      </symbol>
      <symbol id="sm-e8">
         <name>UARTwrite</name>
         <value>0x8eb</value>
         <object_component_ref idref="oc-cf"/>
      </symbol>
      <symbol id="sm-e9">
         <name>UARTprintf</name>
         <value>0xd0b</value>
         <object_component_ref idref="oc-cf"/>
      </symbol>
      <symbol id="sm-ea">
         <name>UARTvprintf</name>
         <value>0xa11</value>
         <object_component_ref idref="oc-cf"/>
      </symbol>
      <symbol id="sm-ff">
         <name>ADC_Init</name>
         <value>0x21dd</value>
         <object_component_ref idref="oc-a4"/>
      </symbol>
      <symbol id="sm-100">
         <name>ADC_SampleValue</name>
         <value>0x221d</value>
         <object_component_ref idref="oc-a4"/>
      </symbol>
      <symbol id="sm-14b">
         <name>Button_Scan</name>
         <value>0xd6f</value>
         <object_component_ref idref="oc-98"/>
      </symbol>
      <symbol id="sm-14c">
         <name>Button_J1</name>
         <value>0xdad</value>
         <object_component_ref idref="oc-98"/>
      </symbol>
      <symbol id="sm-14d">
         <name>Button_J3</name>
         <value>0xf9d</value>
         <object_component_ref idref="oc-98"/>
      </symbol>
      <symbol id="sm-14e">
         <name>Button_J2</name>
         <value>0xe95</value>
         <object_component_ref idref="oc-98"/>
      </symbol>
      <symbol id="sm-14f">
         <name>Button_J4</name>
         <value>0x10d9</value>
         <object_component_ref idref="oc-98"/>
      </symbol>
      <symbol id="sm-150">
         <name>Button_Init</name>
         <value>0xd41</value>
         <object_component_ref idref="oc-98"/>
      </symbol>
      <symbol id="sm-151">
         <name>Button_run</name>
         <value>0x10f5</value>
         <object_component_ref idref="oc-98"/>
      </symbol>
      <symbol id="sm-197">
         <name>WriteNum</name>
         <value>0x481</value>
         <object_component_ref idref="oc-c9"/>
      </symbol>
      <symbol id="sm-198">
         <name>Write1byte</name>
         <value>0x293</value>
         <object_component_ref idref="oc-c9"/>
      </symbol>
      <symbol id="sm-199">
         <name>WriteChar</name>
         <value>0x3c9</value>
         <object_component_ref idref="oc-c9"/>
      </symbol>
      <symbol id="sm-19a">
         <name>WriteStr</name>
         <value>0x34d</value>
         <object_component_ref idref="oc-c9"/>
      </symbol>
      <symbol id="sm-19b">
         <name>init_12864IO</name>
         <value>0x23b</value>
         <object_component_ref idref="oc-c9"/>
      </symbol>
      <symbol id="sm-19c">
         <name>init_12864</name>
         <value>0x439</value>
         <object_component_ref idref="oc-c9"/>
      </symbol>
      <symbol id="sm-19d">
         <name>delay_Nms</name>
         <value>0x209</value>
         <object_component_ref idref="oc-c9"/>
      </symbol>
      <symbol id="sm-19e">
         <name>W_RS</name>
         <value>0x2ff</value>
         <object_component_ref idref="oc-c9"/>
      </symbol>
      <symbol id="sm-19f">
         <name>WriteFloat</name>
         <value>0x5cd</value>
         <object_component_ref idref="oc-c9"/>
      </symbol>
      <symbol id="sm-1cc">
         <name>PID_Init</name>
         <value>0x11ad</value>
         <object_component_ref idref="oc-c3"/>
      </symbol>
      <symbol id="sm-1cd">
         <name>PID_realize</name>
         <value>0x1211</value>
         <object_component_ref idref="oc-c3"/>
      </symbol>
      <symbol id="sm-1e0">
         <name>DelayMs</name>
         <value>0x2791</value>
         <object_component_ref idref="oc-9e"/>
      </symbol>
      <symbol id="sm-1e1">
         <name>SysClock_Init</name>
         <value>0x2781</value>
         <object_component_ref idref="oc-9e"/>
      </symbol>
      <symbol id="sm-20f">
         <name>TimerCounter</name>
         <value>0x20000254</value>
      </symbol>
      <symbol id="sm-210">
         <name>TimerIntFlag</name>
         <value>0x20000276</value>
      </symbol>
      <symbol id="sm-211">
         <name>Flag</name>
         <value>0x20000274</value>
      </symbol>
      <symbol id="sm-212">
         <name>Label</name>
         <value>0x20000275</value>
      </symbol>
      <symbol id="sm-213">
         <name>Vout</name>
         <value>0x20000258</value>
      </symbol>
      <symbol id="sm-214">
         <name>temp</name>
         <value>0x20000268</value>
      </symbol>
      <symbol id="sm-215">
         <name>tempz</name>
         <value>0x2000026c</value>
      </symbol>
      <symbol id="sm-216">
         <name>settemp1</name>
         <value>0x20000260</value>
      </symbol>
      <symbol id="sm-217">
         <name>T_set</name>
         <value>0x2000024c</value>
      </symbol>
      <symbol id="sm-218">
         <name>T_temp</name>
         <value>0x20000250</value>
      </symbol>
      <symbol id="sm-219">
         <name>tempc</name>
         <value>0x2000022c</value>
      </symbol>
      <symbol id="sm-21a">
         <name>speeda</name>
         <value>0x20000264</value>
      </symbol>
      <symbol id="sm-21b">
         <name>P_temp</name>
         <value>0x20000248</value>
      </symbol>
      <symbol id="sm-21c">
         <name>I_temp</name>
         <value>0x20000244</value>
      </symbol>
      <symbol id="sm-21d">
         <name>D_temp</name>
         <value>0x20000240</value>
      </symbol>
      <symbol id="sm-21e">
         <name>pidbz</name>
         <value>0x2000025c</value>
      </symbol>
      <symbol id="sm-21f">
         <name>TIMER_Init</name>
         <value>0x1805</value>
         <object_component_ref idref="oc-2f"/>
      </symbol>
      <symbol id="sm-220">
         <name>TIMER0B_Handler</name>
         <value>0x1855</value>
         <object_component_ref idref="oc-2f"/>
      </symbol>
      <symbol id="sm-221">
         <name>pid</name>
         <value>0x20000200</value>
         <object_component_ref idref="oc-15a"/>
      </symbol>
      <symbol id="sm-232">
         <name>UART_Init</name>
         <value>0x26a9</value>
         <object_component_ref idref="oc-21a"/>
      </symbol>
      <symbol id="sm-245">
         <name>LED_Off</name>
         <value>0x2543</value>
         <object_component_ref idref="oc-214"/>
      </symbol>
      <symbol id="sm-246">
         <name>LED_Init</name>
         <value>0x251d</value>
         <object_component_ref idref="oc-214"/>
      </symbol>
      <symbol id="sm-247">
         <name>LED_On</name>
         <value>0x252f</value>
         <object_component_ref idref="oc-214"/>
      </symbol>
      <symbol id="sm-257">
         <name>_c_int00</name>
         <value>0x24d5</value>
         <object_component_ref idref="oc-11"/>
      </symbol>
      <symbol id="sm-258">
         <name>__stack</name>
         <value>0x20000000</value>
         <object_component_ref idref="oc-28"/>
      </symbol>
      <symbol id="sm-26f">
         <name>__TI_decompress_none</name>
         <value>0x2993</value>
         <object_component_ref idref="oc-16"/>
      </symbol>
      <symbol id="sm-293">
         <name>__TI_decompress_rle24</name>
         <value>0x29fb</value>
         <object_component_ref idref="oc-22"/>
      </symbol>
      <symbol id="sm-2a7">
         <name>__TI_zero_init</name>
         <value>0x2965</value>
         <object_component_ref idref="oc-1c"/>
      </symbol>
      <symbol id="sm-2c6">
         <name>C$$EXIT</name>
         <value>0x25a5</value>
         <object_component_ref idref="oc-43"/>
      </symbol>
      <symbol id="sm-2c7">
         <name>abort</name>
         <value>0x25a9</value>
         <object_component_ref idref="oc-43"/>
      </symbol>
      <symbol id="sm-2c8">
         <name>exit</name>
         <value>0x25b1</value>
         <object_component_ref idref="oc-43"/>
      </symbol>
      <symbol id="sm-2c9">
         <name>__TI_dtors_ptr</name>
         <value>0x20000284</value>
         <object_component_ref idref="oc-10b"/>
      </symbol>
      <symbol id="sm-2ca">
         <name>__TI_cleanup_ptr</name>
         <value>0x20000280</value>
         <object_component_ref idref="oc-10b"/>
      </symbol>
      <symbol id="sm-2e1">
         <name>__aeabi_dsub</name>
         <value>0x19f5</value>
         <object_component_ref idref="oc-b9"/>
      </symbol>
      <symbol id="sm-2e2">
         <name>__aeabi_dadd</name>
         <value>0x19ff</value>
         <object_component_ref idref="oc-b9"/>
      </symbol>
      <symbol id="sm-2f4">
         <name>__aeabi_cdcmpeq</name>
         <value>0x2155</value>
         <object_component_ref idref="oc-1b2"/>
      </symbol>
      <symbol id="sm-2f5">
         <name>__aeabi_cdcmple</name>
         <value>0x2155</value>
         <object_component_ref idref="oc-1b2"/>
      </symbol>
      <symbol id="sm-309">
         <name>__aeabi_ddiv</name>
         <value>0x1bab</value>
         <object_component_ref idref="oc-b4"/>
      </symbol>
      <symbol id="sm-314">
         <name>__aeabi_dmul</name>
         <value>0x1f29</value>
         <object_component_ref idref="oc-af"/>
      </symbol>
      <symbol id="sm-31e">
         <name>__aeabi_d2f</name>
         <value>0x23f9</value>
         <object_component_ref idref="oc-be"/>
      </symbol>
      <symbol id="sm-329">
         <name>__aeabi_f2d</name>
         <value>0x26e1</value>
         <object_component_ref idref="oc-14e"/>
      </symbol>
      <symbol id="sm-333">
         <name>__aeabi_i2d</name>
         <value>0x27df</value>
         <object_component_ref idref="oc-1ad"/>
      </symbol>
      <symbol id="sm-34e">
         <name>memcpy</name>
         <value>0x2025</value>
         <object_component_ref idref="oc-4d"/>
      </symbol>
      <symbol id="sm-34f">
         <name>__aeabi_memcpy</name>
         <value>0x2025</value>
         <object_component_ref idref="oc-4d"/>
      </symbol>
      <symbol id="sm-350">
         <name>__aeabi_memcpy8</name>
         <value>0x2025</value>
         <object_component_ref idref="oc-4d"/>
      </symbol>
      <symbol id="sm-351">
         <name>__aeabi_memcpy4</name>
         <value>0x2025</value>
         <object_component_ref idref="oc-4d"/>
      </symbol>
      <symbol id="sm-359">
         <name>main_func_sp</name>
         <value>0x20000290</value>
         <object_component_ref idref="oc-49"/>
      </symbol>
      <symbol id="sm-369">
         <name>__aeabi_uidivmod</name>
         <value>0x25e9</value>
         <object_component_ref idref="oc-1fc"/>
      </symbol>
      <symbol id="sm-373">
         <name>__aeabi_ui2d</name>
         <value>0x2837</value>
         <object_component_ref idref="oc-aa"/>
      </symbol>
      <symbol id="sm-38c">
         <name>_nop</name>
         <value>0x2917</value>
         <object_component_ref idref="oc-229"/>
      </symbol>
      <symbol id="sm-38d">
         <name>_lock</name>
         <value>0x20000278</value>
         <object_component_ref idref="oc-108"/>
      </symbol>
      <symbol id="sm-38e">
         <name>_unlock</name>
         <value>0x2000027c</value>
         <object_component_ref idref="oc-108"/>
      </symbol>
      <symbol id="sm-38f">
         <name>_register_lock</name>
         <value>0x290f</value>
         <object_component_ref idref="oc-229"/>
      </symbol>
      <symbol id="sm-390">
         <name>_register_unlock</name>
         <value>0x2909</value>
         <object_component_ref idref="oc-229"/>
      </symbol>
      <symbol id="sm-3a4">
         <name>_args_main</name>
         <value>0x28c5</value>
         <object_component_ref idref="oc-3d"/>
      </symbol>
      <symbol id="sm-3c1">
         <name>__TI_auto_init</name>
         <value>0x20c1</value>
         <object_component_ref idref="oc-38"/>
      </symbol>
      <symbol id="sm-3da">
         <name>copy_in</name>
         <value>0x2561</value>
         <object_component_ref idref="oc-f9"/>
      </symbol>
      <symbol id="sm-41d">
         <name>UARTConfigSetExpClk</name>
         <value>0x262b</value>
         <object_component_ref idref="oc-1de"/>
      </symbol>
      <symbol id="sm-41e">
         <name>UARTDisable</name>
         <value>0x2875</value>
         <object_component_ref idref="oc-28f"/>
      </symbol>
      <symbol id="sm-41f">
         <name>UARTCharPut</name>
         <value>0x29d7</value>
         <object_component_ref idref="oc-1ea"/>
      </symbol>
      <symbol id="sm-420">
         <name>UARTEnable</name>
         <value>0x28f3</value>
         <object_component_ref idref="oc-1e4"/>
      </symbol>
      <symbol id="sm-421">
         <name>UARTCharGet</name>
         <value>0x29cd</value>
         <object_component_ref idref="oc-1f0"/>
      </symbol>
      <symbol id="sm-454">
         <name>TimerLoadSet</name>
         <value>0x2953</value>
         <object_component_ref idref="oc-7a"/>
      </symbol>
      <symbol id="sm-455">
         <name>TimerEnable</name>
         <value>0x2985</value>
         <object_component_ref idref="oc-92"/>
      </symbol>
      <symbol id="sm-456">
         <name>TimerIntEnable</name>
         <value>0x29e1</value>
         <object_component_ref idref="oc-86"/>
      </symbol>
      <symbol id="sm-457">
         <name>TimerConfigure</name>
         <value>0x239d</value>
         <object_component_ref idref="oc-74"/>
      </symbol>
      <symbol id="sm-458">
         <name>TimerIntClear</name>
         <value>0x2a01</value>
         <object_component_ref idref="oc-db"/>
      </symbol>
      <symbol id="sm-4fa">
         <name>SysCtlPeripheralPresent</name>
         <value>0x274d</value>
         <object_component_ref idref="oc-1d8"/>
      </symbol>
      <symbol id="sm-4fb">
         <name>SysCtlDelay</name>
         <value>0x29f5</value>
         <object_component_ref idref="oc-164"/>
      </symbol>
      <symbol id="sm-4fc">
         <name>SysCtlPeripheralEnable</name>
         <value>0x2719</value>
         <object_component_ref idref="oc-6e"/>
      </symbol>
      <symbol id="sm-4fd">
         <name>SysCtlClockGet</name>
         <value>0x1e11</value>
         <object_component_ref idref="oc-1c3"/>
      </symbol>
      <symbol id="sm-4fe">
         <name>SysCtlClockFreqSet</name>
         <value>0x1609</value>
         <object_component_ref idref="oc-15e"/>
      </symbol>
      <symbol id="sm-52c">
         <name>IntEnable</name>
         <value>0x22dd</value>
         <object_component_ref idref="oc-8c"/>
      </symbol>
      <symbol id="sm-52d">
         <name>IntMasterEnable</name>
         <value>0x29c3</value>
         <object_component_ref idref="oc-80"/>
      </symbol>
      <symbol id="sm-58d">
         <name>GPIOPinConfigure</name>
         <value>0x2445</value>
         <object_component_ref idref="oc-2ac"/>
      </symbol>
      <symbol id="sm-58e">
         <name>GPIOPinTypeADC</name>
         <value>0x291d</value>
         <object_component_ref idref="oc-177"/>
      </symbol>
      <symbol id="sm-58f">
         <name>GPIOPinTypeGPIOInput</name>
         <value>0x292f</value>
         <object_component_ref idref="oc-142"/>
      </symbol>
      <symbol id="sm-590">
         <name>GPIOPinTypeUART</name>
         <value>0x2941</value>
         <object_component_ref idref="oc-2b2"/>
      </symbol>
      <symbol id="sm-591">
         <name>GPIOPinTypeGPIOOutput</name>
         <value>0x28ad</value>
         <object_component_ref idref="oc-1c9"/>
      </symbol>
      <symbol id="sm-592">
         <name>GPIOPinRead</name>
         <value>0x29e9</value>
         <object_component_ref idref="oc-148"/>
      </symbol>
      <symbol id="sm-593">
         <name>GPIODirModeSet</name>
         <value>0x280d</value>
         <object_component_ref idref="oc-245"/>
      </symbol>
      <symbol id="sm-594">
         <name>GPIOPinWrite</name>
         <value>0x29ef</value>
         <object_component_ref idref="oc-d5"/>
      </symbol>
      <symbol id="sm-595">
         <name>GPIOPadConfigSet</name>
         <value>0x1ce1</value>
         <object_component_ref idref="oc-24b"/>
      </symbol>
      <symbol id="sm-59f">
         <name>CPUcpsie</name>
         <value>0x29a1</value>
         <object_component_ref idref="oc-12f"/>
      </symbol>
      <symbol id="sm-5e9">
         <name>ADCProcessorTrigger</name>
         <value>0x28dd</value>
         <object_component_ref idref="oc-195"/>
      </symbol>
      <symbol id="sm-5ea">
         <name>ADCSequenceEnable</name>
         <value>0x2977</value>
         <object_component_ref idref="oc-189"/>
      </symbol>
      <symbol id="sm-5eb">
         <name>ADCSequenceConfigure</name>
         <value>0x266b</value>
         <object_component_ref idref="oc-17d"/>
      </symbol>
      <symbol id="sm-5ec">
         <name>ADCSequenceStepConfigure</name>
         <value>0x225d</value>
         <object_component_ref idref="oc-183"/>
      </symbol>
      <symbol id="sm-5ed">
         <name>ADCIntClear</name>
         <value>0x29b9</value>
         <object_component_ref idref="oc-18f"/>
      </symbol>
      <symbol id="sm-5ee">
         <name>ADCIntStatus</name>
         <value>0x27b1</value>
         <object_component_ref idref="oc-19b"/>
      </symbol>
      <symbol id="sm-5ef">
         <name>ADCSequenceDataGet</name>
         <value>0x2857</value>
         <object_component_ref idref="oc-1a1"/>
      </symbol>
      <symbol id="sm-5f0">
         <name>__TI_static_base__</name>
         <value>0x0</value>
      </symbol>
      <symbol id="sm-5f1">
         <name>__TI_args_main</name>
         <value>0x1</value>
      </symbol>
      <symbol id="sm-5f2">
         <name>SHT$$INIT_ARRAY$$Limit</name>
         <value>0x0</value>
      </symbol>
      <symbol id="sm-5f3">
         <name>SHT$$INIT_ARRAY$$Base</name>
         <value>0x0</value>
      </symbol>
   </symbol_table>
   <title>Link successful</title>
</link_info>
