******************************************************************************
                  TI ARM Linker PC v5.1.6                      
******************************************************************************
>> Linked Fri Jul 08 05:17:57 2016

OUTPUT FILE NAME:   <temperature6.out>
ENTRY POINT SYMBOL: "_c_int00"  address: 000023c5


MEMORY CONFIGURATION

         name            origin    length      used     unused   attr    fill
----------------------  --------  ---------  --------  --------  ----  --------
  FLASH                 00000000   00100000  00002bf4  000fd40c  R  X
  SRAM                  20000000   00040000  0000029f  0003fd61  RW X


SEGMENT ALLOCATION MAP

run origin  load origin   length   init length attrs members
----------  ----------- ---------- ----------- ----- -------
00000000    00000000    00002bf8   00002bf8    r-x
  00000000    00000000    00000208   00000208    r-- .intvecs
  00000208    00000208    000026c0   000026c0    r-x .text
  000028c8    000028c8    000002f4   000002f4    r-- .const
  00002bc0    00002bc0    00000038   00000038    r-- .cinit
20000000    20000000    000002a0   00000000    rw-
  20000000    20000000    00000200   00000000    rw- .stack
  20000200    20000200    00000083   00000000    rw- .bss
  20000284    20000284    0000001c   00000000    rw- .data


SECTION ALLOCATION MAP

 output                                  attributes/
section   page    origin      length       input sections
--------  ----  ----------  ----------   ----------------
.intvecs   0    00000000    00000208     
                  00000000    00000208     tm4c1294ncpdt_startup_ccs.obj (.intvecs)

.init_array 
*          0    00000000    00000000     UNINITIALIZED

.text      0    00000208    000026c0     
                  00000208    0000069c     LCM.obj (.text)
                  000008a4    0000049c     uartstdio.obj (.text)
                  00000d40    00000478     Button.obj (.text)
                  000011b8    00000288     PID.obj (.text)
                  00001440    00000234     Timer.obj (.text)
                  00001674    000001fc     driverlib.lib : sysctl.obj (.text:SysCtlClockFreqSet)
                  00001870    000001b6     rtsv7M4_T_le_v4SPD16_eabi.lib : fd_add_t2.obj (.text)
                  00001a26    00000136                                   : fd_div_t2.obj (.text)
                  00001b5c    00000130     driverlib.lib : gpio.obj (.text:GPIOPadConfigSet)
                  00001c8c    00000118                   : sysctl.obj (.text:SysCtlClockGet)
                  00001da4    000000fc     main.obj (.text)
                  00001ea0    000000fc     rtsv7M4_T_le_v4SPD16_eabi.lib : fd_mul_t2.obj (.text)
                  00001f9c    0000009c                                   : memcpy_t2.obj (.text)
                  00002038    00000094                                   : auto_init.obj (.text)
                  000020cc    00000080     ADC.obj (.text)
                  0000214c    00000080     driverlib.lib : adc.obj (.text:ADCSequenceStepConfigure)
                  000021cc    00000060                   : interrupt.obj (.text:IntEnable)
                  0000222c    0000005e     rtsv7M4_T_le_v4SPD16_eabi.lib : copy_decompress_rle.obj (.text)
                  0000228a    00000002     --HOLE-- [fill = 0]
                  0000228c    0000005c     driverlib.lib : timer.obj (.text:TimerConfigure)
                  000022e8    0000004a     rtsv7M4_T_le_v4SPD16_eabi.lib : fd_tos_t2.obj (.text)
                  00002332    00000002     --HOLE-- [fill = 0]
                  00002334    00000048     driverlib.lib : gpio.obj (.text:GPIOPinConfigure)
                  0000237c    00000048                   : sysctl.obj (.text:_SysCtlFrequencyGet)
                  000023c4    00000048     rtsv7M4_T_le_v4SPD16_eabi.lib : boot.obj (.text)
                  0000240c    00000044     led.obj (.text)
                  00002450    00000044     rtsv7M4_T_le_v4SPD16_eabi.lib : cpy_tbl.obj (.text)
                  00002494    00000044                                   : exit.obj (.text)
                  000024d8    00000042                                   : u_divt2.obj (.text)
                  0000251a    00000040     driverlib.lib : uart.obj (.text:UARTConfigSetExpClk)
                  0000255a    0000003e                   : adc.obj (.text:ADCSequenceConfigure)
                  00002598    00000038     UART.obj (.text)
                  000025d0    00000038     rtsv7M4_T_le_v4SPD16_eabi.lib : fs_tod_t2.obj (.text)
                  00002608    00000034     driverlib.lib : sysctl.obj (.text:SysCtlPeripheralEnable)
                  0000263c    00000034                   : sysctl.obj (.text:SysCtlPeripheralPresent)
                  00002670    00000030     Sys.obj (.text)
                  000026a0    0000002e     driverlib.lib : adc.obj (.text:ADCIntStatus)
                  000026ce    0000002a                   : gpio.obj (.text:GPIODirModeSet)
                  000026f8    00000020     rtsv7M4_T_le_v4SPD16_eabi.lib : u_tofd_t2.obj (.text)
                  00002718    0000001e     driverlib.lib : adc.obj (.text:ADCSequenceDataGet)
                  00002736    00000002     --HOLE-- [fill = 0]
                  00002738    0000001c                   : uart.obj (.text:UARTDisable)
                  00002754    0000001c                   : sysctl.obj (.text:_SysCtlMemTimingGet)
                  00002770    00000018                   : gpio.obj (.text:GPIOPinTypeGPIOOutput)
                  00002788    00000018     rtsv7M4_T_le_v4SPD16_eabi.lib : args_main.obj (.text)
                  000027a0    00000016     driverlib.lib : adc.obj (.text:ADCProcessorTrigger)
                  000027b6    00000014                   : uart.obj (.text:UARTEnable)
                  000027ca    00000002     --HOLE-- [fill = 0]
                  000027cc    00000014     rtsv7M4_T_le_v4SPD16_eabi.lib : _lock.obj (.text)
                  000027e0    00000012     driverlib.lib : gpio.obj (.text:GPIOPinTypeADC)
                  000027f2    00000012                   : gpio.obj (.text:GPIOPinTypeGPIOInput)
                  00002804    00000012                   : gpio.obj (.text:GPIOPinTypeUART)
                  00002816    00000012                   : timer.obj (.text:TimerLoadSet)
                  00002828    00000012     rtsv7M4_T_le_v4SPD16_eabi.lib : copy_zero_init.obj (.text:decompress:ZI)
                  0000283a    0000000e     driverlib.lib : adc.obj (.text:ADCSequenceEnable)
                  00002848    0000000e                   : timer.obj (.text:TimerEnable)
                  00002856    0000000e     rtsv7M4_T_le_v4SPD16_eabi.lib : copy_decompress_none.obj (.text:decompress:none)
                  00002864    0000000c     driverlib.lib : cpu.obj (.text:CPUcpsie)
                  00002870    0000000c     tm4c1294ncpdt_startup_ccs.obj (.text)
                  0000287c    0000000a     driverlib.lib : adc.obj (.text:ADCIntClear)
                  00002886    0000000a                   : interrupt.obj (.text:IntMasterEnable)
                  00002890    0000000a                   : uart.obj (.text:UARTCharGet)
                  0000289a    0000000a                   : uart.obj (.text:UARTCharPut)
                  000028a4    00000008                   : timer.obj (.text:TimerIntEnable)
                  000028ac    00000006                   : gpio.obj (.text:GPIOPinRead)
                  000028b2    00000006                   : gpio.obj (.text:GPIOPinWrite)
                  000028b8    00000006                   : sysctl.obj (.text:SysCtlDelay)
                  000028be    00000006     rtsv7M4_T_le_v4SPD16_eabi.lib : copy_decompress_rle.obj (.text:decompress:rle24)
                  000028c4    00000004     driverlib.lib : timer.obj (.text:TimerIntClear)

.const     0    000028c8    000002f4     
                  000028c8    00000120     driverlib.lib : sysctl.obj (.const:g_pppui32XTALtoVCO)
                  000029e8    00000090                   : gpio.obj (.const:g_pui32GPIOBaseAddrs)
                  00002a78    00000070                   : interrupt.obj (.const)
                  00002ae8    0000006c                   : sysctl.obj (.const:g_pui32Xtals)
                  00002b54    00000030                   : sysctl.obj (.const:g_sXTALtoMEMTIM)
                  00002b84    0000001c     uartstdio.obj (.const)
                  00002ba0    00000012     uartstdio.obj (.const:.string)
                  00002bb2    00000002     --HOLE-- [fill = 0]
                  00002bb4    00000008     driverlib.lib : sysctl.obj (.const)

.cinit     0    00002bc0    00000038     
                  00002bc0    0000000f     (.cinit..data.load) [load image, compression = rle]
                  00002bcf    00000001     --HOLE-- [fill = 0]
                  00002bd0    0000000c     (__TI_handler_table)
                  00002bdc    00000004     --HOLE-- [fill = 0]
                  00002be0    00000008     (.cinit..bss.load) [load image, compression = zero_init]
                  00002be8    00000010     (__TI_cinit_table)

.stack     0    20000000    00000200     UNINITIALIZED
                  20000000    00000200     --HOLE--

.bss       0    20000200    00000083     UNINITIALIZED
                  20000200    00000034     Timer.obj (.bss:pid)
                  20000234    00000014     (.common:tempc)
                  20000248    00000004     (.common:D_temp)
                  2000024c    00000004     (.common:I_temp)
                  20000250    00000004     (.common:P_temp)
                  20000254    00000004     (.common:T_set)
                  20000258    00000004     (.common:T_temp)
                  2000025c    00000004     (.common:TimerCounter)
                  20000260    00000004     (.common:Vout)
                  20000264    00000004     (.common:pidbz)
                  20000268    00000004     (.common:settemp1)
                  2000026c    00000004     (.common:speeda)
                  20000270    00000004     (.common:temp)
                  20000274    00000004     (.common:tempz)
                  20000278    00000004     (.common:ton)
                  2000027c    00000004     (.common:ui32SysClock)
                  20000280    00000001     (.common:Flag)
                  20000281    00000001     (.common:Label)
                  20000282    00000001     (.common:TimerIntFlag)

.data      0    20000284    0000001c     UNINITIALIZED
                  20000284    00000008     rtsv7M4_T_le_v4SPD16_eabi.lib : _lock.obj (.data)
                  2000028c    00000008                                   : exit.obj (.data)
                  20000294    00000005     uartstdio.obj (.data)
                  20000299    00000003     --HOLE--
                  2000029c    00000004     rtsv7M4_T_le_v4SPD16_eabi.lib : stkdepth_vars.obj (.data)


LINKER GENERATED COPY TABLES

__TI_cinit_table @ 00002be8 records: 2, size/record: 8, table size: 16
	.data: load addr=00002bc0, load size=0000000f bytes, run addr=20000284, run size=0000001c bytes, compression=rle
	.bss: load addr=00002be0, load size=00000008 bytes, run addr=20000200, run size=00000083 bytes, compression=zero_init


LINKER GENERATED HANDLER TABLE

__TI_handler_table @ 00002bd0 records: 3, size/record: 4, table size: 12
	index: 0, handler: __TI_decompress_rle24
	index: 1, handler: __TI_decompress_none
	index: 2, handler: __TI_zero_init


GLOBAL SYMBOLS: SORTED ALPHABETICALLY BY Name 

address    name
--------   ----
0000287d   ADCIntClear
000026a1   ADCIntStatus
000027a1   ADCProcessorTrigger
0000255b   ADCSequenceConfigure
00002719   ADCSequenceDataGet
0000283b   ADCSequenceEnable
0000214d   ADCSequenceStepConfigure
000020cd   ADC_Init
0000210d   ADC_SampleValue
00000d41   Button_Init
00000dad   Button_J1
00000e95   Button_J2
00000f9d   Button_J3
000010d9   Button_J4
00000d6f   Button_Scan
000010fd   Button_run
00002495   C$$EXIT
00002865   CPUcpsie
20000248   D_temp
00002681   DelayMs
20000280   Flag
000026cf   GPIODirModeSet
00001b5d   GPIOPadConfigSet
00002335   GPIOPinConfigure
000028ad   GPIOPinRead
000027e1   GPIOPinTypeADC
000027f3   GPIOPinTypeGPIOInput
00002771   GPIOPinTypeGPIOOutput
00002805   GPIOPinTypeUART
000028b3   GPIOPinWrite
2000024c   I_temp
000021cd   IntEnable
00002887   IntMasterEnable
0000240d   LED_Init
00002433   LED_Off
0000241f   LED_On
20000281   Label
000011b9   PID_Init
0000122b   PID_realize
20000250   P_temp
00002871   ResetISR
UNDEFED    SHT$$INIT_ARRAY$$Base
UNDEFED    SHT$$INIT_ARRAY$$Limit
00002671   SysClock_Init
00001675   SysCtlClockFreqSet
00001c8d   SysCtlClockGet
000028b9   SysCtlDelay
00002609   SysCtlPeripheralEnable
0000263d   SysCtlPeripheralPresent
00001491   TIMER0B_Handler
00001441   TIMER_Init
20000254   T_set
20000258   T_temp
0000228d   TimerConfigure
2000025c   TimerCounter
00002849   TimerEnable
000028c5   TimerIntClear
000028a5   TimerIntEnable
20000282   TimerIntFlag
00002817   TimerLoadSet
00002891   UARTCharGet
0000289b   UARTCharPut
0000251b   UARTConfigSetExpClk
00002739   UARTDisable
000027b7   UARTEnable
000008a5   UARTStdioConfig
00002599   UART_Init
000009eb   UARTgetc
00000931   UARTgets
00000d0b   UARTprintf
00000a11   UARTvprintf
000008eb   UARTwrite
20000260   Vout
000002ff   W_RS
00000293   Write1byte
000003c9   WriteChar
000005cd   WriteFloat
00000481   WriteNum
0000034d   WriteStr
20000200   __STACK_END
00000200   __STACK_SIZE
20000200   __STACK_TOP
00002be8   __TI_CINIT_Base
00002bf8   __TI_CINIT_Limit
00002bd0   __TI_Handler_Table_Base
00002bdc   __TI_Handler_Table_Limit
00000001   __TI_args_main
00002039   __TI_auto_init
2000028c   __TI_cleanup_ptr
00002857   __TI_decompress_none
000028bf   __TI_decompress_rle24
20000290   __TI_dtors_ptr
00000000   __TI_static_base__
00002829   __TI_zero_init
000022e9   __aeabi_d2f
0000187b   __aeabi_dadd
00001a27   __aeabi_ddiv
00001ea1   __aeabi_dmul
00001871   __aeabi_dsub
000025d1   __aeabi_f2d
00001f9d   __aeabi_memcpy
00001f9d   __aeabi_memcpy4
00001f9d   __aeabi_memcpy8
000026f9   __aeabi_ui2d
000024d9   __aeabi_uidivmod
ffffffff   __binit__
ffffffff   __c_args__
20000000   __stack
00002789   _args_main
000023c5   _c_int00
20000284   _lock
000027db   _nop
000027d3   _register_lock
000027cd   _register_unlock
20000288   _unlock
00002499   abort
ffffffff   binit
00002451   copy_in
00000209   delay_Nms
000024a1   exit
00000000   g_pfnVectors
00000439   init_12864
0000023b   init_12864IO
00001da5   main
2000029c   main_func_sp
00001f9d   memcpy
20000200   pid
20000264   pidbz
20000268   settemp1
2000026c   speeda
20000270   temp
20000234   tempc
20000274   tempz
20000278   ton
2000027c   ui32SysClock


GLOBAL SYMBOLS: SORTED BY Symbol Address 

address    name
--------   ----
00000000   __TI_static_base__
00000000   g_pfnVectors
00000001   __TI_args_main
00000200   __STACK_SIZE
00000209   delay_Nms
0000023b   init_12864IO
00000293   Write1byte
000002ff   W_RS
0000034d   WriteStr
000003c9   WriteChar
00000439   init_12864
00000481   WriteNum
000005cd   WriteFloat
000008a5   UARTStdioConfig
000008eb   UARTwrite
00000931   UARTgets
000009eb   UARTgetc
00000a11   UARTvprintf
00000d0b   UARTprintf
00000d41   Button_Init
00000d6f   Button_Scan
00000dad   Button_J1
00000e95   Button_J2
00000f9d   Button_J3
000010d9   Button_J4
000010fd   Button_run
000011b9   PID_Init
0000122b   PID_realize
00001441   TIMER_Init
00001491   TIMER0B_Handler
00001675   SysCtlClockFreqSet
00001871   __aeabi_dsub
0000187b   __aeabi_dadd
00001a27   __aeabi_ddiv
00001b5d   GPIOPadConfigSet
00001c8d   SysCtlClockGet
00001da5   main
00001ea1   __aeabi_dmul
00001f9d   __aeabi_memcpy
00001f9d   __aeabi_memcpy4
00001f9d   __aeabi_memcpy8
00001f9d   memcpy
00002039   __TI_auto_init
000020cd   ADC_Init
0000210d   ADC_SampleValue
0000214d   ADCSequenceStepConfigure
000021cd   IntEnable
0000228d   TimerConfigure
000022e9   __aeabi_d2f
00002335   GPIOPinConfigure
000023c5   _c_int00
0000240d   LED_Init
0000241f   LED_On
00002433   LED_Off
00002451   copy_in
00002495   C$$EXIT
00002499   abort
000024a1   exit
000024d9   __aeabi_uidivmod
0000251b   UARTConfigSetExpClk
0000255b   ADCSequenceConfigure
00002599   UART_Init
000025d1   __aeabi_f2d
00002609   SysCtlPeripheralEnable
0000263d   SysCtlPeripheralPresent
00002671   SysClock_Init
00002681   DelayMs
000026a1   ADCIntStatus
000026cf   GPIODirModeSet
000026f9   __aeabi_ui2d
00002719   ADCSequenceDataGet
00002739   UARTDisable
00002771   GPIOPinTypeGPIOOutput
00002789   _args_main
000027a1   ADCProcessorTrigger
000027b7   UARTEnable
000027cd   _register_unlock
000027d3   _register_lock
000027db   _nop
000027e1   GPIOPinTypeADC
000027f3   GPIOPinTypeGPIOInput
00002805   GPIOPinTypeUART
00002817   TimerLoadSet
00002829   __TI_zero_init
0000283b   ADCSequenceEnable
00002849   TimerEnable
00002857   __TI_decompress_none
00002865   CPUcpsie
00002871   ResetISR
0000287d   ADCIntClear
00002887   IntMasterEnable
00002891   UARTCharGet
0000289b   UARTCharPut
000028a5   TimerIntEnable
000028ad   GPIOPinRead
000028b3   GPIOPinWrite
000028b9   SysCtlDelay
000028bf   __TI_decompress_rle24
000028c5   TimerIntClear
00002bd0   __TI_Handler_Table_Base
00002bdc   __TI_Handler_Table_Limit
00002be8   __TI_CINIT_Base
00002bf8   __TI_CINIT_Limit
20000000   __stack
20000200   __STACK_END
20000200   __STACK_TOP
20000200   pid
20000234   tempc
20000248   D_temp
2000024c   I_temp
20000250   P_temp
20000254   T_set
20000258   T_temp
2000025c   TimerCounter
20000260   Vout
20000264   pidbz
20000268   settemp1
2000026c   speeda
20000270   temp
20000274   tempz
20000278   ton
2000027c   ui32SysClock
20000280   Flag
20000281   Label
20000282   TimerIntFlag
20000284   _lock
20000288   _unlock
2000028c   __TI_cleanup_ptr
20000290   __TI_dtors_ptr
2000029c   main_func_sp
ffffffff   __binit__
ffffffff   __c_args__
ffffffff   binit
UNDEFED    SHT$$INIT_ARRAY$$Base
UNDEFED    SHT$$INIT_ARRAY$$Limit

[135 symbols]
