******************************************************************************
                  TI ARM Linker PC v5.1.6                      
******************************************************************************
>> Linked Tue Jul 05 09:43:05 2016

OUTPUT FILE NAME:   <temprature.out>
ENTRY POINT SYMBOL: "_c_int00"  address: 00000a75


MEMORY CONFIGURATION

         name            origin    length      used     unused   attr    fill
----------------------  --------  ---------  --------  --------  ----  --------
  FLASH                 00000000   00100000  00000f94  000ff06c  R  X
  SRAM                  20000000   00040000  00000217  0003fde9  RW X


SEGMENT ALLOCATION MAP

run origin  load origin   length   init length attrs members
----------  ----------- ---------- ----------- ----- -------
00000000    00000000    00000f98   00000f98    r-x
  00000000    00000000    00000208   00000208    r-- .intvecs
  00000208    00000208    00000b20   00000b20    r-x .text
  00000d28    00000d28    00000234   00000234    r-- .const
  00000f60    00000f60    00000038   00000038    r-- .cinit
20000000    20000000    00000217   00000000    rw-
  20000000    20000000    00000200   00000000    rw- .stack
  20000200    20000200    00000014   00000000    rw- .data
  20000214    20000214    00000003   00000000    rw- .bss


SECTION ALLOCATION MAP

 output                                  attributes/
section   page    origin      length       input sections
--------  ----  ----------  ----------   ----------------
.intvecs   0    00000000    00000208     
                  00000000    00000208     tm4c1294ncpdt_startup_ccs.obj (.intvecs)

.init_array 
*          0    00000000    00000000     UNINITIALIZED

.text      0    00000208    00000b20     
                  00000208    00000214     Button.obj (.text)
                  0000041c    000001fc     driverlib.lib : sysctl.obj (.text:SysCtlClockFreqSet)
                  00000618    00000130                   : gpio.obj (.text:GPIOPadConfigSet)
                  00000748    0000009c     rtsv7M4_T_le_v4SPD16_eabi.lib : memcpy_t2.obj (.text)
                  000007e4    00000098     Timer.obj (.text)
                  0000087c    00000094     rtsv7M4_T_le_v4SPD16_eabi.lib : auto_init.obj (.text)
                  00000910    00000060     driverlib.lib : interrupt.obj (.text:IntEnable)
                  00000970    0000005e     rtsv7M4_T_le_v4SPD16_eabi.lib : copy_decompress_rle.obj (.text)
                  000009ce    00000002     --HOLE-- [fill = 0]
                  000009d0    0000005c     driverlib.lib : timer.obj (.text:TimerConfigure)
                  00000a2c    00000048                   : sysctl.obj (.text:_SysCtlFrequencyGet)
                  00000a74    00000048     rtsv7M4_T_le_v4SPD16_eabi.lib : boot.obj (.text)
                  00000abc    00000044     led.obj (.text)
                  00000b00    00000044     rtsv7M4_T_le_v4SPD16_eabi.lib : cpy_tbl.obj (.text)
                  00000b44    00000044                                   : exit.obj (.text)
                  00000b88    00000034     driverlib.lib : sysctl.obj (.text:SysCtlPeripheralEnable)
                  00000bbc    0000002a                   : gpio.obj (.text:GPIODirModeSet)
                  00000be6    00000002     --HOLE-- [fill = 0]
                  00000be8    00000028     Sys.obj (.text)
                  00000c10    00000020     main.obj (.text)
                  00000c30    0000001c     driverlib.lib : sysctl.obj (.text:_SysCtlMemTimingGet)
                  00000c4c    00000018                   : gpio.obj (.text:GPIOPinTypeGPIOOutput)
                  00000c64    00000018     rtsv7M4_T_le_v4SPD16_eabi.lib : args_main.obj (.text)
                  00000c7c    00000014                                   : _lock.obj (.text)
                  00000c90    00000012     driverlib.lib : gpio.obj (.text:GPIOPinTypeGPIOInput)
                  00000ca2    00000012                   : timer.obj (.text:TimerLoadSet)
                  00000cb4    00000012     rtsv7M4_T_le_v4SPD16_eabi.lib : copy_zero_init.obj (.text:decompress:ZI)
                  00000cc6    0000000e     driverlib.lib : timer.obj (.text:TimerEnable)
                  00000cd4    0000000e     rtsv7M4_T_le_v4SPD16_eabi.lib : copy_decompress_none.obj (.text:decompress:none)
                  00000ce2    0000000c     driverlib.lib : cpu.obj (.text:CPUcpsie)
                  00000cee    0000000c     tm4c1294ncpdt_startup_ccs.obj (.text)
                  00000cfa    0000000a     driverlib.lib : interrupt.obj (.text:IntMasterEnable)
                  00000d04    00000008                   : timer.obj (.text:TimerIntEnable)
                  00000d0c    00000006                   : gpio.obj (.text:GPIOPinRead)
                  00000d12    00000006                   : gpio.obj (.text:GPIOPinWrite)
                  00000d18    00000006                   : sysctl.obj (.text:SysCtlDelay)
                  00000d1e    00000006     rtsv7M4_T_le_v4SPD16_eabi.lib : copy_decompress_rle.obj (.text:decompress:rle24)
                  00000d24    00000004     driverlib.lib : timer.obj (.text:TimerIntClear)

.const     0    00000d28    00000234     
                  00000d28    00000120     driverlib.lib : sysctl.obj (.const:g_pppui32XTALtoVCO)
                  00000e48    00000070                   : interrupt.obj (.const)
                  00000eb8    0000006c                   : sysctl.obj (.const:g_pui32Xtals)
                  00000f24    00000030                   : sysctl.obj (.const:g_sXTALtoMEMTIM)
                  00000f54    00000008                   : sysctl.obj (.const)

.cinit     0    00000f60    00000038     
                  00000f60    0000000f     (.cinit..data.load) [load image, compression = rle]
                  00000f6f    00000001     --HOLE-- [fill = 0]
                  00000f70    0000000c     (__TI_handler_table)
                  00000f7c    00000004     --HOLE-- [fill = 0]
                  00000f80    00000008     (.cinit..bss.load) [load image, compression = zero_init]
                  00000f88    00000010     (__TI_cinit_table)

.stack     0    20000000    00000200     UNINITIALIZED
                  20000000    00000200     --HOLE--

.data      0    20000200    00000014     UNINITIALIZED
                  20000200    00000008     rtsv7M4_T_le_v4SPD16_eabi.lib : _lock.obj (.data)
                  20000208    00000008                                   : exit.obj (.data)
                  20000210    00000004                                   : stkdepth_vars.obj (.data)

.bss       0    20000214    00000003     UNINITIALIZED
                  20000214    00000001     (.common:Flag)
                  20000215    00000001     (.common:TimerCounter)
                  20000216    00000001     (.common:TimerIntFlag)


LINKER GENERATED COPY TABLES

__TI_cinit_table @ 00000f88 records: 2, size/record: 8, table size: 16
	.data: load addr=00000f60, load size=0000000f bytes, run addr=20000200, run size=00000014 bytes, compression=rle
	.bss: load addr=00000f80, load size=00000008 bytes, run addr=20000214, run size=00000003 bytes, compression=zero_init


LINKER GENERATED HANDLER TABLE

__TI_handler_table @ 00000f70 records: 3, size/record: 4, table size: 12
	index: 0, handler: __TI_decompress_rle24
	index: 1, handler: __TI_decompress_none
	index: 2, handler: __TI_zero_init


GLOBAL SYMBOLS: SORTED ALPHABETICALLY BY Name 

address    name
--------   ----
00000209   Button_Init
00000237   Button_Scan
000002dd   Button_SearchKeyValue
000003b7   Button_run
00000b45   C$$EXIT
00000ce3   CPUcpsie
00000bf5   DelayMs
20000214   Flag
00000bbd   GPIODirModeSet
00000619   GPIOPadConfigSet
00000d0d   GPIOPinRead
00000c91   GPIOPinTypeGPIOInput
00000c4d   GPIOPinTypeGPIOOutput
00000d13   GPIOPinWrite
00000911   IntEnable
00000cfb   IntMasterEnable
00000abd   LED_Init
00000ae3   LED_Off
00000acf   LED_On
00000cef   ResetISR
UNDEFED    SHT$$INIT_ARRAY$$Base
UNDEFED    SHT$$INIT_ARRAY$$Limit
00000be9   SysClock_Init
0000041d   SysCtlClockFreqSet
00000d19   SysCtlDelay
00000b89   SysCtlPeripheralEnable
00000835   TIMER0B_Handler
000007e5   TIMER_Init
000009d1   TimerConfigure
20000215   TimerCounter
00000cc7   TimerEnable
00000d25   TimerIntClear
00000d05   TimerIntEnable
20000216   TimerIntFlag
00000ca3   TimerLoadSet
20000200   __STACK_END
00000200   __STACK_SIZE
20000200   __STACK_TOP
00000f88   __TI_CINIT_Base
00000f98   __TI_CINIT_Limit
00000f70   __TI_Handler_Table_Base
00000f7c   __TI_Handler_Table_Limit
00000001   __TI_args_main
0000087d   __TI_auto_init
20000208   __TI_cleanup_ptr
00000cd5   __TI_decompress_none
00000d1f   __TI_decompress_rle24
2000020c   __TI_dtors_ptr
00000000   __TI_static_base__
00000cb5   __TI_zero_init
00000749   __aeabi_memcpy
00000749   __aeabi_memcpy4
00000749   __aeabi_memcpy8
ffffffff   __binit__
ffffffff   __c_args__
20000000   __stack
00000c65   _args_main
00000a75   _c_int00
20000200   _lock
00000c8b   _nop
00000c83   _register_lock
00000c7d   _register_unlock
20000204   _unlock
00000b49   abort
ffffffff   binit
00000b01   copy_in
00000b51   exit
00000000   g_pfnVectors
00000c11   main
20000210   main_func_sp
00000749   memcpy


GLOBAL SYMBOLS: SORTED BY Symbol Address 

address    name
--------   ----
00000000   __TI_static_base__
00000000   g_pfnVectors
00000001   __TI_args_main
00000200   __STACK_SIZE
00000209   Button_Init
00000237   Button_Scan
000002dd   Button_SearchKeyValue
000003b7   Button_run
0000041d   SysCtlClockFreqSet
00000619   GPIOPadConfigSet
00000749   __aeabi_memcpy
00000749   __aeabi_memcpy4
00000749   __aeabi_memcpy8
00000749   memcpy
000007e5   TIMER_Init
00000835   TIMER0B_Handler
0000087d   __TI_auto_init
00000911   IntEnable
000009d1   TimerConfigure
00000a75   _c_int00
00000abd   LED_Init
00000acf   LED_On
00000ae3   LED_Off
00000b01   copy_in
00000b45   C$$EXIT
00000b49   abort
00000b51   exit
00000b89   SysCtlPeripheralEnable
00000bbd   GPIODirModeSet
00000be9   SysClock_Init
00000bf5   DelayMs
00000c11   main
00000c4d   GPIOPinTypeGPIOOutput
00000c65   _args_main
00000c7d   _register_unlock
00000c83   _register_lock
00000c8b   _nop
00000c91   GPIOPinTypeGPIOInput
00000ca3   TimerLoadSet
00000cb5   __TI_zero_init
00000cc7   TimerEnable
00000cd5   __TI_decompress_none
00000ce3   CPUcpsie
00000cef   ResetISR
00000cfb   IntMasterEnable
00000d05   TimerIntEnable
00000d0d   GPIOPinRead
00000d13   GPIOPinWrite
00000d19   SysCtlDelay
00000d1f   __TI_decompress_rle24
00000d25   TimerIntClear
00000f70   __TI_Handler_Table_Base
00000f7c   __TI_Handler_Table_Limit
00000f88   __TI_CINIT_Base
00000f98   __TI_CINIT_Limit
20000000   __stack
20000200   __STACK_END
20000200   __STACK_TOP
20000200   _lock
20000204   _unlock
20000208   __TI_cleanup_ptr
2000020c   __TI_dtors_ptr
20000210   main_func_sp
20000214   Flag
20000215   TimerCounter
20000216   TimerIntFlag
ffffffff   __binit__
ffffffff   __c_args__
ffffffff   binit
UNDEFED    SHT$$INIT_ARRAY$$Base
UNDEFED    SHT$$INIT_ARRAY$$Limit

[71 symbols]
