******************************************************************************
                  TI ARM Linker PC v5.1.6                      
******************************************************************************
>> Linked Thu Jul 07 16:12:10 2016

OUTPUT FILE NAME:   <temperature2.out>
ENTRY POINT SYMBOL: "_c_int00"  address: 00002455


MEMORY CONFIGURATION

         name            origin    length      used     unused   attr    fill
----------------------  --------  ---------  --------  --------  ----  --------
  FLASH                 00000000   00100000  00002c84  000fd37c  R  X
  SRAM                  20000000   00040000  0000029f  0003fd61  RW X


SEGMENT ALLOCATION MAP

run origin  load origin   length   init length attrs members
----------  ----------- ---------- ----------- ----- -------
00000000    00000000    00002c88   00002c88    r-x
  00000000    00000000    00000208   00000208    r-- .intvecs
  00000208    00000208    00002750   00002750    r-x .text
  00002958    00002958    000002f4   000002f4    r-- .const
  00002c50    00002c50    00000038   00000038    r-- .cinit
20000000    20000000    000002a0   00000000    rw-
  20000000    20000000    00000200   00000000    rw- .stack
  20000200    20000200    00000083   00000000    rw- .bss
  20000284    20000284    0000001c   00000000    rw- .data


SECTION ALLOCATION MAP

 output                                  attributes/
section   page    origin      length       input sections
--------  ----  ----------  ----------   ----------------
.intvecs   0    00000000    00000208     
                  00000000    00000208     tm4c1294ncpdt_startup_ccs.obj (.intvecs)

.init_array 
*          0    00000000    00000000     UNINITIALIZED

.text      0    00000208    00002750     
                  00000208    0000069c     LCM.obj (.text)
                  000008a4    0000049c     uartstdio.obj (.text)
                  00000d40    0000046c     Button.obj (.text)
                  000011ac    00000228     Timer.obj (.text)
                  000013d4    0000021c     PID.obj (.text)
                  000015f0    00000210     main.obj (.text)
                  00001800    000001fc     driverlib.lib : sysctl.obj (.text:SysCtlClockFreqSet)
                  000019fc    000001b6     rtsv7M4_T_le_v4SPD16_eabi.lib : fd_add_t2.obj (.text)
                  00001bb2    00000136                                   : fd_div_t2.obj (.text)
                  00001ce8    00000130     driverlib.lib : gpio.obj (.text:GPIOPadConfigSet)
                  00001e18    00000118                   : sysctl.obj (.text:SysCtlClockGet)
                  00001f30    000000fc     rtsv7M4_T_le_v4SPD16_eabi.lib : fd_mul_t2.obj (.text)
                  0000202c    0000009c                                   : memcpy_t2.obj (.text)
                  000020c8    00000094                                   : auto_init.obj (.text)
                  0000215c    00000080     ADC.obj (.text)
                  000021dc    00000080     driverlib.lib : adc.obj (.text:ADCSequenceStepConfigure)
                  0000225c    00000060                   : interrupt.obj (.text:IntEnable)
                  000022bc    0000005e     rtsv7M4_T_le_v4SPD16_eabi.lib : copy_decompress_rle.obj (.text)
                  0000231a    00000002     --HOLE-- [fill = 0]
                  0000231c    0000005c     driverlib.lib : timer.obj (.text:TimerConfigure)
                  00002378    0000004a     rtsv7M4_T_le_v4SPD16_eabi.lib : fd_tos_t2.obj (.text)
                  000023c2    00000002     --HOLE-- [fill = 0]
                  000023c4    00000048     driverlib.lib : gpio.obj (.text:GPIOPinConfigure)
                  0000240c    00000048                   : sysctl.obj (.text:_SysCtlFrequencyGet)
                  00002454    00000048     rtsv7M4_T_le_v4SPD16_eabi.lib : boot.obj (.text)
                  0000249c    00000044     led.obj (.text)
                  000024e0    00000044     rtsv7M4_T_le_v4SPD16_eabi.lib : cpy_tbl.obj (.text)
                  00002524    00000044                                   : exit.obj (.text)
                  00002568    00000042                                   : u_divt2.obj (.text)
                  000025aa    00000040     driverlib.lib : uart.obj (.text:UARTConfigSetExpClk)
                  000025ea    0000003e                   : adc.obj (.text:ADCSequenceConfigure)
                  00002628    00000038     UART.obj (.text)
                  00002660    00000038     rtsv7M4_T_le_v4SPD16_eabi.lib : fs_tod_t2.obj (.text)
                  00002698    00000034     driverlib.lib : sysctl.obj (.text:SysCtlPeripheralEnable)
                  000026cc    00000034                   : sysctl.obj (.text:SysCtlPeripheralPresent)
                  00002700    00000030     Sys.obj (.text)
                  00002730    0000002e     driverlib.lib : adc.obj (.text:ADCIntStatus)
                  0000275e    0000002a                   : gpio.obj (.text:GPIODirModeSet)
                  00002788    00000020     rtsv7M4_T_le_v4SPD16_eabi.lib : u_tofd_t2.obj (.text)
                  000027a8    0000001e     driverlib.lib : adc.obj (.text:ADCSequenceDataGet)
                  000027c6    00000002     --HOLE-- [fill = 0]
                  000027c8    0000001c                   : uart.obj (.text:UARTDisable)
                  000027e4    0000001c                   : sysctl.obj (.text:_SysCtlMemTimingGet)
                  00002800    00000018                   : gpio.obj (.text:GPIOPinTypeGPIOOutput)
                  00002818    00000018     rtsv7M4_T_le_v4SPD16_eabi.lib : args_main.obj (.text)
                  00002830    00000016     driverlib.lib : adc.obj (.text:ADCProcessorTrigger)
                  00002846    00000014                   : uart.obj (.text:UARTEnable)
                  0000285a    00000002     --HOLE-- [fill = 0]
                  0000285c    00000014     rtsv7M4_T_le_v4SPD16_eabi.lib : _lock.obj (.text)
                  00002870    00000012     driverlib.lib : gpio.obj (.text:GPIOPinTypeADC)
                  00002882    00000012                   : gpio.obj (.text:GPIOPinTypeGPIOInput)
                  00002894    00000012                   : gpio.obj (.text:GPIOPinTypeUART)
                  000028a6    00000012                   : timer.obj (.text:TimerLoadSet)
                  000028b8    00000012     rtsv7M4_T_le_v4SPD16_eabi.lib : copy_zero_init.obj (.text:decompress:ZI)
                  000028ca    0000000e     driverlib.lib : adc.obj (.text:ADCSequenceEnable)
                  000028d8    0000000e                   : timer.obj (.text:TimerEnable)
                  000028e6    0000000e     rtsv7M4_T_le_v4SPD16_eabi.lib : copy_decompress_none.obj (.text:decompress:none)
                  000028f4    0000000c     driverlib.lib : cpu.obj (.text:CPUcpsie)
                  00002900    0000000c     tm4c1294ncpdt_startup_ccs.obj (.text)
                  0000290c    0000000a     driverlib.lib : adc.obj (.text:ADCIntClear)
                  00002916    0000000a                   : interrupt.obj (.text:IntMasterEnable)
                  00002920    0000000a                   : uart.obj (.text:UARTCharGet)
                  0000292a    0000000a                   : uart.obj (.text:UARTCharPut)
                  00002934    00000008                   : timer.obj (.text:TimerIntEnable)
                  0000293c    00000006                   : gpio.obj (.text:GPIOPinRead)
                  00002942    00000006                   : gpio.obj (.text:GPIOPinWrite)
                  00002948    00000006                   : sysctl.obj (.text:SysCtlDelay)
                  0000294e    00000006     rtsv7M4_T_le_v4SPD16_eabi.lib : copy_decompress_rle.obj (.text:decompress:rle24)
                  00002954    00000004     driverlib.lib : timer.obj (.text:TimerIntClear)

.const     0    00002958    000002f4     
                  00002958    00000120     driverlib.lib : sysctl.obj (.const:g_pppui32XTALtoVCO)
                  00002a78    00000090                   : gpio.obj (.const:g_pui32GPIOBaseAddrs)
                  00002b08    00000070                   : interrupt.obj (.const)
                  00002b78    0000006c                   : sysctl.obj (.const:g_pui32Xtals)
                  00002be4    00000030                   : sysctl.obj (.const:g_sXTALtoMEMTIM)
                  00002c14    0000001c     uartstdio.obj (.const)
                  00002c30    00000012     uartstdio.obj (.const:.string)
                  00002c42    00000002     --HOLE-- [fill = 0]
                  00002c44    00000008     driverlib.lib : sysctl.obj (.const)

.cinit     0    00002c50    00000038     
                  00002c50    0000000f     (.cinit..data.load) [load image, compression = rle]
                  00002c5f    00000001     --HOLE-- [fill = 0]
                  00002c60    0000000c     (__TI_handler_table)
                  00002c6c    00000004     --HOLE-- [fill = 0]
                  00002c70    00000008     (.cinit..bss.load) [load image, compression = zero_init]
                  00002c78    00000010     (__TI_cinit_table)

.stack     0    20000000    00000200     UNINITIALIZED
                  20000000    00000200     --HOLE--

.bss       0    20000200    00000083     UNINITIALIZED
                  20000200    00000034     Timer.obj (.bss:pid)
                  20000234    00000014     (.common:tempc)
                  20000248    00000004     (.common:D_temp)
                  2000024c    00000004     (.common:I_temp)
                  20000250    00000004     (.common:P_temp)
                  20000254    00000004     (.common:T_set)
                  20000258    00000004     (.common:T_temp)
                  2000025c    00000004     (.common:TimerCounter)
                  20000260    00000004     (.common:Vout)
                  20000264    00000004     (.common:pidbz)
                  20000268    00000004     (.common:settemp1)
                  2000026c    00000004     (.common:speeda)
                  20000270    00000004     (.common:temp)
                  20000274    00000004     (.common:tempz)
                  20000278    00000004     (.common:ton)
                  2000027c    00000004     (.common:ui32SysClock)
                  20000280    00000001     (.common:Flag)
                  20000281    00000001     (.common:Label)
                  20000282    00000001     (.common:TimerIntFlag)

.data      0    20000284    0000001c     UNINITIALIZED
                  20000284    00000008     rtsv7M4_T_le_v4SPD16_eabi.lib : _lock.obj (.data)
                  2000028c    00000008                                   : exit.obj (.data)
                  20000294    00000005     uartstdio.obj (.data)
                  20000299    00000003     --HOLE--
                  2000029c    00000004     rtsv7M4_T_le_v4SPD16_eabi.lib : stkdepth_vars.obj (.data)


LINKER GENERATED COPY TABLES

__TI_cinit_table @ 00002c78 records: 2, size/record: 8, table size: 16
	.data: load addr=00002c50, load size=0000000f bytes, run addr=20000284, run size=0000001c bytes, compression=rle
	.bss: load addr=00002c70, load size=00000008 bytes, run addr=20000200, run size=00000083 bytes, compression=zero_init


LINKER GENERATED HANDLER TABLE

__TI_handler_table @ 00002c60 records: 3, size/record: 4, table size: 12
	index: 0, handler: __TI_decompress_rle24
	index: 1, handler: __TI_decompress_none
	index: 2, handler: __TI_zero_init


GLOBAL SYMBOLS: SORTED ALPHABETICALLY BY Name 

address    name
--------   ----
0000290d   ADCIntClear
00002731   ADCIntStatus
00002831   ADCProcessorTrigger
000025eb   ADCSequenceConfigure
000027a9   ADCSequenceDataGet
000028cb   ADCSequenceEnable
000021dd   ADCSequenceStepConfigure
0000215d   ADC_Init
0000219d   ADC_SampleValue
00000d41   Button_Init
00000dad   Button_J1
00000e95   Button_J2
00000f9d   Button_J3
000010d9   Button_J4
00000d6f   Button_Scan
000010f5   Button_run
00002525   C$$EXIT
000028f5   CPUcpsie
20000248   D_temp
00002711   DelayMs
20000280   Flag
0000275f   GPIODirModeSet
00001ce9   GPIOPadConfigSet
000023c5   GPIOPinConfigure
0000293d   GPIOPinRead
00002871   GPIOPinTypeADC
00002883   GPIOPinTypeGPIOInput
00002801   GPIOPinTypeGPIOOutput
00002895   GPIOPinTypeUART
00002943   GPIOPinWrite
2000024c   I_temp
0000225d   IntEnable
00002917   IntMasterEnable
0000249d   LED_Init
000024c3   LED_Off
000024af   LED_On
20000281   Label
000013d5   PID_Init
00001447   PID_realize
20000250   P_temp
00002901   ResetISR
UNDEFED    SHT$$INIT_ARRAY$$Base
UNDEFED    SHT$$INIT_ARRAY$$Limit
00002701   SysClock_Init
00001801   SysCtlClockFreqSet
00001e19   SysCtlClockGet
00002949   SysCtlDelay
00002699   SysCtlPeripheralEnable
000026cd   SysCtlPeripheralPresent
000011fd   TIMER0B_Handler
000011ad   TIMER_Init
20000254   T_set
20000258   T_temp
0000231d   TimerConfigure
2000025c   TimerCounter
000028d9   TimerEnable
00002955   TimerIntClear
00002935   TimerIntEnable
20000282   TimerIntFlag
000028a7   TimerLoadSet
00002921   UARTCharGet
0000292b   UARTCharPut
000025ab   UARTConfigSetExpClk
000027c9   UARTDisable
00002847   UARTEnable
000008a5   UARTStdioConfig
00002629   UART_Init
000009eb   UARTgetc
00000931   UARTgets
00000d0b   UARTprintf
00000a11   UARTvprintf
000008eb   UARTwrite
20000260   Vout
000002ff   W_RS
00000293   Write1byte
000003c9   WriteChar
000005cd   WriteFloat
00000481   WriteNum
0000034d   WriteStr
20000200   __STACK_END
00000200   __STACK_SIZE
20000200   __STACK_TOP
00002c78   __TI_CINIT_Base
00002c88   __TI_CINIT_Limit
00002c60   __TI_Handler_Table_Base
00002c6c   __TI_Handler_Table_Limit
00000001   __TI_args_main
000020c9   __TI_auto_init
2000028c   __TI_cleanup_ptr
000028e7   __TI_decompress_none
0000294f   __TI_decompress_rle24
20000290   __TI_dtors_ptr
00000000   __TI_static_base__
000028b9   __TI_zero_init
00002379   __aeabi_d2f
00001a07   __aeabi_dadd
00001bb3   __aeabi_ddiv
00001f31   __aeabi_dmul
000019fd   __aeabi_dsub
00002661   __aeabi_f2d
0000202d   __aeabi_memcpy
0000202d   __aeabi_memcpy4
0000202d   __aeabi_memcpy8
00002789   __aeabi_ui2d
00002569   __aeabi_uidivmod
ffffffff   __binit__
ffffffff   __c_args__
20000000   __stack
00002819   _args_main
00002455   _c_int00
20000284   _lock
0000286b   _nop
00002863   _register_lock
0000285d   _register_unlock
20000288   _unlock
00002529   abort
ffffffff   binit
000024e1   copy_in
00000209   delay_Nms
00002531   exit
00000000   g_pfnVectors
00000439   init_12864
0000023b   init_12864IO
000015f1   main
2000029c   main_func_sp
0000202d   memcpy
20000200   pid
20000264   pidbz
20000268   settemp1
2000026c   speeda
20000270   temp
20000234   tempc
20000274   tempz
20000278   ton
2000027c   ui32SysClock


GLOBAL SYMBOLS: SORTED BY Symbol Address 

address    name
--------   ----
00000000   __TI_static_base__
00000000   g_pfnVectors
00000001   __TI_args_main
00000200   __STACK_SIZE
00000209   delay_Nms
0000023b   init_12864IO
00000293   Write1byte
000002ff   W_RS
0000034d   WriteStr
000003c9   WriteChar
00000439   init_12864
00000481   WriteNum
000005cd   WriteFloat
000008a5   UARTStdioConfig
000008eb   UARTwrite
00000931   UARTgets
000009eb   UARTgetc
00000a11   UARTvprintf
00000d0b   UARTprintf
00000d41   Button_Init
00000d6f   Button_Scan
00000dad   Button_J1
00000e95   Button_J2
00000f9d   Button_J3
000010d9   Button_J4
000010f5   Button_run
000011ad   TIMER_Init
000011fd   TIMER0B_Handler
000013d5   PID_Init
00001447   PID_realize
000015f1   main
00001801   SysCtlClockFreqSet
000019fd   __aeabi_dsub
00001a07   __aeabi_dadd
00001bb3   __aeabi_ddiv
00001ce9   GPIOPadConfigSet
00001e19   SysCtlClockGet
00001f31   __aeabi_dmul
0000202d   __aeabi_memcpy
0000202d   __aeabi_memcpy4
0000202d   __aeabi_memcpy8
0000202d   memcpy
000020c9   __TI_auto_init
0000215d   ADC_Init
0000219d   ADC_SampleValue
000021dd   ADCSequenceStepConfigure
0000225d   IntEnable
0000231d   TimerConfigure
00002379   __aeabi_d2f
000023c5   GPIOPinConfigure
00002455   _c_int00
0000249d   LED_Init
000024af   LED_On
000024c3   LED_Off
000024e1   copy_in
00002525   C$$EXIT
00002529   abort
00002531   exit
00002569   __aeabi_uidivmod
000025ab   UARTConfigSetExpClk
000025eb   ADCSequenceConfigure
00002629   UART_Init
00002661   __aeabi_f2d
00002699   SysCtlPeripheralEnable
000026cd   SysCtlPeripheralPresent
00002701   SysClock_Init
00002711   DelayMs
00002731   ADCIntStatus
0000275f   GPIODirModeSet
00002789   __aeabi_ui2d
000027a9   ADCSequenceDataGet
000027c9   UARTDisable
00002801   GPIOPinTypeGPIOOutput
00002819   _args_main
00002831   ADCProcessorTrigger
00002847   UARTEnable
0000285d   _register_unlock
00002863   _register_lock
0000286b   _nop
00002871   GPIOPinTypeADC
00002883   GPIOPinTypeGPIOInput
00002895   GPIOPinTypeUART
000028a7   TimerLoadSet
000028b9   __TI_zero_init
000028cb   ADCSequenceEnable
000028d9   TimerEnable
000028e7   __TI_decompress_none
000028f5   CPUcpsie
00002901   ResetISR
0000290d   ADCIntClear
00002917   IntMasterEnable
00002921   UARTCharGet
0000292b   UARTCharPut
00002935   TimerIntEnable
0000293d   GPIOPinRead
00002943   GPIOPinWrite
00002949   SysCtlDelay
0000294f   __TI_decompress_rle24
00002955   TimerIntClear
00002c60   __TI_Handler_Table_Base
00002c6c   __TI_Handler_Table_Limit
00002c78   __TI_CINIT_Base
00002c88   __TI_CINIT_Limit
20000000   __stack
20000200   __STACK_END
20000200   __STACK_TOP
20000200   pid
20000234   tempc
20000248   D_temp
2000024c   I_temp
20000250   P_temp
20000254   T_set
20000258   T_temp
2000025c   TimerCounter
20000260   Vout
20000264   pidbz
20000268   settemp1
2000026c   speeda
20000270   temp
20000274   tempz
20000278   ton
2000027c   ui32SysClock
20000280   Flag
20000281   Label
20000282   TimerIntFlag
20000284   _lock
20000288   _unlock
2000028c   __TI_cleanup_ptr
20000290   __TI_dtors_ptr
2000029c   main_func_sp
ffffffff   __binit__
ffffffff   __c_args__
ffffffff   binit
UNDEFED    SHT$$INIT_ARRAY$$Base
UNDEFED    SHT$$INIT_ARRAY$$Limit

[135 symbols]
