<?xml version="1.0"?>
<link_info>
   <banner>TI ARM Linker PC v5.1.6</banner>
   <copyright>Copyright (c) 1996-2014 Texas Instruments Incorporated</copyright>
   <link_time>0x577efc68</link_time>
   <link_errors>0x0</link_errors>
   <output_file>temperature8.out</output_file>
   <entry_point>
      <name>_c_int00</name>
      <address>0x23e1</address>
   </entry_point>
   <input_file_list>
      <input_file id="fl-2">
         <path>.\</path>
         <kind>object</kind>
         <file>main.obj</file>
         <name>main.obj</name>
      </input_file>
      <input_file id="fl-3">
         <path>.\</path>
         <kind>object</kind>
         <file>tm4c1294ncpdt_startup_ccs.obj</file>
         <name>tm4c1294ncpdt_startup_ccs.obj</name>
      </input_file>
      <input_file id="fl-4">
         <path>.\</path>
         <kind>object</kind>
         <file>uartstdio.obj</file>
         <name>uartstdio.obj</name>
      </input_file>
      <input_file id="fl-5">
         <path>.\User\</path>
         <kind>object</kind>
         <file>ADC.obj</file>
         <name>ADC.obj</name>
      </input_file>
      <input_file id="fl-6">
         <path>.\User\</path>
         <kind>object</kind>
         <file>Button.obj</file>
         <name>Button.obj</name>
      </input_file>
      <input_file id="fl-7">
         <path>.\User\</path>
         <kind>object</kind>
         <file>LCM.obj</file>
         <name>LCM.obj</name>
      </input_file>
      <input_file id="fl-8">
         <path>.\User\</path>
         <kind>object</kind>
         <file>PID.obj</file>
         <name>PID.obj</name>
      </input_file>
      <input_file id="fl-9">
         <path>.\User\</path>
         <kind>object</kind>
         <file>Sys.obj</file>
         <name>Sys.obj</name>
      </input_file>
      <input_file id="fl-a">
         <path>.\User\</path>
         <kind>object</kind>
         <file>Timer.obj</file>
         <name>Timer.obj</name>
      </input_file>
      <input_file id="fl-b">
         <path>.\User\</path>
         <kind>object</kind>
         <file>UART.obj</file>
         <name>UART.obj</name>
      </input_file>
      <input_file id="fl-c">
         <path>.\User\</path>
         <kind>object</kind>
         <file>led.obj</file>
         <name>led.obj</name>
      </input_file>
      <input_file id="fl-13a">
         <path>c:\ti\ccsv6\tools\compiler\arm_5.1.6\lib\</path>
         <kind>archive</kind>
         <file>rtsv7M4_T_le_v4SPD16_eabi.lib</file>
         <name>boot.obj</name>
      </input_file>
      <input_file id="fl-13b">
         <path>c:\ti\ccsv6\tools\compiler\arm_5.1.6\lib\</path>
         <kind>archive</kind>
         <file>rtsv7M4_T_le_v4SPD16_eabi.lib</file>
         <name>copy_decompress_none.obj</name>
      </input_file>
      <input_file id="fl-13c">
         <path>c:\ti\ccsv6\tools\compiler\arm_5.1.6\lib\</path>
         <kind>archive</kind>
         <file>rtsv7M4_T_le_v4SPD16_eabi.lib</file>
         <name>copy_decompress_rle.obj</name>
      </input_file>
      <input_file id="fl-13d">
         <path>c:\ti\ccsv6\tools\compiler\arm_5.1.6\lib\</path>
         <kind>archive</kind>
         <file>rtsv7M4_T_le_v4SPD16_eabi.lib</file>
         <name>copy_zero_init.obj</name>
      </input_file>
      <input_file id="fl-13e">
         <path>c:\ti\ccsv6\tools\compiler\arm_5.1.6\lib\</path>
         <kind>archive</kind>
         <file>rtsv7M4_T_le_v4SPD16_eabi.lib</file>
         <name>exit.obj</name>
      </input_file>
      <input_file id="fl-13f">
         <path>c:\ti\ccsv6\tools\compiler\arm_5.1.6\lib\</path>
         <kind>archive</kind>
         <file>rtsv7M4_T_le_v4SPD16_eabi.lib</file>
         <name>fd_add_t2.obj</name>
      </input_file>
      <input_file id="fl-140">
         <path>c:\ti\ccsv6\tools\compiler\arm_5.1.6\lib\</path>
         <kind>archive</kind>
         <file>rtsv7M4_T_le_v4SPD16_eabi.lib</file>
         <name>fd_div_t2.obj</name>
      </input_file>
      <input_file id="fl-141">
         <path>c:\ti\ccsv6\tools\compiler\arm_5.1.6\lib\</path>
         <kind>archive</kind>
         <file>rtsv7M4_T_le_v4SPD16_eabi.lib</file>
         <name>fd_mul_t2.obj</name>
      </input_file>
      <input_file id="fl-142">
         <path>c:\ti\ccsv6\tools\compiler\arm_5.1.6\lib\</path>
         <kind>archive</kind>
         <file>rtsv7M4_T_le_v4SPD16_eabi.lib</file>
         <name>fd_tos_t2.obj</name>
      </input_file>
      <input_file id="fl-143">
         <path>c:\ti\ccsv6\tools\compiler\arm_5.1.6\lib\</path>
         <kind>archive</kind>
         <file>rtsv7M4_T_le_v4SPD16_eabi.lib</file>
         <name>fs_tod_t2.obj</name>
      </input_file>
      <input_file id="fl-144">
         <path>c:\ti\ccsv6\tools\compiler\arm_5.1.6\lib\</path>
         <kind>archive</kind>
         <file>rtsv7M4_T_le_v4SPD16_eabi.lib</file>
         <name>memcpy_t2.obj</name>
      </input_file>
      <input_file id="fl-145">
         <path>c:\ti\ccsv6\tools\compiler\arm_5.1.6\lib\</path>
         <kind>archive</kind>
         <file>rtsv7M4_T_le_v4SPD16_eabi.lib</file>
         <name>stkdepth_vars.obj</name>
      </input_file>
      <input_file id="fl-146">
         <path>c:\ti\ccsv6\tools\compiler\arm_5.1.6\lib\</path>
         <kind>archive</kind>
         <file>rtsv7M4_T_le_v4SPD16_eabi.lib</file>
         <name>u_divt2.obj</name>
      </input_file>
      <input_file id="fl-147">
         <path>c:\ti\ccsv6\tools\compiler\arm_5.1.6\lib\</path>
         <kind>archive</kind>
         <file>rtsv7M4_T_le_v4SPD16_eabi.lib</file>
         <name>u_tofd_t2.obj</name>
      </input_file>
      <input_file id="fl-148">
         <path>c:\ti\ccsv6\tools\compiler\arm_5.1.6\lib\</path>
         <kind>archive</kind>
         <file>rtsv7M4_T_le_v4SPD16_eabi.lib</file>
         <name>_lock.obj</name>
      </input_file>
      <input_file id="fl-149">
         <path>c:\ti\ccsv6\tools\compiler\arm_5.1.6\lib\</path>
         <kind>archive</kind>
         <file>rtsv7M4_T_le_v4SPD16_eabi.lib</file>
         <name>args_main.obj</name>
      </input_file>
      <input_file id="fl-14a">
         <path>c:\ti\ccsv6\tools\compiler\arm_5.1.6\lib\</path>
         <kind>archive</kind>
         <file>rtsv7M4_T_le_v4SPD16_eabi.lib</file>
         <name>auto_init.obj</name>
      </input_file>
      <input_file id="fl-14b">
         <path>c:\ti\ccsv6\tools\compiler\arm_5.1.6\lib\</path>
         <kind>archive</kind>
         <file>rtsv7M4_T_le_v4SPD16_eabi.lib</file>
         <name>cpy_tbl.obj</name>
      </input_file>
      <input_file id="fl-14c">
         <path>C:\ti\TivaWare_C_Series-2.1.0.12573\driverlib\ccs\Debug\</path>
         <kind>archive</kind>
         <file>driverlib.lib</file>
         <name>uart.obj</name>
      </input_file>
      <input_file id="fl-14d">
         <path>C:\ti\TivaWare_C_Series-2.1.0.12573\driverlib\ccs\Debug\</path>
         <kind>archive</kind>
         <file>driverlib.lib</file>
         <name>timer.obj</name>
      </input_file>
      <input_file id="fl-14e">
         <path>C:\ti\TivaWare_C_Series-2.1.0.12573\driverlib\ccs\Debug\</path>
         <kind>archive</kind>
         <file>driverlib.lib</file>
         <name>sysctl.obj</name>
      </input_file>
      <input_file id="fl-14f">
         <path>C:\ti\TivaWare_C_Series-2.1.0.12573\driverlib\ccs\Debug\</path>
         <kind>archive</kind>
         <file>driverlib.lib</file>
         <name>interrupt.obj</name>
      </input_file>
      <input_file id="fl-150">
         <path>C:\ti\TivaWare_C_Series-2.1.0.12573\driverlib\ccs\Debug\</path>
         <kind>archive</kind>
         <file>driverlib.lib</file>
         <name>gpio.obj</name>
      </input_file>
      <input_file id="fl-151">
         <path>C:\ti\TivaWare_C_Series-2.1.0.12573\driverlib\ccs\Debug\</path>
         <kind>archive</kind>
         <file>driverlib.lib</file>
         <name>cpu.obj</name>
      </input_file>
      <input_file id="fl-152">
         <path>C:\ti\TivaWare_C_Series-2.1.0.12573\driverlib\ccs\Debug\</path>
         <kind>archive</kind>
         <file>driverlib.lib</file>
         <name>adc.obj</name>
      </input_file>
   </input_file_list>
   <object_component_list>
      <object_component id="oc-e">
         <name>.intvecs</name>
         <load_address>0x0</load_address>
         <run_address>0x0</run_address>
         <size>0x208</size>
         <input_file_ref idref="fl-3"/>
      </object_component>
      <object_component id="oc-cf">
         <name>.text</name>
         <load_address>0x208</load_address>
         <run_address>0x208</run_address>
         <size>0x69c</size>
         <input_file_ref idref="fl-7"/>
      </object_component>
      <object_component id="oc-c9">
         <name>.text</name>
         <load_address>0x8a4</load_address>
         <run_address>0x8a4</run_address>
         <size>0x49c</size>
         <input_file_ref idref="fl-4"/>
      </object_component>
      <object_component id="oc-98">
         <name>.text</name>
         <load_address>0xd40</load_address>
         <run_address>0xd40</run_address>
         <size>0x478</size>
         <input_file_ref idref="fl-6"/>
      </object_component>
      <object_component id="oc-a4">
         <name>.text</name>
         <load_address>0x11b8</load_address>
         <run_address>0x11b8</run_address>
         <size>0x288</size>
         <input_file_ref idref="fl-8"/>
      </object_component>
      <object_component id="oc-2f">
         <name>.text</name>
         <load_address>0x1440</load_address>
         <run_address>0x1440</run_address>
         <size>0x250</size>
         <input_file_ref idref="fl-a"/>
      </object_component>
      <object_component id="oc-160">
         <name>.text:SysCtlClockFreqSet</name>
         <load_address>0x1690</load_address>
         <run_address>0x1690</run_address>
         <size>0x1fc</size>
         <input_file_ref idref="fl-14e"/>
      </object_component>
      <object_component id="oc-bf">
         <name>.text</name>
         <load_address>0x188c</load_address>
         <run_address>0x188c</run_address>
         <size>0x1b6</size>
         <input_file_ref idref="fl-13f"/>
      </object_component>
      <object_component id="oc-ba">
         <name>.text</name>
         <load_address>0x1a42</load_address>
         <run_address>0x1a42</run_address>
         <size>0x136</size>
         <input_file_ref idref="fl-140"/>
      </object_component>
      <object_component id="oc-243">
         <name>.text:GPIOPadConfigSet</name>
         <load_address>0x1b78</load_address>
         <run_address>0x1b78</run_address>
         <size>0x130</size>
         <input_file_ref idref="fl-150"/>
      </object_component>
      <object_component id="oc-1eb">
         <name>.text:SysCtlClockGet</name>
         <load_address>0x1ca8</load_address>
         <run_address>0x1ca8</run_address>
         <size>0x118</size>
         <input_file_ref idref="fl-14e"/>
      </object_component>
      <object_component id="oc-101">
         <name>.text</name>
         <load_address>0x1dc0</load_address>
         <run_address>0x1dc0</run_address>
         <size>0xfc</size>
         <input_file_ref idref="fl-2"/>
      </object_component>
      <object_component id="oc-b5">
         <name>.text</name>
         <load_address>0x1ebc</load_address>
         <run_address>0x1ebc</run_address>
         <size>0xfc</size>
         <input_file_ref idref="fl-141"/>
      </object_component>
      <object_component id="oc-4d">
         <name>.text</name>
         <load_address>0x1fb8</load_address>
         <run_address>0x1fb8</run_address>
         <size>0x9c</size>
         <input_file_ref idref="fl-144"/>
      </object_component>
      <object_component id="oc-38">
         <name>.text</name>
         <load_address>0x2054</load_address>
         <run_address>0x2054</run_address>
         <size>0x94</size>
         <input_file_ref idref="fl-14a"/>
      </object_component>
      <object_component id="oc-aa">
         <name>.text</name>
         <load_address>0x20e8</load_address>
         <run_address>0x20e8</run_address>
         <size>0x80</size>
         <input_file_ref idref="fl-5"/>
      </object_component>
      <object_component id="oc-191">
         <name>.text:ADCSequenceStepConfigure</name>
         <load_address>0x2168</load_address>
         <run_address>0x2168</run_address>
         <size>0x80</size>
         <input_file_ref idref="fl-152"/>
      </object_component>
      <object_component id="oc-8c">
         <name>.text:IntEnable</name>
         <load_address>0x21e8</load_address>
         <run_address>0x21e8</run_address>
         <size>0x60</size>
         <input_file_ref idref="fl-14f"/>
      </object_component>
      <object_component id="oc-60">
         <name>.text</name>
         <load_address>0x2248</load_address>
         <run_address>0x2248</run_address>
         <size>0x5e</size>
         <input_file_ref idref="fl-13c"/>
      </object_component>
      <object_component id="oc-74">
         <name>.text:TimerConfigure</name>
         <load_address>0x22a8</load_address>
         <run_address>0x22a8</run_address>
         <size>0x5c</size>
         <input_file_ref idref="fl-14d"/>
      </object_component>
      <object_component id="oc-c4">
         <name>.text</name>
         <load_address>0x2304</load_address>
         <run_address>0x2304</run_address>
         <size>0x4a</size>
         <input_file_ref idref="fl-142"/>
      </object_component>
      <object_component id="oc-2a2">
         <name>.text:GPIOPinConfigure</name>
         <load_address>0x2350</load_address>
         <run_address>0x2350</run_address>
         <size>0x48</size>
         <input_file_ref idref="fl-150"/>
      </object_component>
      <object_component id="oc-259">
         <name>.text:_SysCtlFrequencyGet</name>
         <load_address>0x2398</load_address>
         <run_address>0x2398</run_address>
         <size>0x48</size>
         <input_file_ref idref="fl-14e"/>
      </object_component>
      <object_component id="oc-11">
         <name>.text</name>
         <load_address>0x23e0</load_address>
         <run_address>0x23e0</run_address>
         <size>0x48</size>
         <input_file_ref idref="fl-13a"/>
      </object_component>
      <object_component id="oc-20c">
         <name>.text</name>
         <load_address>0x2428</load_address>
         <run_address>0x2428</run_address>
         <size>0x44</size>
         <input_file_ref idref="fl-c"/>
      </object_component>
      <object_component id="oc-fa">
         <name>.text</name>
         <load_address>0x246c</load_address>
         <run_address>0x246c</run_address>
         <size>0x44</size>
         <input_file_ref idref="fl-14b"/>
      </object_component>
      <object_component id="oc-43">
         <name>.text</name>
         <load_address>0x24b0</load_address>
         <run_address>0x24b0</run_address>
         <size>0x44</size>
         <input_file_ref idref="fl-13e"/>
      </object_component>
      <object_component id="oc-1df">
         <name>.text</name>
         <load_address>0x24f4</load_address>
         <run_address>0x24f4</run_address>
         <size>0x42</size>
         <input_file_ref idref="fl-146"/>
      </object_component>
      <object_component id="oc-1c1">
         <name>.text:UARTConfigSetExpClk</name>
         <load_address>0x2536</load_address>
         <run_address>0x2536</run_address>
         <size>0x40</size>
         <input_file_ref idref="fl-14c"/>
      </object_component>
      <object_component id="oc-18b">
         <name>.text:ADCSequenceConfigure</name>
         <load_address>0x2576</load_address>
         <run_address>0x2576</run_address>
         <size>0x3e</size>
         <input_file_ref idref="fl-152"/>
      </object_component>
      <object_component id="oc-212">
         <name>.text</name>
         <load_address>0x25b4</load_address>
         <run_address>0x25b4</run_address>
         <size>0x38</size>
         <input_file_ref idref="fl-b"/>
      </object_component>
      <object_component id="oc-14f">
         <name>.text</name>
         <load_address>0x25ec</load_address>
         <run_address>0x25ec</run_address>
         <size>0x38</size>
         <input_file_ref idref="fl-143"/>
      </object_component>
      <object_component id="oc-6e">
         <name>.text:SysCtlPeripheralEnable</name>
         <load_address>0x2624</load_address>
         <run_address>0x2624</run_address>
         <size>0x34</size>
         <input_file_ref idref="fl-14e"/>
      </object_component>
      <object_component id="oc-1bb">
         <name>.text:SysCtlPeripheralPresent</name>
         <load_address>0x2658</load_address>
         <run_address>0x2658</run_address>
         <size>0x34</size>
         <input_file_ref idref="fl-14e"/>
      </object_component>
      <object_component id="oc-9e">
         <name>.text</name>
         <load_address>0x268c</load_address>
         <run_address>0x268c</run_address>
         <size>0x30</size>
         <input_file_ref idref="fl-9"/>
      </object_component>
      <object_component id="oc-1a9">
         <name>.text:ADCIntStatus</name>
         <load_address>0x26bc</load_address>
         <run_address>0x26bc</run_address>
         <size>0x2e</size>
         <input_file_ref idref="fl-152"/>
      </object_component>
      <object_component id="oc-23d">
         <name>.text:GPIODirModeSet</name>
         <load_address>0x26ea</load_address>
         <run_address>0x26ea</run_address>
         <size>0x2a</size>
         <input_file_ref idref="fl-150"/>
      </object_component>
      <object_component id="oc-b0">
         <name>.text</name>
         <load_address>0x2714</load_address>
         <run_address>0x2714</run_address>
         <size>0x20</size>
         <input_file_ref idref="fl-147"/>
      </object_component>
      <object_component id="oc-1af">
         <name>.text:ADCSequenceDataGet</name>
         <load_address>0x2734</load_address>
         <run_address>0x2734</run_address>
         <size>0x1e</size>
         <input_file_ref idref="fl-152"/>
      </object_component>
      <object_component id="oc-283">
         <name>.text:UARTDisable</name>
         <load_address>0x2754</load_address>
         <run_address>0x2754</run_address>
         <size>0x1c</size>
         <input_file_ref idref="fl-14c"/>
      </object_component>
      <object_component id="oc-253">
         <name>.text:_SysCtlMemTimingGet</name>
         <load_address>0x2770</load_address>
         <run_address>0x2770</run_address>
         <size>0x1c</size>
         <input_file_ref idref="fl-14e"/>
      </object_component>
      <object_component id="oc-1f1">
         <name>.text:GPIOPinTypeGPIOOutput</name>
         <load_address>0x278c</load_address>
         <run_address>0x278c</run_address>
         <size>0x18</size>
         <input_file_ref idref="fl-150"/>
      </object_component>
      <object_component id="oc-3d">
         <name>.text</name>
         <load_address>0x27a4</load_address>
         <run_address>0x27a4</run_address>
         <size>0x18</size>
         <input_file_ref idref="fl-149"/>
      </object_component>
      <object_component id="oc-1a3">
         <name>.text:ADCProcessorTrigger</name>
         <load_address>0x27bc</load_address>
         <run_address>0x27bc</run_address>
         <size>0x16</size>
         <input_file_ref idref="fl-152"/>
      </object_component>
      <object_component id="oc-1c7">
         <name>.text:UARTEnable</name>
         <load_address>0x27d2</load_address>
         <run_address>0x27d2</run_address>
         <size>0x14</size>
         <input_file_ref idref="fl-14c"/>
      </object_component>
      <object_component id="oc-221">
         <name>.text</name>
         <load_address>0x27e8</load_address>
         <run_address>0x27e8</run_address>
         <size>0x14</size>
         <input_file_ref idref="fl-148"/>
      </object_component>
      <object_component id="oc-185">
         <name>.text:GPIOPinTypeADC</name>
         <load_address>0x27fc</load_address>
         <run_address>0x27fc</run_address>
         <size>0x12</size>
         <input_file_ref idref="fl-150"/>
      </object_component>
      <object_component id="oc-143">
         <name>.text:GPIOPinTypeGPIOInput</name>
         <load_address>0x280e</load_address>
         <run_address>0x280e</run_address>
         <size>0x12</size>
         <input_file_ref idref="fl-150"/>
      </object_component>
      <object_component id="oc-2a8">
         <name>.text:GPIOPinTypeUART</name>
         <load_address>0x2820</load_address>
         <run_address>0x2820</run_address>
         <size>0x12</size>
         <input_file_ref idref="fl-150"/>
      </object_component>
      <object_component id="oc-7a">
         <name>.text:TimerLoadSet</name>
         <load_address>0x2832</load_address>
         <run_address>0x2832</run_address>
         <size>0x12</size>
         <input_file_ref idref="fl-14d"/>
      </object_component>
      <object_component id="oc-1c">
         <name>.text:decompress:ZI</name>
         <load_address>0x2844</load_address>
         <run_address>0x2844</run_address>
         <size>0x12</size>
         <input_file_ref idref="fl-13d"/>
      </object_component>
      <object_component id="oc-197">
         <name>.text:ADCSequenceEnable</name>
         <load_address>0x2856</load_address>
         <run_address>0x2856</run_address>
         <size>0xe</size>
         <input_file_ref idref="fl-152"/>
      </object_component>
      <object_component id="oc-92">
         <name>.text:TimerEnable</name>
         <load_address>0x2864</load_address>
         <run_address>0x2864</run_address>
         <size>0xe</size>
         <input_file_ref idref="fl-14d"/>
      </object_component>
      <object_component id="oc-16">
         <name>.text:decompress:none</name>
         <load_address>0x2872</load_address>
         <run_address>0x2872</run_address>
         <size>0xe</size>
         <input_file_ref idref="fl-13b"/>
      </object_component>
      <object_component id="oc-130">
         <name>.text:CPUcpsie</name>
         <load_address>0x2880</load_address>
         <run_address>0x2880</run_address>
         <size>0xc</size>
         <input_file_ref idref="fl-151"/>
      </object_component>
      <object_component id="oc-29">
         <name>.text</name>
         <load_address>0x288c</load_address>
         <run_address>0x288c</run_address>
         <size>0xc</size>
         <input_file_ref idref="fl-3"/>
      </object_component>
      <object_component id="oc-19d">
         <name>.text:ADCIntClear</name>
         <load_address>0x2898</load_address>
         <run_address>0x2898</run_address>
         <size>0xa</size>
         <input_file_ref idref="fl-152"/>
      </object_component>
      <object_component id="oc-80">
         <name>.text:IntMasterEnable</name>
         <load_address>0x28a2</load_address>
         <run_address>0x28a2</run_address>
         <size>0xa</size>
         <input_file_ref idref="fl-14f"/>
      </object_component>
      <object_component id="oc-1d3">
         <name>.text:UARTCharGet</name>
         <load_address>0x28ac</load_address>
         <run_address>0x28ac</run_address>
         <size>0xa</size>
         <input_file_ref idref="fl-14c"/>
      </object_component>
      <object_component id="oc-1cd">
         <name>.text:UARTCharPut</name>
         <load_address>0x28b6</load_address>
         <run_address>0x28b6</run_address>
         <size>0xa</size>
         <input_file_ref idref="fl-14c"/>
      </object_component>
      <object_component id="oc-86">
         <name>.text:TimerIntEnable</name>
         <load_address>0x28c0</load_address>
         <run_address>0x28c0</run_address>
         <size>0x8</size>
         <input_file_ref idref="fl-14d"/>
      </object_component>
      <object_component id="oc-149">
         <name>.text:GPIOPinRead</name>
         <load_address>0x28c8</load_address>
         <run_address>0x28c8</run_address>
         <size>0x6</size>
         <input_file_ref idref="fl-150"/>
      </object_component>
      <object_component id="oc-d5">
         <name>.text:GPIOPinWrite</name>
         <load_address>0x28ce</load_address>
         <run_address>0x28ce</run_address>
         <size>0x6</size>
         <input_file_ref idref="fl-150"/>
      </object_component>
      <object_component id="oc-166">
         <name>.text:SysCtlDelay</name>
         <load_address>0x28d4</load_address>
         <run_address>0x28d4</run_address>
         <size>0x6</size>
         <input_file_ref idref="fl-14e"/>
      </object_component>
      <object_component id="oc-22">
         <name>.text:decompress:rle24</name>
         <load_address>0x28da</load_address>
         <run_address>0x28da</run_address>
         <size>0x6</size>
         <input_file_ref idref="fl-13c"/>
      </object_component>
      <object_component id="oc-db">
         <name>.text:TimerIntClear</name>
         <load_address>0x28e0</load_address>
         <run_address>0x28e0</run_address>
         <size>0x4</size>
         <input_file_ref idref="fl-14d"/>
      </object_component>
      <object_component id="oc-262">
         <name>.const:g_pppui32XTALtoVCO</name>
         <load_address>0x28e4</load_address>
         <run_address>0x28e4</run_address>
         <size>0x120</size>
         <input_file_ref idref="fl-14e"/>
      </object_component>
      <object_component id="oc-2c5">
         <name>.const:g_pui32GPIOBaseAddrs</name>
         <load_address>0x2a04</load_address>
         <run_address>0x2a04</run_address>
         <size>0x90</size>
         <input_file_ref idref="fl-150"/>
      </object_component>
      <object_component id="oc-13d">
         <name>.const</name>
         <load_address>0x2a94</load_address>
         <run_address>0x2a94</run_address>
         <size>0x70</size>
         <input_file_ref idref="fl-14f"/>
      </object_component>
      <object_component id="oc-25f">
         <name>.const:g_pui32Xtals</name>
         <load_address>0x2b04</load_address>
         <run_address>0x2b04</run_address>
         <size>0x6c</size>
         <input_file_ref idref="fl-14e"/>
      </object_component>
      <object_component id="oc-2b5">
         <name>.const:g_sXTALtoMEMTIM</name>
         <load_address>0x2b70</load_address>
         <run_address>0x2b70</run_address>
         <size>0x30</size>
         <input_file_ref idref="fl-14e"/>
      </object_component>
      <object_component id="oc-1d9">
         <name>.const</name>
         <load_address>0x2ba0</load_address>
         <run_address>0x2ba0</run_address>
         <size>0x1c</size>
         <input_file_ref idref="fl-4"/>
      </object_component>
      <object_component id="oc-28e">
         <name>.const:.string</name>
         <load_address>0x2bbc</load_address>
         <run_address>0x2bbc</run_address>
         <size>0x12</size>
         <input_file_ref idref="fl-4"/>
      </object_component>
      <object_component id="oc-265">
         <name>.const</name>
         <load_address>0x2bd0</load_address>
         <run_address>0x2bd0</run_address>
         <size>0x8</size>
         <input_file_ref idref="fl-14e"/>
      </object_component>
      <object_component id="oc-2ec">
         <name>.cinit..data.load</name>
         <load_address>0x2bd8</load_address>
         <run_address>0x2bd8</run_address>
         <size>0xf</size>
      </object_component>
      <object_component id="oc-2ea">
         <name>__TI_handler_table</name>
         <load_address>0x2be8</load_address>
         <run_address>0x2be8</run_address>
         <size>0xc</size>
      </object_component>
      <object_component id="oc-2ed">
         <name>.cinit..bss.load</name>
         <load_address>0x2bf8</load_address>
         <run_address>0x2bf8</run_address>
         <size>0x8</size>
      </object_component>
      <object_component id="oc-2eb">
         <name>__TI_cinit_table</name>
         <load_address>0x2c00</load_address>
         <run_address>0x2c00</run_address>
         <size>0x10</size>
      </object_component>
      <object_component id="oc-49">
         <name>.data</name>
         <load_address>0x2000029c</load_address>
         <run_address>0x2000029c</run_address>
         <size>0x4</size>
         <input_file_ref idref="fl-145"/>
      </object_component>
      <object_component id="oc-109">
         <name>.data</name>
         <load_address>0x20000284</load_address>
         <run_address>0x20000284</run_address>
         <size>0x8</size>
         <input_file_ref idref="fl-148"/>
      </object_component>
      <object_component id="oc-10c">
         <name>.data</name>
         <load_address>0x2000028c</load_address>
         <run_address>0x2000028c</run_address>
         <size>0x8</size>
         <input_file_ref idref="fl-13e"/>
      </object_component>
      <object_component id="oc-1dc">
         <name>.data</name>
         <load_address>0x20000294</load_address>
         <run_address>0x20000294</run_address>
         <size>0x5</size>
         <input_file_ref idref="fl-4"/>
      </object_component>
      <object_component id="oc-15b">
         <name>.bss:pid</name>
         <uninitialized>true</uninitialized>
         <run_address>0x20000200</run_address>
         <size>0x34</size>
         <input_file_ref idref="fl-a"/>
      </object_component>
      <object_component id="oc-2ae">
         <name>.common:ui32SysClock</name>
         <uninitialized>true</uninitialized>
         <run_address>0x2000027c</run_address>
         <size>0x4</size>
      </object_component>
      <object_component id="oc-e4">
         <name>.common:TimerCounter</name>
         <uninitialized>true</uninitialized>
         <run_address>0x2000025c</run_address>
         <size>0x4</size>
      </object_component>
      <object_component id="oc-e5">
         <name>.common:TimerIntFlag</name>
         <uninitialized>true</uninitialized>
         <run_address>0x20000282</run_address>
         <size>0x1</size>
      </object_component>
      <object_component id="oc-15e">
         <name>.common:Flag</name>
         <uninitialized>true</uninitialized>
         <run_address>0x20000280</run_address>
         <size>0x1</size>
      </object_component>
      <object_component id="oc-159">
         <name>.common:Label</name>
         <uninitialized>true</uninitialized>
         <run_address>0x20000281</run_address>
         <size>0x1</size>
      </object_component>
      <object_component id="oc-ea">
         <name>.common:Vout</name>
         <uninitialized>true</uninitialized>
         <run_address>0x20000260</run_address>
         <size>0x4</size>
      </object_component>
      <object_component id="oc-e7">
         <name>.common:temp</name>
         <uninitialized>true</uninitialized>
         <run_address>0x20000270</run_address>
         <size>0x4</size>
      </object_component>
      <object_component id="oc-eb">
         <name>.common:tempz</name>
         <uninitialized>true</uninitialized>
         <run_address>0x20000274</run_address>
         <size>0x4</size>
      </object_component>
      <object_component id="oc-e6">
         <name>.common:settemp1</name>
         <uninitialized>true</uninitialized>
         <run_address>0x20000268</run_address>
         <size>0x4</size>
      </object_component>
      <object_component id="oc-218">
         <name>.common:T_set</name>
         <uninitialized>true</uninitialized>
         <run_address>0x20000254</run_address>
         <size>0x4</size>
      </object_component>
      <object_component id="oc-17b">
         <name>.common:T_temp</name>
         <uninitialized>true</uninitialized>
         <run_address>0x20000258</run_address>
         <size>0x4</size>
      </object_component>
      <object_component id="oc-1fe">
         <name>.common:tempc</name>
         <uninitialized>true</uninitialized>
         <run_address>0x20000234</run_address>
         <size>0x14</size>
      </object_component>
      <object_component id="oc-e8">
         <name>.common:speeda</name>
         <uninitialized>true</uninitialized>
         <run_address>0x2000026c</run_address>
         <size>0x4</size>
      </object_component>
      <object_component id="oc-e9">
         <name>.common:ton</name>
         <uninitialized>true</uninitialized>
         <run_address>0x20000278</run_address>
         <size>0x4</size>
      </object_component>
      <object_component id="oc-17c">
         <name>.common:P_temp</name>
         <uninitialized>true</uninitialized>
         <run_address>0x20000250</run_address>
         <size>0x4</size>
      </object_component>
      <object_component id="oc-17d">
         <name>.common:I_temp</name>
         <uninitialized>true</uninitialized>
         <run_address>0x2000024c</run_address>
         <size>0x4</size>
      </object_component>
      <object_component id="oc-17e">
         <name>.common:D_temp</name>
         <uninitialized>true</uninitialized>
         <run_address>0x20000248</run_address>
         <size>0x4</size>
      </object_component>
      <object_component id="oc-179">
         <name>.common:pidbz</name>
         <uninitialized>true</uninitialized>
         <run_address>0x20000264</run_address>
         <size>0x4</size>
      </object_component>
      <object_component id="oc-28">
         <name>.stack</name>
         <uninitialized>true</uninitialized>
         <run_address>0x20000000</run_address>
         <size>0x0</size>
         <input_file_ref idref="fl-13a"/>
      </object_component>
      <object_component id="oc-2ee">
         <name>.stack</name>
         <uninitialized>true</uninitialized>
         <run_address>0x20000000</run_address>
         <size>0x0</size>
      </object_component>
      <object_component id="oc-f">
         <name>.debug_info</name>
         <load_address>0x0</load_address>
         <run_address>0x0</run_address>
         <size>0xd8</size>
         <input_file_ref idref="fl-3"/>
      </object_component>
      <object_component id="oc-13">
         <name>.debug_info</name>
         <load_address>0xd8</load_address>
         <run_address>0xd8</run_address>
         <size>0xf3</size>
         <input_file_ref idref="fl-13a"/>
      </object_component>
      <object_component id="oc-19">
         <name>.debug_info</name>
         <load_address>0x1cb</load_address>
         <run_address>0x1cb</run_address>
         <size>0x194</size>
         <input_file_ref idref="fl-13b"/>
      </object_component>
      <object_component id="oc-1e">
         <name>.debug_info</name>
         <load_address>0x35f</load_address>
         <run_address>0x35f</run_address>
         <size>0x16a</size>
         <input_file_ref idref="fl-13d"/>
      </object_component>
      <object_component id="oc-23">
         <name>.debug_info</name>
         <load_address>0x4c9</load_address>
         <run_address>0x4c9</run_address>
         <size>0x18e</size>
         <input_file_ref idref="fl-13c"/>
      </object_component>
      <object_component id="oc-2b">
         <name>.debug_info</name>
         <load_address>0x657</load_address>
         <run_address>0x657</run_address>
         <size>0x257</size>
         <input_file_ref idref="fl-3"/>
      </object_component>
      <object_component id="oc-31">
         <name>.debug_info</name>
         <load_address>0x8ae</load_address>
         <run_address>0x8ae</run_address>
         <size>0x324</size>
         <input_file_ref idref="fl-a"/>
      </object_component>
      <object_component id="oc-37">
         <name>.debug_info</name>
         <load_address>0xbd2</load_address>
         <run_address>0xbd2</run_address>
         <size>0x119</size>
         <input_file_ref idref="fl-3"/>
      </object_component>
      <object_component id="oc-3b">
         <name>.debug_info</name>
         <load_address>0xceb</load_address>
         <run_address>0xceb</run_address>
         <size>0x13d</size>
         <input_file_ref idref="fl-14a"/>
      </object_component>
      <object_component id="oc-3e">
         <name>.debug_info</name>
         <load_address>0xe28</load_address>
         <run_address>0xe28</run_address>
         <size>0x11c</size>
         <input_file_ref idref="fl-149"/>
      </object_component>
      <object_component id="oc-46">
         <name>.debug_info</name>
         <load_address>0xf44</load_address>
         <run_address>0xf44</run_address>
         <size>0x1c2</size>
         <input_file_ref idref="fl-13e"/>
      </object_component>
      <object_component id="oc-4a">
         <name>.debug_info</name>
         <load_address>0x1106</load_address>
         <run_address>0x1106</run_address>
         <size>0xbe</size>
         <input_file_ref idref="fl-145"/>
      </object_component>
      <object_component id="oc-4e">
         <name>.debug_info</name>
         <load_address>0x11c4</load_address>
         <run_address>0x11c4</run_address>
         <size>0xcc</size>
         <input_file_ref idref="fl-144"/>
      </object_component>
      <object_component id="oc-53">
         <name>.debug_info</name>
         <load_address>0x1290</load_address>
         <run_address>0x1290</run_address>
         <size>0x46</size>
         <input_file_ref idref="fl-13b"/>
      </object_component>
      <object_component id="oc-58">
         <name>.debug_info</name>
         <load_address>0x12d6</load_address>
         <run_address>0x12d6</run_address>
         <size>0xf2</size>
         <input_file_ref idref="fl-13b"/>
      </object_component>
      <object_component id="oc-5a">
         <name>.debug_info</name>
         <load_address>0x13c8</load_address>
         <run_address>0x13c8</run_address>
         <size>0x46</size>
         <input_file_ref idref="fl-13d"/>
      </object_component>
      <object_component id="oc-5f">
         <name>.debug_info</name>
         <load_address>0x140e</load_address>
         <run_address>0x140e</run_address>
         <size>0xad</size>
         <input_file_ref idref="fl-13d"/>
      </object_component>
      <object_component id="oc-63">
         <name>.debug_info</name>
         <load_address>0x14bb</load_address>
         <run_address>0x14bb</run_address>
         <size>0x1ef</size>
         <input_file_ref idref="fl-13c"/>
      </object_component>
      <object_component id="oc-67">
         <name>.debug_info</name>
         <load_address>0x16aa</load_address>
         <run_address>0x16aa</run_address>
         <size>0xb7</size>
         <input_file_ref idref="fl-13c"/>
      </object_component>
      <object_component id="oc-68">
         <name>.debug_info</name>
         <load_address>0x1761</load_address>
         <run_address>0x1761</run_address>
         <size>0x39</size>
         <input_file_ref idref="fl-13c"/>
      </object_component>
      <object_component id="oc-6f">
         <name>.debug_info</name>
         <load_address>0x179a</load_address>
         <run_address>0x179a</run_address>
         <size>0x1e1</size>
         <input_file_ref idref="fl-14e"/>
      </object_component>
      <object_component id="oc-78">
         <name>.debug_info</name>
         <load_address>0x197b</load_address>
         <run_address>0x197b</run_address>
         <size>0x1f0</size>
         <input_file_ref idref="fl-14d"/>
      </object_component>
      <object_component id="oc-7d">
         <name>.debug_info</name>
         <load_address>0x1b6b</load_address>
         <run_address>0x1b6b</run_address>
         <size>0x21e</size>
         <input_file_ref idref="fl-14d"/>
      </object_component>
      <object_component id="oc-83">
         <name>.debug_info</name>
         <load_address>0x1d89</load_address>
         <run_address>0x1d89</run_address>
         <size>0x1a2</size>
         <input_file_ref idref="fl-14f"/>
      </object_component>
      <object_component id="oc-89">
         <name>.debug_info</name>
         <load_address>0x1f2b</load_address>
         <run_address>0x1f2b</run_address>
         <size>0x1f8</size>
         <input_file_ref idref="fl-14d"/>
      </object_component>
      <object_component id="oc-8f">
         <name>.debug_info</name>
         <load_address>0x2123</load_address>
         <run_address>0x2123</run_address>
         <size>0x1cc</size>
         <input_file_ref idref="fl-14f"/>
      </object_component>
      <object_component id="oc-95">
         <name>.debug_info</name>
         <load_address>0x22ef</load_address>
         <run_address>0x22ef</run_address>
         <size>0x1e3</size>
         <input_file_ref idref="fl-14d"/>
      </object_component>
      <object_component id="oc-9b">
         <name>.debug_info</name>
         <load_address>0x24d2</load_address>
         <run_address>0x24d2</run_address>
         <size>0x6e1</size>
         <input_file_ref idref="fl-6"/>
      </object_component>
      <object_component id="oc-a0">
         <name>.debug_info</name>
         <load_address>0x2bb3</load_address>
         <run_address>0x2bb3</run_address>
         <size>0x19e</size>
         <input_file_ref idref="fl-9"/>
      </object_component>
      <object_component id="oc-a7">
         <name>.debug_info</name>
         <load_address>0x2d51</load_address>
         <run_address>0x2d51</run_address>
         <size>0x1da</size>
         <input_file_ref idref="fl-8"/>
      </object_component>
      <object_component id="oc-ad">
         <name>.debug_info</name>
         <load_address>0x2f2b</load_address>
         <run_address>0x2f2b</run_address>
         <size>0x27b</size>
         <input_file_ref idref="fl-5"/>
      </object_component>
      <object_component id="oc-b2">
         <name>.debug_info</name>
         <load_address>0x31a6</load_address>
         <run_address>0x31a6</run_address>
         <size>0xe1</size>
         <input_file_ref idref="fl-147"/>
      </object_component>
      <object_component id="oc-b7">
         <name>.debug_info</name>
         <load_address>0x3287</load_address>
         <run_address>0x3287</run_address>
         <size>0xed</size>
         <input_file_ref idref="fl-141"/>
      </object_component>
      <object_component id="oc-bd">
         <name>.debug_info</name>
         <load_address>0x3374</load_address>
         <run_address>0x3374</run_address>
         <size>0xed</size>
         <input_file_ref idref="fl-140"/>
      </object_component>
      <object_component id="oc-c0">
         <name>.debug_info</name>
         <load_address>0x3461</load_address>
         <run_address>0x3461</run_address>
         <size>0xff</size>
         <input_file_ref idref="fl-13f"/>
      </object_component>
      <object_component id="oc-c5">
         <name>.debug_info</name>
         <load_address>0x3560</load_address>
         <run_address>0x3560</run_address>
         <size>0xe8</size>
         <input_file_ref idref="fl-142"/>
      </object_component>
      <object_component id="oc-ca">
         <name>.debug_info</name>
         <load_address>0x3648</load_address>
         <run_address>0x3648</run_address>
         <size>0x76c</size>
         <input_file_ref idref="fl-4"/>
      </object_component>
      <object_component id="oc-d1">
         <name>.debug_info</name>
         <load_address>0x3db4</load_address>
         <run_address>0x3db4</run_address>
         <size>0x8c7</size>
         <input_file_ref idref="fl-7"/>
      </object_component>
      <object_component id="oc-d7">
         <name>.debug_info</name>
         <load_address>0x467b</load_address>
         <run_address>0x467b</run_address>
         <size>0x207</size>
         <input_file_ref idref="fl-150"/>
      </object_component>
      <object_component id="oc-de">
         <name>.debug_info</name>
         <load_address>0x4882</load_address>
         <run_address>0x4882</run_address>
         <size>0x1f6</size>
         <input_file_ref idref="fl-14d"/>
      </object_component>
      <object_component id="oc-e2">
         <name>.debug_info</name>
         <load_address>0x4a78</load_address>
         <run_address>0x4a78</run_address>
         <size>0x7f8</size>
         <input_file_ref idref="fl-a"/>
      </object_component>
      <object_component id="oc-f0">
         <name>.debug_info</name>
         <load_address>0x5270</load_address>
         <run_address>0x5270</run_address>
         <size>0x84</size>
         <input_file_ref idref="fl-3"/>
      </object_component>
      <object_component id="oc-f5">
         <name>.debug_info</name>
         <load_address>0x52f4</load_address>
         <run_address>0x52f4</run_address>
         <size>0x18b</size>
         <input_file_ref idref="fl-2"/>
      </object_component>
      <object_component id="oc-fb">
         <name>.debug_info</name>
         <load_address>0x547f</load_address>
         <run_address>0x547f</run_address>
         <size>0x14b</size>
         <input_file_ref idref="fl-14b"/>
      </object_component>
      <object_component id="oc-102">
         <name>.debug_info</name>
         <load_address>0x55ca</load_address>
         <run_address>0x55ca</run_address>
         <size>0x231</size>
         <input_file_ref idref="fl-2"/>
      </object_component>
      <object_component id="oc-108">
         <name>.debug_info</name>
         <load_address>0x57fb</load_address>
         <run_address>0x57fb</run_address>
         <size>0x11b</size>
         <input_file_ref idref="fl-149"/>
      </object_component>
      <object_component id="oc-10a">
         <name>.debug_info</name>
         <load_address>0x5916</load_address>
         <run_address>0x5916</run_address>
         <size>0xc8</size>
         <input_file_ref idref="fl-148"/>
      </object_component>
      <object_component id="oc-10d">
         <name>.debug_info</name>
         <load_address>0x59de</load_address>
         <run_address>0x59de</run_address>
         <size>0xeb</size>
         <input_file_ref idref="fl-13e"/>
      </object_component>
      <object_component id="oc-110">
         <name>.debug_info</name>
         <load_address>0x5ac9</load_address>
         <run_address>0x5ac9</run_address>
         <size>0x146</size>
         <input_file_ref idref="fl-13e"/>
      </object_component>
      <object_component id="oc-115">
         <name>.debug_info</name>
         <load_address>0x5c0f</load_address>
         <run_address>0x5c0f</run_address>
         <size>0x2c</size>
         <input_file_ref idref="fl-13b"/>
      </object_component>
      <object_component id="oc-11c">
         <name>.debug_info</name>
         <load_address>0x5c3b</load_address>
         <run_address>0x5c3b</run_address>
         <size>0x2c</size>
         <input_file_ref idref="fl-2"/>
      </object_component>
      <object_component id="oc-127">
         <name>.debug_info</name>
         <load_address>0x5c67</load_address>
         <run_address>0x5c67</run_address>
         <size>0x18b</size>
         <input_file_ref idref="fl-14c"/>
      </object_component>
      <object_component id="oc-12c">
         <name>.debug_info</name>
         <load_address>0x5df2</load_address>
         <run_address>0x5df2</run_address>
         <size>0x226</size>
         <input_file_ref idref="fl-14e"/>
      </object_component>
      <object_component id="oc-12e">
         <name>.debug_info</name>
         <load_address>0x6018</load_address>
         <run_address>0x6018</run_address>
         <size>0x1cf</size>
         <input_file_ref idref="fl-14d"/>
      </object_component>
      <object_component id="oc-131">
         <name>.debug_info</name>
         <load_address>0x61e7</load_address>
         <run_address>0x61e7</run_address>
         <size>0x176</size>
         <input_file_ref idref="fl-151"/>
      </object_component>
      <object_component id="oc-137">
         <name>.debug_info</name>
         <load_address>0x635d</load_address>
         <run_address>0x635d</run_address>
         <size>0x90</size>
         <input_file_ref idref="fl-14c"/>
      </object_component>
      <object_component id="oc-13e">
         <name>.debug_info</name>
         <load_address>0x63ed</load_address>
         <run_address>0x63ed</run_address>
         <size>0x1c2</size>
         <input_file_ref idref="fl-14f"/>
      </object_component>
      <object_component id="oc-141">
         <name>.debug_info</name>
         <load_address>0x65af</load_address>
         <run_address>0x65af</run_address>
         <size>0x1ba</size>
         <input_file_ref idref="fl-14f"/>
      </object_component>
      <object_component id="oc-146">
         <name>.debug_info</name>
         <load_address>0x6769</load_address>
         <run_address>0x6769</run_address>
         <size>0x1e9</size>
         <input_file_ref idref="fl-150"/>
      </object_component>
      <object_component id="oc-14c">
         <name>.debug_info</name>
         <load_address>0x6952</load_address>
         <run_address>0x6952</run_address>
         <size>0x1df</size>
         <input_file_ref idref="fl-150"/>
      </object_component>
      <object_component id="oc-150">
         <name>.debug_info</name>
         <load_address>0x6b31</load_address>
         <run_address>0x6b31</run_address>
         <size>0xdf</size>
         <input_file_ref idref="fl-143"/>
      </object_component>
      <object_component id="oc-15c">
         <name>.debug_info</name>
         <load_address>0x6c10</load_address>
         <run_address>0x6c10</run_address>
         <size>0xb7</size>
         <input_file_ref idref="fl-a"/>
      </object_component>
      <object_component id="oc-162">
         <name>.debug_info</name>
         <load_address>0x6cc7</load_address>
         <run_address>0x6cc7</run_address>
         <size>0x4c5</size>
         <input_file_ref idref="fl-14e"/>
      </object_component>
      <object_component id="oc-168">
         <name>.debug_info</name>
         <load_address>0x718c</load_address>
         <run_address>0x718c</run_address>
         <size>0x546</size>
         <input_file_ref idref="fl-2"/>
      </object_component>
      <object_component id="oc-16a">
         <name>.debug_info</name>
         <load_address>0x76d2</load_address>
         <run_address>0x76d2</run_address>
         <size>0x58b</size>
         <input_file_ref idref="fl-5"/>
      </object_component>
      <object_component id="oc-16c">
         <name>.debug_info</name>
         <load_address>0x7c5d</load_address>
         <run_address>0x7c5d</run_address>
         <size>0x566</size>
         <input_file_ref idref="fl-6"/>
      </object_component>
      <object_component id="oc-16e">
         <name>.debug_info</name>
         <load_address>0x81c3</load_address>
         <run_address>0x81c3</run_address>
         <size>0x45b</size>
         <input_file_ref idref="fl-7"/>
      </object_component>
      <object_component id="oc-170">
         <name>.debug_info</name>
         <load_address>0x861e</load_address>
         <run_address>0x861e</run_address>
         <size>0x3cf</size>
         <input_file_ref idref="fl-8"/>
      </object_component>
      <object_component id="oc-172">
         <name>.debug_info</name>
         <load_address>0x89ed</load_address>
         <run_address>0x89ed</run_address>
         <size>0x364</size>
         <input_file_ref idref="fl-9"/>
      </object_component>
      <object_component id="oc-174">
         <name>.debug_info</name>
         <load_address>0x8d51</load_address>
         <run_address>0x8d51</run_address>
         <size>0x3cf</size>
         <input_file_ref idref="fl-c"/>
      </object_component>
      <object_component id="oc-176">
         <name>.debug_info</name>
         <load_address>0x9120</load_address>
         <run_address>0x9120</run_address>
         <size>0x3dc</size>
         <input_file_ref idref="fl-b"/>
      </object_component>
      <object_component id="oc-180">
         <name>.debug_info</name>
         <load_address>0x94fc</load_address>
         <run_address>0x94fc</run_address>
         <size>0x8b</size>
         <input_file_ref idref="fl-2"/>
      </object_component>
      <object_component id="oc-188">
         <name>.debug_info</name>
         <load_address>0x9587</load_address>
         <run_address>0x9587</run_address>
         <size>0x1dd</size>
         <input_file_ref idref="fl-150"/>
      </object_component>
      <object_component id="oc-18c">
         <name>.debug_info</name>
         <load_address>0x9764</load_address>
         <run_address>0x9764</run_address>
         <size>0x28a</size>
         <input_file_ref idref="fl-152"/>
      </object_component>
      <object_component id="oc-192">
         <name>.debug_info</name>
         <load_address>0x99ee</load_address>
         <run_address>0x99ee</run_address>
         <size>0x297</size>
         <input_file_ref idref="fl-152"/>
      </object_component>
      <object_component id="oc-198">
         <name>.debug_info</name>
         <load_address>0x9c85</load_address>
         <run_address>0x9c85</run_address>
         <size>0x204</size>
         <input_file_ref idref="fl-152"/>
      </object_component>
      <object_component id="oc-19e">
         <name>.debug_info</name>
         <load_address>0x9e89</load_address>
         <run_address>0x9e89</run_address>
         <size>0x1f8</size>
         <input_file_ref idref="fl-152"/>
      </object_component>
      <object_component id="oc-1a4">
         <name>.debug_info</name>
         <load_address>0xa081</load_address>
         <run_address>0xa081</run_address>
         <size>0x208</size>
         <input_file_ref idref="fl-152"/>
      </object_component>
      <object_component id="oc-1aa">
         <name>.debug_info</name>
         <load_address>0xa289</load_address>
         <run_address>0xa289</run_address>
         <size>0x245</size>
         <input_file_ref idref="fl-152"/>
      </object_component>
      <object_component id="oc-1b0">
         <name>.debug_info</name>
         <load_address>0xa4ce</load_address>
         <run_address>0xa4ce</run_address>
         <size>0x2fb</size>
         <input_file_ref idref="fl-152"/>
      </object_component>
      <object_component id="oc-1bc">
         <name>.debug_info</name>
         <load_address>0xa7c9</load_address>
         <run_address>0xa7c9</run_address>
         <size>0x1e7</size>
         <input_file_ref idref="fl-14e"/>
      </object_component>
      <object_component id="oc-1c2">
         <name>.debug_info</name>
         <load_address>0xa9b0</load_address>
         <run_address>0xa9b0</run_address>
         <size>0x28a</size>
         <input_file_ref idref="fl-14c"/>
      </object_component>
      <object_component id="oc-1c8">
         <name>.debug_info</name>
         <load_address>0xac3a</load_address>
         <run_address>0xac3a</run_address>
         <size>0x1ab</size>
         <input_file_ref idref="fl-14c"/>
      </object_component>
      <object_component id="oc-1ce">
         <name>.debug_info</name>
         <load_address>0xade5</load_address>
         <run_address>0xade5</run_address>
         <size>0x25d</size>
         <input_file_ref idref="fl-14c"/>
      </object_component>
      <object_component id="oc-1d4">
         <name>.debug_info</name>
         <load_address>0xb042</load_address>
         <run_address>0xb042</run_address>
         <size>0x237</size>
         <input_file_ref idref="fl-14c"/>
      </object_component>
      <object_component id="oc-1da">
         <name>.debug_info</name>
         <load_address>0xb279</load_address>
         <run_address>0xb279</run_address>
         <size>0x119</size>
         <input_file_ref idref="fl-4"/>
      </object_component>
      <object_component id="oc-1dd">
         <name>.debug_info</name>
         <load_address>0xb392</load_address>
         <run_address>0xb392</run_address>
         <size>0xc3</size>
         <input_file_ref idref="fl-4"/>
      </object_component>
      <object_component id="oc-1e2">
         <name>.debug_info</name>
         <load_address>0xb455</load_address>
         <run_address>0xb455</run_address>
         <size>0x137</size>
         <input_file_ref idref="fl-146"/>
      </object_component>
      <object_component id="oc-1e5">
         <name>.debug_info</name>
         <load_address>0xb58c</load_address>
         <run_address>0xb58c</run_address>
         <size>0x226</size>
         <input_file_ref idref="fl-4"/>
      </object_component>
      <object_component id="oc-1e6">
         <name>.debug_info</name>
         <load_address>0xb7b2</load_address>
         <run_address>0xb7b2</run_address>
         <size>0x4e</size>
         <input_file_ref idref="fl-2"/>
      </object_component>
      <object_component id="oc-1ed">
         <name>.debug_info</name>
         <load_address>0xb800</load_address>
         <run_address>0xb800</run_address>
         <size>0x219</size>
         <input_file_ref idref="fl-14e"/>
      </object_component>
      <object_component id="oc-1f4">
         <name>.debug_info</name>
         <load_address>0xba19</load_address>
         <run_address>0xba19</run_address>
         <size>0x1eb</size>
         <input_file_ref idref="fl-150"/>
      </object_component>
      <object_component id="oc-201">
         <name>.debug_info</name>
         <load_address>0xbc04</load_address>
         <run_address>0xbc04</run_address>
         <size>0x1d7</size>
         <input_file_ref idref="fl-150"/>
      </object_component>
      <object_component id="oc-205">
         <name>.debug_info</name>
         <load_address>0xbddb</load_address>
         <run_address>0xbddb</run_address>
         <size>0x6bd</size>
         <input_file_ref idref="fl-2"/>
      </object_component>
      <object_component id="oc-20b">
         <name>.debug_info</name>
         <load_address>0xc498</load_address>
         <run_address>0xc498</run_address>
         <size>0x148</size>
         <input_file_ref idref="fl-14b"/>
      </object_component>
      <object_component id="oc-20e">
         <name>.debug_info</name>
         <load_address>0xc5e0</load_address>
         <run_address>0xc5e0</run_address>
         <size>0x1fc</size>
         <input_file_ref idref="fl-c"/>
      </object_component>
      <object_component id="oc-213">
         <name>.debug_info</name>
         <load_address>0xc7dc</load_address>
         <run_address>0xc7dc</run_address>
         <size>0x16d</size>
         <input_file_ref idref="fl-b"/>
      </object_component>
      <object_component id="oc-21c">
         <name>.debug_info</name>
         <load_address>0xc949</load_address>
         <run_address>0xc949</run_address>
         <size>0x5e</size>
         <input_file_ref idref="fl-149"/>
      </object_component>
      <object_component id="oc-224">
         <name>.debug_info</name>
         <load_address>0xc9a7</load_address>
         <run_address>0xc9a7</run_address>
         <size>0x1d4</size>
         <input_file_ref idref="fl-148"/>
      </object_component>
      <object_component id="oc-229">
         <name>.debug_info</name>
         <load_address>0xcb7b</load_address>
         <run_address>0xcb7b</run_address>
         <size>0xd9</size>
         <input_file_ref idref="fl-148"/>
      </object_component>
      <object_component id="oc-231">
         <name>.debug_info</name>
         <load_address>0xcc54</load_address>
         <run_address>0xcc54</run_address>
         <size>0x5f</size>
         <input_file_ref idref="fl-14e"/>
      </object_component>
      <object_component id="oc-23f">
         <name>.debug_info</name>
         <load_address>0xccb3</load_address>
         <run_address>0xccb3</run_address>
         <size>0x217</size>
         <input_file_ref idref="fl-150"/>
      </object_component>
      <object_component id="oc-245">
         <name>.debug_info</name>
         <load_address>0xceca</load_address>
         <run_address>0xceca</run_address>
         <size>0x312</size>
         <input_file_ref idref="fl-150"/>
      </object_component>
      <object_component id="oc-24e">
         <name>.debug_info</name>
         <load_address>0xd1dc</load_address>
         <run_address>0xd1dc</run_address>
         <size>0x131</size>
         <input_file_ref idref="fl-2"/>
      </object_component>
      <object_component id="oc-255">
         <name>.debug_info</name>
         <load_address>0xd30d</load_address>
         <run_address>0xd30d</run_address>
         <size>0x264</size>
         <input_file_ref idref="fl-14e"/>
      </object_component>
      <object_component id="oc-25b">
         <name>.debug_info</name>
         <load_address>0xd571</load_address>
         <run_address>0xd571</run_address>
         <size>0x21e</size>
         <input_file_ref idref="fl-14e"/>
      </object_component>
      <object_component id="oc-260">
         <name>.debug_info</name>
         <load_address>0xd78f</load_address>
         <run_address>0xd78f</run_address>
         <size>0xff</size>
         <input_file_ref idref="fl-14e"/>
      </object_component>
      <object_component id="oc-263">
         <name>.debug_info</name>
         <load_address>0xd88e</load_address>
         <run_address>0xd88e</run_address>
         <size>0x10b</size>
         <input_file_ref idref="fl-14e"/>
      </object_component>
      <object_component id="oc-266">
         <name>.debug_info</name>
         <load_address>0xd999</load_address>
         <run_address>0xd999</run_address>
         <size>0x112</size>
         <input_file_ref idref="fl-14e"/>
      </object_component>
      <object_component id="oc-27b">
         <name>.debug_info</name>
         <load_address>0xdaab</load_address>
         <run_address>0xdaab</run_address>
         <size>0x1a8</size>
         <input_file_ref idref="fl-152"/>
      </object_component>
      <object_component id="oc-284">
         <name>.debug_info</name>
         <load_address>0xdc53</load_address>
         <run_address>0xdc53</run_address>
         <size>0x233</size>
         <input_file_ref idref="fl-14c"/>
      </object_component>
      <object_component id="oc-28a">
         <name>.debug_info</name>
         <load_address>0xde86</load_address>
         <run_address>0xde86</run_address>
         <size>0x1ce</size>
         <input_file_ref idref="fl-14c"/>
      </object_component>
      <object_component id="oc-29c">
         <name>.debug_info</name>
         <load_address>0xe054</load_address>
         <run_address>0xe054</run_address>
         <size>0xcd</size>
         <input_file_ref idref="fl-14b"/>
      </object_component>
      <object_component id="oc-2a5">
         <name>.debug_info</name>
         <load_address>0xe121</load_address>
         <run_address>0xe121</run_address>
         <size>0x1e4</size>
         <input_file_ref idref="fl-150"/>
      </object_component>
      <object_component id="oc-2aa">
         <name>.debug_info</name>
         <load_address>0xe305</load_address>
         <run_address>0xe305</run_address>
         <size>0x1df</size>
         <input_file_ref idref="fl-150"/>
      </object_component>
      <object_component id="oc-2b6">
         <name>.debug_info</name>
         <load_address>0xe4e4</load_address>
         <run_address>0xe4e4</run_address>
         <size>0x105</size>
         <input_file_ref idref="fl-14e"/>
      </object_component>
      <object_component id="oc-2c6">
         <name>.debug_info</name>
         <load_address>0xe5e9</load_address>
         <run_address>0xe5e9</run_address>
         <size>0x10d</size>
         <input_file_ref idref="fl-150"/>
      </object_component>
      <object_component id="oc-2ef">
         <name>.debug_info</name>
         <load_address>0xe6f6</load_address>
         <run_address>0xe6f6</run_address>
         <size>0x91</size>
      </object_component>
      <object_component id="oc-10">
         <name>.debug_pubnames</name>
         <load_address>0x0</load_address>
         <run_address>0x0</run_address>
         <size>0x23</size>
         <input_file_ref idref="fl-3"/>
      </object_component>
      <object_component id="oc-14">
         <name>.debug_pubnames</name>
         <load_address>0x23</load_address>
         <run_address>0x23</run_address>
         <size>0x1f</size>
         <input_file_ref idref="fl-13a"/>
      </object_component>
      <object_component id="oc-1a">
         <name>.debug_pubnames</name>
         <load_address>0x42</load_address>
         <run_address>0x42</run_address>
         <size>0x2b</size>
         <input_file_ref idref="fl-13b"/>
      </object_component>
      <object_component id="oc-20">
         <name>.debug_pubnames</name>
         <load_address>0x6d</load_address>
         <run_address>0x6d</run_address>
         <size>0x25</size>
         <input_file_ref idref="fl-13d"/>
      </object_component>
      <object_component id="oc-25">
         <name>.debug_pubnames</name>
         <load_address>0x92</load_address>
         <run_address>0x92</run_address>
         <size>0x2c</size>
         <input_file_ref idref="fl-13c"/>
      </object_component>
      <object_component id="oc-2c">
         <name>.debug_pubnames</name>
         <load_address>0xbe</load_address>
         <run_address>0xbe</run_address>
         <size>0x4c</size>
         <input_file_ref idref="fl-3"/>
      </object_component>
      <object_component id="oc-33">
         <name>.debug_pubnames</name>
         <load_address>0x10a</load_address>
         <run_address>0x10a</run_address>
         <size>0x35</size>
         <input_file_ref idref="fl-a"/>
      </object_component>
      <object_component id="oc-3c">
         <name>.debug_pubnames</name>
         <load_address>0x13f</load_address>
         <run_address>0x13f</run_address>
         <size>0x37</size>
         <input_file_ref idref="fl-14a"/>
      </object_component>
      <object_component id="oc-3f">
         <name>.debug_pubnames</name>
         <load_address>0x176</load_address>
         <run_address>0x176</run_address>
         <size>0x21</size>
         <input_file_ref idref="fl-149"/>
      </object_component>
      <object_component id="oc-47">
         <name>.debug_pubnames</name>
         <load_address>0x197</load_address>
         <run_address>0x197</run_address>
         <size>0x35</size>
         <input_file_ref idref="fl-13e"/>
      </object_component>
      <object_component id="oc-4b">
         <name>.debug_pubnames</name>
         <load_address>0x1cc</load_address>
         <run_address>0x1cc</run_address>
         <size>0x23</size>
         <input_file_ref idref="fl-145"/>
      </object_component>
      <object_component id="oc-50">
         <name>.debug_pubnames</name>
         <load_address>0x1ef</load_address>
         <run_address>0x1ef</run_address>
         <size>0x1d</size>
         <input_file_ref idref="fl-144"/>
      </object_component>
      <object_component id="oc-64">
         <name>.debug_pubnames</name>
         <load_address>0x20c</load_address>
         <run_address>0x20c</run_address>
         <size>0x2f</size>
         <input_file_ref idref="fl-13c"/>
      </object_component>
      <object_component id="oc-71">
         <name>.debug_pubnames</name>
         <load_address>0x23b</load_address>
         <run_address>0x23b</run_address>
         <size>0x2d</size>
         <input_file_ref idref="fl-14e"/>
      </object_component>
      <object_component id="oc-79">
         <name>.debug_pubnames</name>
         <load_address>0x268</load_address>
         <run_address>0x268</run_address>
         <size>0x25</size>
         <input_file_ref idref="fl-14d"/>
      </object_component>
      <object_component id="oc-7e">
         <name>.debug_pubnames</name>
         <load_address>0x28d</load_address>
         <run_address>0x28d</run_address>
         <size>0x23</size>
         <input_file_ref idref="fl-14d"/>
      </object_component>
      <object_component id="oc-84">
         <name>.debug_pubnames</name>
         <load_address>0x2b0</load_address>
         <run_address>0x2b0</run_address>
         <size>0x26</size>
         <input_file_ref idref="fl-14f"/>
      </object_component>
      <object_component id="oc-8a">
         <name>.debug_pubnames</name>
         <load_address>0x2d6</load_address>
         <run_address>0x2d6</run_address>
         <size>0x25</size>
         <input_file_ref idref="fl-14d"/>
      </object_component>
      <object_component id="oc-90">
         <name>.debug_pubnames</name>
         <load_address>0x2fb</load_address>
         <run_address>0x2fb</run_address>
         <size>0x20</size>
         <input_file_ref idref="fl-14f"/>
      </object_component>
      <object_component id="oc-96">
         <name>.debug_pubnames</name>
         <load_address>0x31b</load_address>
         <run_address>0x31b</run_address>
         <size>0x22</size>
         <input_file_ref idref="fl-14d"/>
      </object_component>
      <object_component id="oc-9c">
         <name>.debug_pubnames</name>
         <load_address>0x33d</load_address>
         <run_address>0x33d</run_address>
         <size>0x79</size>
         <input_file_ref idref="fl-6"/>
      </object_component>
      <object_component id="oc-a1">
         <name>.debug_pubnames</name>
         <load_address>0x3b6</load_address>
         <run_address>0x3b6</run_address>
         <size>0x30</size>
         <input_file_ref idref="fl-9"/>
      </object_component>
      <object_component id="oc-a8">
         <name>.debug_pubnames</name>
         <load_address>0x3e6</load_address>
         <run_address>0x3e6</run_address>
         <size>0x2f</size>
         <input_file_ref idref="fl-8"/>
      </object_component>
      <object_component id="oc-ae">
         <name>.debug_pubnames</name>
         <load_address>0x415</load_address>
         <run_address>0x415</run_address>
         <size>0x33</size>
         <input_file_ref idref="fl-5"/>
      </object_component>
      <object_component id="oc-b3">
         <name>.debug_pubnames</name>
         <load_address>0x448</load_address>
         <run_address>0x448</run_address>
         <size>0x23</size>
         <input_file_ref idref="fl-147"/>
      </object_component>
      <object_component id="oc-b9">
         <name>.debug_pubnames</name>
         <load_address>0x46b</load_address>
         <run_address>0x46b</run_address>
         <size>0x23</size>
         <input_file_ref idref="fl-141"/>
      </object_component>
      <object_component id="oc-be">
         <name>.debug_pubnames</name>
         <load_address>0x48e</load_address>
         <run_address>0x48e</run_address>
         <size>0x23</size>
         <input_file_ref idref="fl-140"/>
      </object_component>
      <object_component id="oc-c1">
         <name>.debug_pubnames</name>
         <load_address>0x4b1</load_address>
         <run_address>0x4b1</run_address>
         <size>0x23</size>
         <input_file_ref idref="fl-13f"/>
      </object_component>
      <object_component id="oc-c7">
         <name>.debug_pubnames</name>
         <load_address>0x4d4</load_address>
         <run_address>0x4d4</run_address>
         <size>0x22</size>
         <input_file_ref idref="fl-142"/>
      </object_component>
      <object_component id="oc-cb">
         <name>.debug_pubnames</name>
         <load_address>0x4f6</load_address>
         <run_address>0x4f6</run_address>
         <size>0x6d</size>
         <input_file_ref idref="fl-4"/>
      </object_component>
      <object_component id="oc-d2">
         <name>.debug_pubnames</name>
         <load_address>0x563</load_address>
         <run_address>0x563</run_address>
         <size>0x8f</size>
         <input_file_ref idref="fl-7"/>
      </object_component>
      <object_component id="oc-d8">
         <name>.debug_pubnames</name>
         <load_address>0x5f2</load_address>
         <run_address>0x5f2</run_address>
         <size>0x23</size>
         <input_file_ref idref="fl-150"/>
      </object_component>
      <object_component id="oc-df">
         <name>.debug_pubnames</name>
         <load_address>0x615</load_address>
         <run_address>0x615</run_address>
         <size>0x24</size>
         <input_file_ref idref="fl-14d"/>
      </object_component>
      <object_component id="oc-e3">
         <name>.debug_pubnames</name>
         <load_address>0x639</load_address>
         <run_address>0x639</run_address>
         <size>0xfd</size>
         <input_file_ref idref="fl-a"/>
      </object_component>
      <object_component id="oc-fc">
         <name>.debug_pubnames</name>
         <load_address>0x736</load_address>
         <run_address>0x736</run_address>
         <size>0x1e</size>
         <input_file_ref idref="fl-14b"/>
      </object_component>
      <object_component id="oc-104">
         <name>.debug_pubnames</name>
         <load_address>0x754</load_address>
         <run_address>0x754</run_address>
         <size>0x1b</size>
         <input_file_ref idref="fl-2"/>
      </object_component>
      <object_component id="oc-10b">
         <name>.debug_pubnames</name>
         <load_address>0x76f</load_address>
         <run_address>0x76f</run_address>
         <size>0x28</size>
         <input_file_ref idref="fl-148"/>
      </object_component>
      <object_component id="oc-10e">
         <name>.debug_pubnames</name>
         <load_address>0x797</load_address>
         <run_address>0x797</run_address>
         <size>0x3a</size>
         <input_file_ref idref="fl-13e"/>
      </object_component>
      <object_component id="oc-133">
         <name>.debug_pubnames</name>
         <load_address>0x7d1</load_address>
         <run_address>0x7d1</run_address>
         <size>0x1f</size>
         <input_file_ref idref="fl-151"/>
      </object_component>
      <object_component id="oc-13f">
         <name>.debug_pubnames</name>
         <load_address>0x7f0</load_address>
         <run_address>0x7f0</run_address>
         <size>0x77</size>
         <input_file_ref idref="fl-14f"/>
      </object_component>
      <object_component id="oc-147">
         <name>.debug_pubnames</name>
         <load_address>0x867</load_address>
         <run_address>0x867</run_address>
         <size>0x2b</size>
         <input_file_ref idref="fl-150"/>
      </object_component>
      <object_component id="oc-14d">
         <name>.debug_pubnames</name>
         <load_address>0x892</load_address>
         <run_address>0x892</run_address>
         <size>0x22</size>
         <input_file_ref idref="fl-150"/>
      </object_component>
      <object_component id="oc-151">
         <name>.debug_pubnames</name>
         <load_address>0x8b4</load_address>
         <run_address>0x8b4</run_address>
         <size>0x22</size>
         <input_file_ref idref="fl-143"/>
      </object_component>
      <object_component id="oc-15d">
         <name>.debug_pubnames</name>
         <load_address>0x8d6</load_address>
         <run_address>0x8d6</run_address>
         <size>0x1a</size>
         <input_file_ref idref="fl-a"/>
      </object_component>
      <object_component id="oc-164">
         <name>.debug_pubnames</name>
         <load_address>0x8f0</load_address>
         <run_address>0x8f0</run_address>
         <size>0x29</size>
         <input_file_ref idref="fl-14e"/>
      </object_component>
      <object_component id="oc-169">
         <name>.debug_pubnames</name>
         <load_address>0x919</load_address>
         <run_address>0x919</run_address>
         <size>0x38</size>
         <input_file_ref idref="fl-2"/>
      </object_component>
      <object_component id="oc-16b">
         <name>.debug_pubnames</name>
         <load_address>0x951</load_address>
         <run_address>0x951</run_address>
         <size>0x38</size>
         <input_file_ref idref="fl-5"/>
      </object_component>
      <object_component id="oc-16d">
         <name>.debug_pubnames</name>
         <load_address>0x989</load_address>
         <run_address>0x989</run_address>
         <size>0x38</size>
         <input_file_ref idref="fl-6"/>
      </object_component>
      <object_component id="oc-16f">
         <name>.debug_pubnames</name>
         <load_address>0x9c1</load_address>
         <run_address>0x9c1</run_address>
         <size>0x38</size>
         <input_file_ref idref="fl-7"/>
      </object_component>
      <object_component id="oc-171">
         <name>.debug_pubnames</name>
         <load_address>0x9f9</load_address>
         <run_address>0x9f9</run_address>
         <size>0x38</size>
         <input_file_ref idref="fl-8"/>
      </object_component>
      <object_component id="oc-173">
         <name>.debug_pubnames</name>
         <load_address>0xa31</load_address>
         <run_address>0xa31</run_address>
         <size>0x23</size>
         <input_file_ref idref="fl-9"/>
      </object_component>
      <object_component id="oc-175">
         <name>.debug_pubnames</name>
         <load_address>0xa54</load_address>
         <run_address>0xa54</run_address>
         <size>0x23</size>
         <input_file_ref idref="fl-c"/>
      </object_component>
      <object_component id="oc-177">
         <name>.debug_pubnames</name>
         <load_address>0xa77</load_address>
         <run_address>0xa77</run_address>
         <size>0x23</size>
         <input_file_ref idref="fl-b"/>
      </object_component>
      <object_component id="oc-189">
         <name>.debug_pubnames</name>
         <load_address>0xa9a</load_address>
         <run_address>0xa9a</run_address>
         <size>0x25</size>
         <input_file_ref idref="fl-150"/>
      </object_component>
      <object_component id="oc-18e">
         <name>.debug_pubnames</name>
         <load_address>0xabf</load_address>
         <run_address>0xabf</run_address>
         <size>0x2b</size>
         <input_file_ref idref="fl-152"/>
      </object_component>
      <object_component id="oc-194">
         <name>.debug_pubnames</name>
         <load_address>0xaea</load_address>
         <run_address>0xaea</run_address>
         <size>0x2f</size>
         <input_file_ref idref="fl-152"/>
      </object_component>
      <object_component id="oc-19a">
[...]
         <value>0x2c10</value>
      </symbol>
      <symbol id="sm-4">
         <name>__TI_Handler_Table_Base</name>
         <value>0x2be8</value>
      </symbol>
      <symbol id="sm-5">
         <name>__TI_Handler_Table_Limit</name>
         <value>0x2bf4</value>
      </symbol>
      <symbol id="sm-6">
         <name>binit</name>
         <value>0xffffffff</value>
      </symbol>
      <symbol id="sm-7">
         <name>__binit__</name>
         <value>0xffffffff</value>
      </symbol>
      <symbol id="sm-8">
         <name>__STACK_SIZE</name>
         <value>0x200</value>
      </symbol>
      <symbol id="sm-9">
         <name>__STACK_END</name>
         <value>0x20000200</value>
      </symbol>
      <symbol id="sm-a">
         <name>__c_args__</name>
         <value>0xffffffff</value>
      </symbol>
      <symbol id="sm-57">
         <name>ui32SysClock</name>
         <value>0x2000027c</value>
      </symbol>
      <symbol id="sm-58">
         <name>main</name>
         <value>0x1dc1</value>
         <object_component_ref idref="oc-101"/>
      </symbol>
      <symbol id="sm-79">
         <name>ResetISR</name>
         <value>0x288d</value>
         <object_component_ref idref="oc-29"/>
      </symbol>
      <symbol id="sm-7a">
         <name>g_pfnVectors</name>
         <value>0x0</value>
         <object_component_ref idref="oc-e"/>
      </symbol>
      <symbol id="sm-df">
         <name>UARTgetc</name>
         <value>0x9eb</value>
         <object_component_ref idref="oc-c9"/>
      </symbol>
      <symbol id="sm-e0">
         <name>UARTgets</name>
         <value>0x931</value>
         <object_component_ref idref="oc-c9"/>
      </symbol>
      <symbol id="sm-e1">
         <name>UARTStdioConfig</name>
         <value>0x8a5</value>
         <object_component_ref idref="oc-c9"/>
      </symbol>
      <symbol id="sm-e2">
         <name>UARTwrite</name>
         <value>0x8eb</value>
         <object_component_ref idref="oc-c9"/>
      </symbol>
      <symbol id="sm-e3">
         <name>UARTprintf</name>
         <value>0xd0b</value>
         <object_component_ref idref="oc-c9"/>
      </symbol>
      <symbol id="sm-e4">
         <name>UARTvprintf</name>
         <value>0xa11</value>
         <object_component_ref idref="oc-c9"/>
      </symbol>
      <symbol id="sm-f9">
         <name>ADC_Init</name>
         <value>0x20e9</value>
         <object_component_ref idref="oc-aa"/>
      </symbol>
      <symbol id="sm-fa">
         <name>ADC_SampleValue</name>
         <value>0x2129</value>
         <object_component_ref idref="oc-aa"/>
      </symbol>
      <symbol id="sm-146">
         <name>Button_Scan</name>
         <value>0xd6f</value>
         <object_component_ref idref="oc-98"/>
      </symbol>
      <symbol id="sm-147">
         <name>Button_J1</name>
         <value>0xdad</value>
         <object_component_ref idref="oc-98"/>
      </symbol>
      <symbol id="sm-148">
         <name>Button_J3</name>
         <value>0xf9d</value>
         <object_component_ref idref="oc-98"/>
      </symbol>
      <symbol id="sm-149">
         <name>Button_J2</name>
         <value>0xe95</value>
         <object_component_ref idref="oc-98"/>
      </symbol>
      <symbol id="sm-14a">
         <name>Button_J4</name>
         <value>0x10d9</value>
         <object_component_ref idref="oc-98"/>
      </symbol>
      <symbol id="sm-14b">
         <name>Button_Init</name>
         <value>0xd41</value>
         <object_component_ref idref="oc-98"/>
      </symbol>
      <symbol id="sm-14c">
         <name>Button_run</name>
         <value>0x10fd</value>
         <object_component_ref idref="oc-98"/>
      </symbol>
      <symbol id="sm-191">
         <name>WriteNum</name>
         <value>0x481</value>
         <object_component_ref idref="oc-cf"/>
      </symbol>
      <symbol id="sm-192">
         <name>Write1byte</name>
         <value>0x293</value>
         <object_component_ref idref="oc-cf"/>
      </symbol>
      <symbol id="sm-193">
         <name>WriteChar</name>
         <value>0x3c9</value>
         <object_component_ref idref="oc-cf"/>
      </symbol>
      <symbol id="sm-194">
         <name>WriteStr</name>
         <value>0x34d</value>
         <object_component_ref idref="oc-cf"/>
      </symbol>
      <symbol id="sm-195">
         <name>init_12864IO</name>
         <value>0x23b</value>
         <object_component_ref idref="oc-cf"/>
      </symbol>
      <symbol id="sm-196">
         <name>init_12864</name>
         <value>0x439</value>
         <object_component_ref idref="oc-cf"/>
      </symbol>
      <symbol id="sm-197">
         <name>delay_Nms</name>
         <value>0x209</value>
         <object_component_ref idref="oc-cf"/>
      </symbol>
      <symbol id="sm-198">
         <name>W_RS</name>
         <value>0x2ff</value>
         <object_component_ref idref="oc-cf"/>
      </symbol>
      <symbol id="sm-199">
         <name>WriteFloat</name>
         <value>0x5cd</value>
         <object_component_ref idref="oc-cf"/>
      </symbol>
      <symbol id="sm-1c7">
         <name>PID_Init</name>
         <value>0x11b9</value>
         <object_component_ref idref="oc-a4"/>
      </symbol>
      <symbol id="sm-1c8">
         <name>PID_realize</name>
         <value>0x122b</value>
         <object_component_ref idref="oc-a4"/>
      </symbol>
      <symbol id="sm-1db">
         <name>DelayMs</name>
         <value>0x269d</value>
         <object_component_ref idref="oc-9e"/>
      </symbol>
      <symbol id="sm-1dc">
         <name>SysClock_Init</name>
         <value>0x268d</value>
         <object_component_ref idref="oc-9e"/>
      </symbol>
      <symbol id="sm-20e">
         <name>TimerCounter</name>
         <value>0x2000025c</value>
      </symbol>
      <symbol id="sm-20f">
         <name>TimerIntFlag</name>
         <value>0x20000282</value>
      </symbol>
      <symbol id="sm-210">
         <name>Flag</name>
         <value>0x20000280</value>
      </symbol>
      <symbol id="sm-211">
         <name>Label</name>
         <value>0x20000281</value>
      </symbol>
      <symbol id="sm-212">
         <name>Vout</name>
         <value>0x20000260</value>
      </symbol>
      <symbol id="sm-213">
         <name>temp</name>
         <value>0x20000270</value>
      </symbol>
      <symbol id="sm-214">
         <name>tempz</name>
         <value>0x20000274</value>
      </symbol>
      <symbol id="sm-215">
         <name>settemp1</name>
         <value>0x20000268</value>
      </symbol>
      <symbol id="sm-216">
         <name>T_set</name>
         <value>0x20000254</value>
      </symbol>
      <symbol id="sm-217">
         <name>T_temp</name>
         <value>0x20000258</value>
      </symbol>
      <symbol id="sm-218">
         <name>tempc</name>
         <value>0x20000234</value>
      </symbol>
      <symbol id="sm-219">
         <name>speeda</name>
         <value>0x2000026c</value>
      </symbol>
      <symbol id="sm-21a">
         <name>ton</name>
         <value>0x20000278</value>
      </symbol>
      <symbol id="sm-21b">
         <name>P_temp</name>
         <value>0x20000250</value>
      </symbol>
      <symbol id="sm-21c">
         <name>I_temp</name>
         <value>0x2000024c</value>
      </symbol>
      <symbol id="sm-21d">
         <name>D_temp</name>
         <value>0x20000248</value>
      </symbol>
      <symbol id="sm-21e">
         <name>pidbz</name>
         <value>0x20000264</value>
      </symbol>
      <symbol id="sm-21f">
         <name>TIMER_Init</name>
         <value>0x1441</value>
         <object_component_ref idref="oc-2f"/>
      </symbol>
      <symbol id="sm-220">
         <name>TIMER0B_Handler</name>
         <value>0x1491</value>
         <object_component_ref idref="oc-2f"/>
      </symbol>
      <symbol id="sm-221">
         <name>pid</name>
         <value>0x20000200</value>
         <object_component_ref idref="oc-15b"/>
      </symbol>
      <symbol id="sm-232">
         <name>UART_Init</name>
         <value>0x25b5</value>
         <object_component_ref idref="oc-212"/>
      </symbol>
      <symbol id="sm-245">
         <name>LED_Off</name>
         <value>0x244f</value>
         <object_component_ref idref="oc-20c"/>
      </symbol>
      <symbol id="sm-246">
         <name>LED_Init</name>
         <value>0x2429</value>
         <object_component_ref idref="oc-20c"/>
      </symbol>
      <symbol id="sm-247">
         <name>LED_On</name>
         <value>0x243b</value>
         <object_component_ref idref="oc-20c"/>
      </symbol>
      <symbol id="sm-257">
         <name>_c_int00</name>
         <value>0x23e1</value>
         <object_component_ref idref="oc-11"/>
      </symbol>
      <symbol id="sm-258">
         <name>__stack</name>
         <value>0x20000000</value>
         <object_component_ref idref="oc-28"/>
      </symbol>
      <symbol id="sm-26f">
         <name>__TI_decompress_none</name>
         <value>0x2873</value>
         <object_component_ref idref="oc-16"/>
      </symbol>
      <symbol id="sm-293">
         <name>__TI_decompress_rle24</name>
         <value>0x28db</value>
         <object_component_ref idref="oc-22"/>
      </symbol>
      <symbol id="sm-2a7">
         <name>__TI_zero_init</name>
         <value>0x2845</value>
         <object_component_ref idref="oc-1c"/>
      </symbol>
      <symbol id="sm-2c6">
         <name>C$$EXIT</name>
         <value>0x24b1</value>
         <object_component_ref idref="oc-43"/>
      </symbol>
      <symbol id="sm-2c7">
         <name>abort</name>
         <value>0x24b5</value>
         <object_component_ref idref="oc-43"/>
      </symbol>
      <symbol id="sm-2c8">
         <name>exit</name>
         <value>0x24bd</value>
         <object_component_ref idref="oc-43"/>
      </symbol>
      <symbol id="sm-2c9">
         <name>__TI_dtors_ptr</name>
         <value>0x20000290</value>
         <object_component_ref idref="oc-10c"/>
      </symbol>
      <symbol id="sm-2ca">
         <name>__TI_cleanup_ptr</name>
         <value>0x2000028c</value>
         <object_component_ref idref="oc-10c"/>
      </symbol>
      <symbol id="sm-2e1">
         <name>__aeabi_dsub</name>
         <value>0x188d</value>
         <object_component_ref idref="oc-bf"/>
      </symbol>
      <symbol id="sm-2e2">
         <name>__aeabi_dadd</name>
         <value>0x1897</value>
         <object_component_ref idref="oc-bf"/>
      </symbol>
      <symbol id="sm-2f6">
         <name>__aeabi_ddiv</name>
         <value>0x1a43</value>
         <object_component_ref idref="oc-ba"/>
      </symbol>
      <symbol id="sm-301">
         <name>__aeabi_dmul</name>
         <value>0x1ebd</value>
         <object_component_ref idref="oc-b5"/>
      </symbol>
      <symbol id="sm-30b">
         <name>__aeabi_d2f</name>
         <value>0x2305</value>
         <object_component_ref idref="oc-c4"/>
      </symbol>
      <symbol id="sm-316">
         <name>__aeabi_f2d</name>
         <value>0x25ed</value>
         <object_component_ref idref="oc-14f"/>
      </symbol>
      <symbol id="sm-331">
         <name>memcpy</name>
         <value>0x1fb9</value>
         <object_component_ref idref="oc-4d"/>
      </symbol>
      <symbol id="sm-332">
         <name>__aeabi_memcpy</name>
         <value>0x1fb9</value>
         <object_component_ref idref="oc-4d"/>
      </symbol>
      <symbol id="sm-333">
         <name>__aeabi_memcpy8</name>
         <value>0x1fb9</value>
         <object_component_ref idref="oc-4d"/>
      </symbol>
      <symbol id="sm-334">
         <name>__aeabi_memcpy4</name>
         <value>0x1fb9</value>
         <object_component_ref idref="oc-4d"/>
      </symbol>
      <symbol id="sm-33c">
         <name>main_func_sp</name>
         <value>0x2000029c</value>
         <object_component_ref idref="oc-49"/>
      </symbol>
      <symbol id="sm-34c">
         <name>__aeabi_uidivmod</name>
         <value>0x24f5</value>
         <object_component_ref idref="oc-1df"/>
      </symbol>
      <symbol id="sm-356">
         <name>__aeabi_ui2d</name>
         <value>0x2715</value>
         <object_component_ref idref="oc-b0"/>
      </symbol>
      <symbol id="sm-36f">
         <name>_nop</name>
         <value>0x27f7</value>
         <object_component_ref idref="oc-221"/>
      </symbol>
      <symbol id="sm-370">
         <name>_lock</name>
         <value>0x20000284</value>
         <object_component_ref idref="oc-109"/>
      </symbol>
      <symbol id="sm-371">
         <name>_unlock</name>
         <value>0x20000288</value>
         <object_component_ref idref="oc-109"/>
      </symbol>
      <symbol id="sm-372">
         <name>_register_lock</name>
         <value>0x27ef</value>
         <object_component_ref idref="oc-221"/>
      </symbol>
      <symbol id="sm-373">
         <name>_register_unlock</name>
         <value>0x27e9</value>
         <object_component_ref idref="oc-221"/>
      </symbol>
      <symbol id="sm-387">
         <name>_args_main</name>
         <value>0x27a5</value>
         <object_component_ref idref="oc-3d"/>
      </symbol>
      <symbol id="sm-3a4">
         <name>__TI_auto_init</name>
         <value>0x2055</value>
         <object_component_ref idref="oc-38"/>
      </symbol>
      <symbol id="sm-3bd">
         <name>copy_in</name>
         <value>0x246d</value>
         <object_component_ref idref="oc-fa"/>
      </symbol>
      <symbol id="sm-400">
         <name>UARTConfigSetExpClk</name>
         <value>0x2537</value>
         <object_component_ref idref="oc-1c1"/>
      </symbol>
      <symbol id="sm-401">
         <name>UARTDisable</name>
         <value>0x2755</value>
         <object_component_ref idref="oc-283"/>
      </symbol>
      <symbol id="sm-402">
         <name>UARTCharPut</name>
         <value>0x28b7</value>
         <object_component_ref idref="oc-1cd"/>
      </symbol>
      <symbol id="sm-403">
         <name>UARTEnable</name>
         <value>0x27d3</value>
         <object_component_ref idref="oc-1c7"/>
      </symbol>
      <symbol id="sm-404">
         <name>UARTCharGet</name>
         <value>0x28ad</value>
         <object_component_ref idref="oc-1d3"/>
      </symbol>
      <symbol id="sm-437">
         <name>TimerLoadSet</name>
         <value>0x2833</value>
         <object_component_ref idref="oc-7a"/>
      </symbol>
      <symbol id="sm-438">
         <name>TimerEnable</name>
         <value>0x2865</value>
         <object_component_ref idref="oc-92"/>
      </symbol>
      <symbol id="sm-439">
         <name>TimerIntEnable</name>
         <value>0x28c1</value>
         <object_component_ref idref="oc-86"/>
      </symbol>
      <symbol id="sm-43a">
         <name>TimerConfigure</name>
         <value>0x22a9</value>
         <object_component_ref idref="oc-74"/>
      </symbol>
      <symbol id="sm-43b">
         <name>TimerIntClear</name>
         <value>0x28e1</value>
         <object_component_ref idref="oc-db"/>
      </symbol>
      <symbol id="sm-4dd">
         <name>SysCtlPeripheralPresent</name>
         <value>0x2659</value>
         <object_component_ref idref="oc-1bb"/>
      </symbol>
      <symbol id="sm-4de">
         <name>SysCtlDelay</name>
         <value>0x28d5</value>
         <object_component_ref idref="oc-166"/>
      </symbol>
      <symbol id="sm-4df">
         <name>SysCtlPeripheralEnable</name>
         <value>0x2625</value>
         <object_component_ref idref="oc-6e"/>
      </symbol>
      <symbol id="sm-4e0">
         <name>SysCtlClockGet</name>
         <value>0x1ca9</value>
         <object_component_ref idref="oc-1eb"/>
      </symbol>
      <symbol id="sm-4e1">
         <name>SysCtlClockFreqSet</name>
         <value>0x1691</value>
         <object_component_ref idref="oc-160"/>
      </symbol>
      <symbol id="sm-50f">
         <name>IntEnable</name>
         <value>0x21e9</value>
         <object_component_ref idref="oc-8c"/>
      </symbol>
      <symbol id="sm-510">
         <name>IntMasterEnable</name>
         <value>0x28a3</value>
         <object_component_ref idref="oc-80"/>
      </symbol>
      <symbol id="sm-570">
         <name>GPIOPinConfigure</name>
         <value>0x2351</value>
         <object_component_ref idref="oc-2a2"/>
      </symbol>
      <symbol id="sm-571">
         <name>GPIOPinTypeADC</name>
         <value>0x27fd</value>
         <object_component_ref idref="oc-185"/>
      </symbol>
      <symbol id="sm-572">
         <name>GPIOPinTypeGPIOInput</name>
         <value>0x280f</value>
         <object_component_ref idref="oc-143"/>
      </symbol>
      <symbol id="sm-573">
         <name>GPIOPinTypeUART</name>
         <value>0x2821</value>
         <object_component_ref idref="oc-2a8"/>
      </symbol>
      <symbol id="sm-574">
         <name>GPIOPinTypeGPIOOutput</name>
         <value>0x278d</value>
         <object_component_ref idref="oc-1f1"/>
      </symbol>
      <symbol id="sm-575">
         <name>GPIOPinRead</name>
         <value>0x28c9</value>
         <object_component_ref idref="oc-149"/>
      </symbol>
      <symbol id="sm-576">
         <name>GPIODirModeSet</name>
         <value>0x26eb</value>
         <object_component_ref idref="oc-23d"/>
      </symbol>
      <symbol id="sm-577">
         <name>GPIOPinWrite</name>
         <value>0x28cf</value>
         <object_component_ref idref="oc-d5"/>
      </symbol>
      <symbol id="sm-578">
         <name>GPIOPadConfigSet</name>
         <value>0x1b79</value>
         <object_component_ref idref="oc-243"/>
      </symbol>
      <symbol id="sm-582">
         <name>CPUcpsie</name>
         <value>0x2881</value>
         <object_component_ref idref="oc-130"/>
      </symbol>
      <symbol id="sm-5cc">
         <name>ADCProcessorTrigger</name>
         <value>0x27bd</value>
         <object_component_ref idref="oc-1a3"/>
      </symbol>
      <symbol id="sm-5cd">
         <name>ADCSequenceEnable</name>
         <value>0x2857</value>
         <object_component_ref idref="oc-197"/>
      </symbol>
      <symbol id="sm-5ce">
         <name>ADCSequenceConfigure</name>
         <value>0x2577</value>
         <object_component_ref idref="oc-18b"/>
      </symbol>
      <symbol id="sm-5cf">
         <name>ADCSequenceStepConfigure</name>
         <value>0x2169</value>
         <object_component_ref idref="oc-191"/>
      </symbol>
      <symbol id="sm-5d0">
         <name>ADCIntClear</name>
         <value>0x2899</value>
         <object_component_ref idref="oc-19d"/>
      </symbol>
      <symbol id="sm-5d1">
         <name>ADCIntStatus</name>
         <value>0x26bd</value>
         <object_component_ref idref="oc-1a9"/>
      </symbol>
      <symbol id="sm-5d2">
         <name>ADCSequenceDataGet</name>
         <value>0x2735</value>
         <object_component_ref idref="oc-1af"/>
      </symbol>
      <symbol id="sm-5d3">
         <name>__TI_static_base__</name>
         <value>0x0</value>
      </symbol>
      <symbol id="sm-5d4">
         <name>__TI_args_main</name>
         <value>0x1</value>
      </symbol>
      <symbol id="sm-5d5">
         <name>SHT$$INIT_ARRAY$$Limit</name>
         <value>0x0</value>
      </symbol>
      <symbol id="sm-5d6">
         <name>SHT$$INIT_ARRAY$$Base</name>
         <value>0x0</value>
      </symbol>
   </symbol_table>
   <title>Link successful</title>
</link_info>
