******************************************************************************
                  TI ARM Linker PC v5.1.6                      
******************************************************************************
>> Linked Wed Dec 30 05:21:37 2015

OUTPUT FILE NAME:   <TIM4C_BUTTON.out>
ENTRY POINT SYMBOL: "_c_int00"  address: 00000ccd


MEMORY CONFIGURATION

         name            origin    length      used     unused   attr    fill
----------------------  --------  ---------  --------  --------  ----  --------
  FLASH                 00000000   00100000  000010ac  000fef54  R  X
  SRAM                  20000000   00040000  00000214  0003fdec  RW X


SEGMENT ALLOCATION MAP

run origin  load origin   length   init length attrs members
----------  ----------- ---------- ----------- ----- -------
00000000    00000000    000010b0   000010b0    r-x
  00000000    00000000    00000208   00000208    r-- .intvecs
  00000208    00000208    00000cc0   00000cc0    r-x .text
  00000ec8    00000ec8    000001c4   000001c4    r-- .const
  00001090    00001090    00000020   00000020    r-- .cinit
20000000    20000000    00000214   00000000    rw-
  20000000    20000000    00000200   00000000    rw- .stack
  20000200    20000200    00000014   00000000    rw- .data


SECTION ALLOCATION MAP

 output                                  attributes/
section   page    origin      length       input sections
--------  ----  ----------  ----------   ----------------
.intvecs   0    00000000    00000208     
                  00000000    00000208     tm4c1292ncpdt_startup_ccs.obj (.intvecs)

.init_array 
*          0    00000000    00000000     UNINITIALIZED

.text      0    00000208    00000cc0     
                  00000208    000002ec     Button.obj (.text)
                  000004f4    00000260     GPIO.obj (.text)
                  00000754    000001fc     driverlib.lib : sysctl.obj (.text:SysCtlClockFreqSet)
                  00000950    00000130                   : gpio.obj (.text:GPIOPadConfigSet)
                  00000a80    0000009c     rtsv7M4_T_le_v4SPD16_eabi.lib : memcpy_t2.obj (.text)
                  00000b1c    00000094                                   : auto_init.obj (.text)
                  00000bb0    00000074     main.obj (.text)
                  00000c24    0000005e     rtsv7M4_T_le_v4SPD16_eabi.lib : copy_decompress_rle.obj (.text)
                  00000c82    00000002     --HOLE-- [fill = 0]
                  00000c84    00000048     driverlib.lib : sysctl.obj (.text:_SysCtlFrequencyGet)
                  00000ccc    00000048     rtsv7M4_T_le_v4SPD16_eabi.lib : boot.obj (.text)
                  00000d14    00000044                                   : cpy_tbl.obj (.text)
                  00000d58    00000044                                   : exit.obj (.text)
                  00000d9c    00000034     driverlib.lib : sysctl.obj (.text:SysCtlPeripheralEnable)
                  00000dd0    0000002a                   : gpio.obj (.text:GPIODirModeSet)
                  00000dfa    00000002     --HOLE-- [fill = 0]
                  00000dfc    00000028     Sys.obj (.text)
                  00000e24    0000001c     driverlib.lib : sysctl.obj (.text:_SysCtlMemTimingGet)
                  00000e40    00000018                   : gpio.obj (.text:GPIOPinTypeGPIOOutput)
                  00000e58    00000018     rtsv7M4_T_le_v4SPD16_eabi.lib : args_main.obj (.text)
                  00000e70    00000014                                   : _lock.obj (.text)
                  00000e84    00000012     driverlib.lib : gpio.obj (.text:GPIOPinTypeGPIOInput)
                  00000e96    0000000e     rtsv7M4_T_le_v4SPD16_eabi.lib : copy_decompress_none.obj (.text:decompress:none)
                  00000ea4    0000000c     tm4c1292ncpdt_startup_ccs.obj (.text)
                  00000eb0    00000006     driverlib.lib : gpio.obj (.text:GPIOPinRead)
                  00000eb6    00000006                   : gpio.obj (.text:GPIOPinWrite)
                  00000ebc    00000006                   : sysctl.obj (.text:SysCtlDelay)
                  00000ec2    00000006     rtsv7M4_T_le_v4SPD16_eabi.lib : copy_decompress_rle.obj (.text:decompress:rle24)

.const     0    00000ec8    000001c4     
                  00000ec8    00000120     driverlib.lib : sysctl.obj (.const:g_pppui32XTALtoVCO)
                  00000fe8    0000006c                   : sysctl.obj (.const:g_pui32Xtals)
                  00001054    00000030                   : sysctl.obj (.const:g_sXTALtoMEMTIM)
                  00001084    00000008                   : sysctl.obj (.const)

.cinit     0    00001090    00000020     
                  00001090    0000000f     (.cinit..data.load) [load image, compression = rle]
                  0000109f    00000001     --HOLE-- [fill = 0]
                  000010a0    00000008     (__TI_handler_table)
                  000010a8    00000008     (__TI_cinit_table)

.stack     0    20000000    00000200     UNINITIALIZED
                  20000000    00000200     --HOLE--

.data      0    20000200    00000014     UNINITIALIZED
                  20000200    00000008     rtsv7M4_T_le_v4SPD16_eabi.lib : _lock.obj (.data)
                  20000208    00000008                                   : exit.obj (.data)
                  20000210    00000004                                   : stkdepth_vars.obj (.data)


LINKER GENERATED COPY TABLES

__TI_cinit_table @ 000010a8 records: 1, size/record: 8, table size: 8
	.data: load addr=00001090, load size=0000000f bytes, run addr=20000200, run size=00000014 bytes, compression=rle


LINKER GENERATED HANDLER TABLE

__TI_handler_table @ 000010a0 records: 2, size/record: 4, table size: 8
	index: 0, handler: __TI_decompress_rle24
	index: 1, handler: __TI_decompress_none


GLOBAL SYMBOLS: SORTED ALPHABETICALLY BY Name 

address    name
--------   ----
00000209   Button_Init
0000025b   Button_Scan
000003a5   Button_SearchKeyValue
00000d59   C$$EXIT
00000e09   DelayMs
00000dd1   GPIODirModeSet
00000951   GPIOPadConfigSet
00000eb1   GPIOPinRead
00000e85   GPIOPinTypeGPIOInput
00000e41   GPIOPinTypeGPIOOutput
00000eb7   GPIOPinWrite
000005e9   LED_AllRight
0000063d   LED_AllRim
000004f5   LED_Init
00000515   LED_RunningLight
00000691   LED_Twinkle
00000ea5   ResetISR
UNDEFED    SHT$$INIT_ARRAY$$Base
UNDEFED    SHT$$INIT_ARRAY$$Limit
00000dfd   SysClock_Init
00000755   SysCtlClockFreqSet
00000ebd   SysCtlDelay
00000d9d   SysCtlPeripheralEnable
20000200   __STACK_END
00000200   __STACK_SIZE
20000200   __STACK_TOP
000010a8   __TI_CINIT_Base
000010b0   __TI_CINIT_Limit
000010a0   __TI_Handler_Table_Base
000010a8   __TI_Handler_Table_Limit
00000001   __TI_args_main
00000b1d   __TI_auto_init
20000208   __TI_cleanup_ptr
00000e97   __TI_decompress_none
00000ec3   __TI_decompress_rle24
2000020c   __TI_dtors_ptr
00000000   __TI_static_base__
00000a81   __aeabi_memcpy
00000a81   __aeabi_memcpy4
00000a81   __aeabi_memcpy8
ffffffff   __binit__
ffffffff   __c_args__
20000000   __stack
00000e59   _args_main
00000ccd   _c_int00
20000200   _lock
00000e7f   _nop
00000e77   _register_lock
00000e71   _register_unlock
20000204   _unlock
00000d5d   abort
ffffffff   binit
00000d15   copy_in
00000d65   exit
00000000   g_pfnVectors
00000bb1   main
20000210   main_func_sp
00000a81   memcpy


GLOBAL SYMBOLS: SORTED BY Symbol Address 

address    name
--------   ----
00000000   __TI_static_base__
00000000   g_pfnVectors
00000001   __TI_args_main
00000200   __STACK_SIZE
00000209   Button_Init
0000025b   Button_Scan
000003a5   Button_SearchKeyValue
000004f5   LED_Init
00000515   LED_RunningLight
000005e9   LED_AllRight
0000063d   LED_AllRim
00000691   LED_Twinkle
00000755   SysCtlClockFreqSet
00000951   GPIOPadConfigSet
00000a81   __aeabi_memcpy
00000a81   __aeabi_memcpy4
00000a81   __aeabi_memcpy8
00000a81   memcpy
00000b1d   __TI_auto_init
00000bb1   main
00000ccd   _c_int00
00000d15   copy_in
00000d59   C$$EXIT
00000d5d   abort
00000d65   exit
00000d9d   SysCtlPeripheralEnable
00000dd1   GPIODirModeSet
00000dfd   SysClock_Init
00000e09   DelayMs
00000e41   GPIOPinTypeGPIOOutput
00000e59   _args_main
00000e71   _register_unlock
00000e77   _register_lock
00000e7f   _nop
00000e85   GPIOPinTypeGPIOInput
00000e97   __TI_decompress_none
00000ea5   ResetISR
00000eb1   GPIOPinRead
00000eb7   GPIOPinWrite
00000ebd   SysCtlDelay
00000ec3   __TI_decompress_rle24
000010a0   __TI_Handler_Table_Base
000010a8   __TI_CINIT_Base
000010a8   __TI_Handler_Table_Limit
000010b0   __TI_CINIT_Limit
20000000   __stack
20000200   __STACK_END
20000200   __STACK_TOP
20000200   _lock
20000204   _unlock
20000208   __TI_cleanup_ptr
2000020c   __TI_dtors_ptr
20000210   main_func_sp
ffffffff   __binit__
ffffffff   __c_args__
ffffffff   binit
UNDEFED    SHT$$INIT_ARRAY$$Base
UNDEFED    SHT$$INIT_ARRAY$$Limit

[58 symbols]
